build	Set up job	ï»¿2026-01-08T10:10:12.1746782Z Current runner version: '2.330.0'
build	Set up job	2026-01-08T10:10:12.1782193Z ##[group]Runner Image Provisioner
build	Set up job	2026-01-08T10:10:12.1783501Z Hosted Compute Agent
build	Set up job	2026-01-08T10:10:12.1784374Z Version: 20251211.462
build	Set up job	2026-01-08T10:10:12.1785522Z Commit: 6cbad8c2bb55d58165063d031ccabf57e2d2db61
build	Set up job	2026-01-08T10:10:12.1786718Z Build Date: 2025-12-11T16:28:49Z
build	Set up job	2026-01-08T10:10:12.1787747Z Worker ID: {b22d971f-586d-4b41-8e8b-e4e3fcb367c3}
build	Set up job	2026-01-08T10:10:12.1789152Z ##[endgroup]
build	Set up job	2026-01-08T10:10:12.1790347Z ##[group]Operating System
build	Set up job	2026-01-08T10:10:12.1791368Z Ubuntu
build	Set up job	2026-01-08T10:10:12.1792353Z 24.04.3
build	Set up job	2026-01-08T10:10:12.1793181Z LTS
build	Set up job	2026-01-08T10:10:12.1793909Z ##[endgroup]
build	Set up job	2026-01-08T10:10:12.1794955Z ##[group]Runner Image
build	Set up job	2026-01-08T10:10:12.1795881Z Image: ubuntu-24.04
build	Set up job	2026-01-08T10:10:12.1796669Z Version: 20251215.174.1
build	Set up job	2026-01-08T10:10:12.1798563Z Included Software: https://github.com/actions/runner-images/blob/ubuntu24/20251215.174/images/ubuntu/Ubuntu2404-Readme.md
build	Set up job	2026-01-08T10:10:12.1801295Z Image Release: https://github.com/actions/runner-images/releases/tag/ubuntu24%2F20251215.174
build	Set up job	2026-01-08T10:10:12.1803485Z ##[endgroup]
build	Set up job	2026-01-08T10:10:12.1805530Z ##[group]GITHUB_TOKEN Permissions
build	Set up job	2026-01-08T10:10:12.1808077Z Contents: read
build	Set up job	2026-01-08T10:10:12.1809410Z Metadata: read
build	Set up job	2026-01-08T10:10:12.1810535Z Packages: read
build	Set up job	2026-01-08T10:10:12.1811302Z ##[endgroup]
build	Set up job	2026-01-08T10:10:12.1814635Z Secret source: Actions
build	Set up job	2026-01-08T10:10:12.1816092Z Prepare workflow directory
build	Set up job	2026-01-08T10:10:12.2294925Z Prepare all required actions
build	Set up job	2026-01-08T10:10:12.2353528Z Getting action download info
build	Set up job	2026-01-08T10:10:12.4719196Z Download action repository 'actions/checkout@v3' (SHA:f43a0e5ff2bd294095638e18286ca9a3d1956744)
build	Set up job	2026-01-08T10:10:12.5836965Z Download action repository 'actions/setup-java@v3' (SHA:17f84c3641ba7b8f6deff6309fc4c864478f5d62)
build	Set up job	2026-01-08T10:10:12.8565679Z Download action repository 'gradle/gradle-build-action@v2' (SHA:a8f75513eafdebd8141bd1cd4e30fcd194af8dfa)
build	Set up job	2026-01-08T10:10:13.3424283Z Complete job name: build
build	Run actions/checkout@v3	ï»¿2026-01-08T10:10:13.4138147Z ##[group]Run actions/checkout@v3
build	Run actions/checkout@v3	2026-01-08T10:10:13.4139091Z with:
build	Run actions/checkout@v3	2026-01-08T10:10:13.4139554Z   repository: ImL1s/web3-kmp
build	Run actions/checkout@v3	2026-01-08T10:10:13.4140473Z   token: ***
build	Run actions/checkout@v3	2026-01-08T10:10:13.4140917Z   ssh-strict: true
build	Run actions/checkout@v3	2026-01-08T10:10:13.4141374Z   persist-credentials: true
build	Run actions/checkout@v3	2026-01-08T10:10:13.4141870Z   clean: true
build	Run actions/checkout@v3	2026-01-08T10:10:13.4142306Z   sparse-checkout-cone-mode: true
build	Run actions/checkout@v3	2026-01-08T10:10:13.4142852Z   fetch-depth: 1
build	Run actions/checkout@v3	2026-01-08T10:10:13.4143295Z   fetch-tags: false
build	Run actions/checkout@v3	2026-01-08T10:10:13.4143727Z   lfs: false
build	Run actions/checkout@v3	2026-01-08T10:10:13.4144147Z   submodules: false
build	Run actions/checkout@v3	2026-01-08T10:10:13.4144606Z   set-safe-directory: true
build	Run actions/checkout@v3	2026-01-08T10:10:13.4145362Z ##[endgroup]
build	Run actions/checkout@v3	2026-01-08T10:10:13.5010654Z Syncing repository: ImL1s/web3-kmp
build	Run actions/checkout@v3	2026-01-08T10:10:13.5012688Z ##[group]Getting Git version info
build	Run actions/checkout@v3	2026-01-08T10:10:13.5013502Z Working directory is '/home/runner/work/web3-kmp/web3-kmp'
build	Run actions/checkout@v3	2026-01-08T10:10:13.5014680Z [command]/usr/bin/git version
build	Run actions/checkout@v3	2026-01-08T10:10:13.5097710Z git version 2.52.0
build	Run actions/checkout@v3	2026-01-08T10:10:13.5125311Z ##[endgroup]
build	Run actions/checkout@v3	2026-01-08T10:10:13.5140095Z Temporarily overriding HOME='/home/runner/work/_temp/60c36be0-5ae0-4186-9d31-5a4594842592' before making global git config changes
build	Run actions/checkout@v3	2026-01-08T10:10:13.5142521Z Adding repository directory to the temporary git global config as a safe directory
build	Run actions/checkout@v3	2026-01-08T10:10:13.5144690Z [command]/usr/bin/git config --global --add safe.directory /home/runner/work/web3-kmp/web3-kmp
build	Run actions/checkout@v3	2026-01-08T10:10:13.5184583Z Deleting the contents of '/home/runner/work/web3-kmp/web3-kmp'
build	Run actions/checkout@v3	2026-01-08T10:10:13.5188325Z ##[group]Initializing the repository
build	Run actions/checkout@v3	2026-01-08T10:10:13.5191266Z [command]/usr/bin/git init /home/runner/work/web3-kmp/web3-kmp
build	Run actions/checkout@v3	2026-01-08T10:10:13.5303485Z hint: Using 'master' as the name for the initial branch. This default branch name
build	Run actions/checkout@v3	2026-01-08T10:10:13.5305017Z hint: will change to "main" in Git 3.0. To configure the initial branch name
build	Run actions/checkout@v3	2026-01-08T10:10:13.5306165Z hint: to use in all of your new repositories, which will suppress this warning,
build	Run actions/checkout@v3	2026-01-08T10:10:13.5307098Z hint: call:
build	Run actions/checkout@v3	2026-01-08T10:10:13.5308368Z hint:
build	Run actions/checkout@v3	2026-01-08T10:10:13.5309385Z hint: 	git config --global init.defaultBranch <name>
build	Run actions/checkout@v3	2026-01-08T10:10:13.5310797Z hint:
build	Run actions/checkout@v3	2026-01-08T10:10:13.5312336Z hint: Names commonly chosen instead of 'master' are 'main', 'trunk' and
build	Run actions/checkout@v3	2026-01-08T10:10:13.5314209Z hint: 'development'. The just-created branch can be renamed via this command:
build	Run actions/checkout@v3	2026-01-08T10:10:13.5315741Z hint:
build	Run actions/checkout@v3	2026-01-08T10:10:13.5316615Z hint: 	git branch -m <name>
build	Run actions/checkout@v3	2026-01-08T10:10:13.5317493Z hint:
build	Run actions/checkout@v3	2026-01-08T10:10:13.5318654Z hint: Disable this message with "git config set advice.defaultBranchName false"
build	Run actions/checkout@v3	2026-01-08T10:10:13.5320908Z Initialized empty Git repository in /home/runner/work/web3-kmp/web3-kmp/.git/
build	Run actions/checkout@v3	2026-01-08T10:10:13.5323909Z [command]/usr/bin/git remote add origin https://github.com/ImL1s/web3-kmp
build	Run actions/checkout@v3	2026-01-08T10:10:13.5356457Z ##[endgroup]
build	Run actions/checkout@v3	2026-01-08T10:10:13.5357884Z ##[group]Disabling automatic garbage collection
build	Run actions/checkout@v3	2026-01-08T10:10:13.5359321Z [command]/usr/bin/git config --local gc.auto 0
build	Run actions/checkout@v3	2026-01-08T10:10:13.5387533Z ##[endgroup]
build	Run actions/checkout@v3	2026-01-08T10:10:13.5389000Z ##[group]Setting up auth
build	Run actions/checkout@v3	2026-01-08T10:10:13.5393892Z [command]/usr/bin/git config --local --name-only --get-regexp core\.sshCommand
build	Run actions/checkout@v3	2026-01-08T10:10:13.5422127Z [command]/usr/bin/git submodule foreach --recursive sh -c "git config --local --name-only --get-regexp 'core\.sshCommand' && git config --local --unset-all 'core.sshCommand' || :"
build	Run actions/checkout@v3	2026-01-08T10:10:13.5783738Z [command]/usr/bin/git config --local --name-only --get-regexp http\.https\:\/\/github\.com\/\.extraheader
build	Run actions/checkout@v3	2026-01-08T10:10:13.5814136Z [command]/usr/bin/git submodule foreach --recursive sh -c "git config --local --name-only --get-regexp 'http\.https\:\/\/github\.com\/\.extraheader' && git config --local --unset-all 'http.https://github.com/.extraheader' || :"
build	Run actions/checkout@v3	2026-01-08T10:10:13.6035986Z [command]/usr/bin/git config --local http.https://github.com/.extraheader AUTHORIZATION: basic ***
build	Run actions/checkout@v3	2026-01-08T10:10:13.6069014Z ##[endgroup]
build	Run actions/checkout@v3	2026-01-08T10:10:13.6070848Z ##[group]Fetching the repository
build	Run actions/checkout@v3	2026-01-08T10:10:13.6079130Z [command]/usr/bin/git -c protocol.version=2 fetch --no-tags --prune --progress --no-recurse-submodules --depth=1 origin +f05248ae710dbfe7bf6a53e4ed35a51e4712e457:refs/remotes/origin/master
build	Run actions/checkout@v3	2026-01-08T10:10:13.8103954Z remote: Enumerating objects: 307, done.        
build	Run actions/checkout@v3	2026-01-08T10:10:13.8105758Z remote: Counting objects:   0% (1/307)        
build	Run actions/checkout@v3	2026-01-08T10:10:13.8107356Z remote: Counting objects:   1% (4/307)        
build	Run actions/checkout@v3	2026-01-08T10:10:13.8108494Z remote: Counting objects:   2% (7/307)        
build	Run actions/checkout@v3	2026-01-08T10:10:13.8109457Z remote: Counting objects:   3% (10/307)        
build	Run actions/checkout@v3	2026-01-08T10:10:13.8110371Z remote: Counting objects:   4% (13/307)        
build	Run actions/checkout@v3	2026-01-08T10:10:13.8111050Z remote: Counting objects:   5% (16/307)        
build	Run actions/checkout@v3	2026-01-08T10:10:13.8111707Z remote: Counting objects:   6% (19/307)        
build	Run actions/checkout@v3	2026-01-08T10:10:13.8112354Z remote: Counting objects:   7% (22/307)        
build	Run actions/checkout@v3	2026-01-08T10:10:13.8113030Z remote: Counting objects:   8% (25/307)        
build	Run actions/checkout@v3	2026-01-08T10:10:13.8113702Z remote: Counting objects:   9% (28/307)        
build	Run actions/checkout@v3	2026-01-08T10:10:13.8114440Z remote: Counting objects:  10% (31/307)        
build	Run actions/checkout@v3	2026-01-08T10:10:13.8115079Z remote: Counting objects:  11% (34/307)        
build	Run actions/checkout@v3	2026-01-08T10:10:13.8115904Z remote: Counting objects:  12% (37/307)        
build	Run actions/checkout@v3	2026-01-08T10:10:13.8116582Z remote: Counting objects:  13% (40/307)        
build	Run actions/checkout@v3	2026-01-08T10:10:13.8117538Z remote: Counting objects:  14% (43/307)        
build	Run actions/checkout@v3	2026-01-08T10:10:13.8118256Z remote: Counting objects:  15% (47/307)        
build	Run actions/checkout@v3	2026-01-08T10:10:13.8118888Z remote: Counting objects:  16% (50/307)        
build	Run actions/checkout@v3	2026-01-08T10:10:13.8119529Z remote: Counting objects:  17% (53/307)        
build	Run actions/checkout@v3	2026-01-08T10:10:13.8120385Z remote: Counting objects:  18% (56/307)        
build	Run actions/checkout@v3	2026-01-08T10:10:13.8121028Z remote: Counting objects:  19% (59/307)        
build	Run actions/checkout@v3	2026-01-08T10:10:13.8121654Z remote: Counting objects:  20% (62/307)        
build	Run actions/checkout@v3	2026-01-08T10:10:13.8122291Z remote: Counting objects:  21% (65/307)        
build	Run actions/checkout@v3	2026-01-08T10:10:13.8122910Z remote: Counting objects:  22% (68/307)        
build	Run actions/checkout@v3	2026-01-08T10:10:13.8123846Z remote: Counting objects:  23% (71/307)        
build	Run actions/checkout@v3	2026-01-08T10:10:13.8124476Z remote: Counting objects:  24% (74/307)        
build	Run actions/checkout@v3	2026-01-08T10:10:13.8125101Z remote: Counting objects:  25% (77/307)        
build	Run actions/checkout@v3	2026-01-08T10:10:13.8125726Z remote: Counting objects:  26% (80/307)        
build	Run actions/checkout@v3	2026-01-08T10:10:13.8126408Z remote: Counting objects:  27% (83/307)        
build	Run actions/checkout@v3	2026-01-08T10:10:13.8127042Z remote: Counting objects:  28% (86/307)        
build	Run actions/checkout@v3	2026-01-08T10:10:13.8127655Z remote: Counting objects:  29% (90/307)        
build	Run actions/checkout@v3	2026-01-08T10:10:13.8128272Z remote: Counting objects:  30% (93/307)        
build	Run actions/checkout@v3	2026-01-08T10:10:13.8128894Z remote: Counting objects:  31% (96/307)        
build	Run actions/checkout@v3	2026-01-08T10:10:13.8129509Z remote: Counting objects:  32% (99/307)        
build	Run actions/checkout@v3	2026-01-08T10:10:13.8130322Z remote: Counting objects:  33% (102/307)        
build	Run actions/checkout@v3	2026-01-08T10:10:13.8130964Z remote: Counting objects:  34% (105/307)        
build	Run actions/checkout@v3	2026-01-08T10:10:13.8131596Z remote: Counting objects:  35% (108/307)        
build	Run actions/checkout@v3	2026-01-08T10:10:13.8132246Z remote: Counting objects:  36% (111/307)        
build	Run actions/checkout@v3	2026-01-08T10:10:13.8132870Z remote: Counting objects:  37% (114/307)        
build	Run actions/checkout@v3	2026-01-08T10:10:13.8133498Z remote: Counting objects:  38% (117/307)        
build	Run actions/checkout@v3	2026-01-08T10:10:13.8134119Z remote: Counting objects:  39% (120/307)        
build	Run actions/checkout@v3	2026-01-08T10:10:13.8134749Z remote: Counting objects:  40% (123/307)        
build	Run actions/checkout@v3	2026-01-08T10:10:13.8135579Z remote: Counting objects:  41% (126/307)        
build	Run actions/checkout@v3	2026-01-08T10:10:13.8136396Z remote: Counting objects:  42% (129/307)        
build	Run actions/checkout@v3	2026-01-08T10:10:13.8137115Z remote: Counting objects:  43% (133/307)        
build	Run actions/checkout@v3	2026-01-08T10:10:13.8137925Z remote: Counting objects:  44% (136/307)        
build	Run actions/checkout@v3	2026-01-08T10:10:13.8138557Z remote: Counting objects:  45% (139/307)        
build	Run actions/checkout@v3	2026-01-08T10:10:13.8139379Z remote: Counting objects:  46% (142/307)        
build	Run actions/checkout@v3	2026-01-08T10:10:13.8140311Z remote: Counting objects:  47% (145/307)        
build	Run actions/checkout@v3	2026-01-08T10:10:13.8140955Z remote: Counting objects:  48% (148/307)        
build	Run actions/checkout@v3	2026-01-08T10:10:13.8141670Z remote: Counting objects:  49% (151/307)        
build	Run actions/checkout@v3	2026-01-08T10:10:13.8142521Z remote: Counting objects:  50% (154/307)        
build	Run actions/checkout@v3	2026-01-08T10:10:13.8143410Z remote: Counting objects:  51% (157/307)        
build	Run actions/checkout@v3	2026-01-08T10:10:13.8144795Z remote: Counting objects:  52% (160/307)        
build	Run actions/checkout@v3	2026-01-08T10:10:13.8145596Z remote: Counting objects:  53% (163/307)        
build	Run actions/checkout@v3	2026-01-08T10:10:13.8146542Z remote: Counting objects:  54% (166/307)        
build	Run actions/checkout@v3	2026-01-08T10:10:13.8148295Z remote: Counting objects:  55% (169/307)        
build	Run actions/checkout@v3	2026-01-08T10:10:13.8149663Z remote: Counting objects:  56% (172/307)        
build	Run actions/checkout@v3	2026-01-08T10:10:13.8151076Z remote: Counting objects:  57% (175/307)        
build	Run actions/checkout@v3	2026-01-08T10:10:13.8152173Z remote: Counting objects:  58% (179/307)        
build	Run actions/checkout@v3	2026-01-08T10:10:13.8152934Z remote: Counting objects:  59% (182/307)        
build	Run actions/checkout@v3	2026-01-08T10:10:13.8153586Z remote: Counting objects:  60% (185/307)        
build	Run actions/checkout@v3	2026-01-08T10:10:13.8154257Z remote: Counting objects:  61% (188/307)        
build	Run actions/checkout@v3	2026-01-08T10:10:13.8154882Z remote: Counting objects:  62% (191/307)        
build	Run actions/checkout@v3	2026-01-08T10:10:13.8155537Z remote: Counting objects:  63% (194/307)        
build	Run actions/checkout@v3	2026-01-08T10:10:13.8156184Z remote: Counting objects:  64% (197/307)        
build	Run actions/checkout@v3	2026-01-08T10:10:13.8156840Z remote: Counting objects:  65% (200/307)        
build	Run actions/checkout@v3	2026-01-08T10:10:13.8157484Z remote: Counting objects:  66% (203/307)        
build	Run actions/checkout@v3	2026-01-08T10:10:13.8158101Z remote: Counting objects:  67% (206/307)        
build	Run actions/checkout@v3	2026-01-08T10:10:13.8158734Z remote: Counting objects:  68% (209/307)        
build	Run actions/checkout@v3	2026-01-08T10:10:13.8159356Z remote: Counting objects:  69% (212/307)        
build	Run actions/checkout@v3	2026-01-08T10:10:13.8160190Z remote: Counting objects:  70% (215/307)        
build	Run actions/checkout@v3	2026-01-08T10:10:13.8161051Z remote: Counting objects:  71% (218/307)        
build	Run actions/checkout@v3	2026-01-08T10:10:13.8162092Z remote: Counting objects:  72% (222/307)        
build	Run actions/checkout@v3	2026-01-08T10:10:13.8162947Z remote: Counting objects:  73% (225/307)        
build	Run actions/checkout@v3	2026-01-08T10:10:13.8163582Z remote: Counting objects:  74% (228/307)        
build	Run actions/checkout@v3	2026-01-08T10:10:13.8164208Z remote: Counting objects:  75% (231/307)        
build	Run actions/checkout@v3	2026-01-08T10:10:13.8165121Z remote: Counting objects:  76% (234/307)        
build	Run actions/checkout@v3	2026-01-08T10:10:13.8165771Z remote: Counting objects:  77% (237/307)        
build	Run actions/checkout@v3	2026-01-08T10:10:13.8166393Z remote: Counting objects:  78% (240/307)        
build	Run actions/checkout@v3	2026-01-08T10:10:13.8167026Z remote: Counting objects:  79% (243/307)        
build	Run actions/checkout@v3	2026-01-08T10:10:13.8167650Z remote: Counting objects:  80% (246/307)        
build	Run actions/checkout@v3	2026-01-08T10:10:13.8168271Z remote: Counting objects:  81% (249/307)        
build	Run actions/checkout@v3	2026-01-08T10:10:13.8168890Z remote: Counting objects:  82% (252/307)        
build	Run actions/checkout@v3	2026-01-08T10:10:13.8169499Z remote: Counting objects:  83% (255/307)        
build	Run actions/checkout@v3	2026-01-08T10:10:13.8170355Z remote: Counting objects:  84% (258/307)        
build	Run actions/checkout@v3	2026-01-08T10:10:13.8171164Z remote: Counting objects:  85% (261/307)        
build	Run actions/checkout@v3	2026-01-08T10:10:13.8172170Z remote: Counting objects:  86% (265/307)        
build	Run actions/checkout@v3	2026-01-08T10:10:13.8172833Z remote: Counting objects:  87% (268/307)        
build	Run actions/checkout@v3	2026-01-08T10:10:13.8173464Z remote: Counting objects:  88% (271/307)        
build	Run actions/checkout@v3	2026-01-08T10:10:13.8174303Z remote: Counting objects:  89% (274/307)        
build	Run actions/checkout@v3	2026-01-08T10:10:13.8175578Z remote: Counting objects:  90% (277/307)        
build	Run actions/checkout@v3	2026-01-08T10:10:13.8176434Z remote: Counting objects:  91% (280/307)        
build	Run actions/checkout@v3	2026-01-08T10:10:13.8177072Z remote: Counting objects:  92% (283/307)        
build	Run actions/checkout@v3	2026-01-08T10:10:13.8177719Z remote: Counting objects:  93% (286/307)        
build	Run actions/checkout@v3	2026-01-08T10:10:13.8178357Z remote: Counting objects:  94% (289/307)        
build	Run actions/checkout@v3	2026-01-08T10:10:13.8178991Z remote: Counting objects:  95% (292/307)        
build	Run actions/checkout@v3	2026-01-08T10:10:13.8179679Z remote: Counting objects:  96% (295/307)        
build	Run actions/checkout@v3	2026-01-08T10:10:13.8180526Z remote: Counting objects:  97% (298/307)        
build	Run actions/checkout@v3	2026-01-08T10:10:13.8181189Z remote: Counting objects:  98% (301/307)        
build	Run actions/checkout@v3	2026-01-08T10:10:13.8181844Z remote: Counting objects:  99% (304/307)        
build	Run actions/checkout@v3	2026-01-08T10:10:13.8182485Z remote: Counting objects: 100% (307/307)        
build	Run actions/checkout@v3	2026-01-08T10:10:13.8183721Z remote: Counting objects: 100% (307/307), done.        
build	Run actions/checkout@v3	2026-01-08T10:10:13.8186451Z remote: Compressing objects:   0% (1/180)        
build	Run actions/checkout@v3	2026-01-08T10:10:13.8187669Z remote: Compressing objects:   1% (2/180)        
build	Run actions/checkout@v3	2026-01-08T10:10:13.8188784Z remote: Compressing objects:   2% (4/180)        
build	Run actions/checkout@v3	2026-01-08T10:10:13.8189645Z remote: Compressing objects:   3% (6/180)        
build	Run actions/checkout@v3	2026-01-08T10:10:13.8190603Z remote: Compressing objects:   4% (8/180)        
build	Run actions/checkout@v3	2026-01-08T10:10:13.8191260Z remote: Compressing objects:   5% (9/180)        
build	Run actions/checkout@v3	2026-01-08T10:10:13.8191905Z remote: Compressing objects:   6% (11/180)        
build	Run actions/checkout@v3	2026-01-08T10:10:13.8192842Z remote: Compressing objects:   7% (13/180)        
build	Run actions/checkout@v3	2026-01-08T10:10:13.8194071Z remote: Compressing objects:   8% (15/180)        
build	Run actions/checkout@v3	2026-01-08T10:10:13.8195200Z remote: Compressing objects:   9% (17/180)        
build	Run actions/checkout@v3	2026-01-08T10:10:13.8195883Z remote: Compressing objects:  10% (18/180)        
build	Run actions/checkout@v3	2026-01-08T10:10:13.8196686Z remote: Compressing objects:  11% (20/180)        
build	Run actions/checkout@v3	2026-01-08T10:10:13.8197597Z remote: Compressing objects:  12% (22/180)        
build	Run actions/checkout@v3	2026-01-08T10:10:13.8199373Z remote: Compressing objects:  13% (24/180)        
build	Run actions/checkout@v3	2026-01-08T10:10:13.8201161Z remote: Compressing objects:  14% (26/180)        
build	Run actions/checkout@v3	2026-01-08T10:10:13.8202383Z remote: Compressing objects:  15% (27/180)        
build	Run actions/checkout@v3	2026-01-08T10:10:13.8203661Z remote: Compressing objects:  16% (29/180)        
build	Run actions/checkout@v3	2026-01-08T10:10:13.8204549Z remote: Compressing objects:  17% (31/180)        
build	Run actions/checkout@v3	2026-01-08T10:10:13.8205674Z remote: Compressing objects:  18% (33/180)        
build	Run actions/checkout@v3	2026-01-08T10:10:13.8206563Z remote: Compressing objects:  19% (35/180)        
build	Run actions/checkout@v3	2026-01-08T10:10:13.8207214Z remote: Compressing objects:  20% (36/180)        
build	Run actions/checkout@v3	2026-01-08T10:10:13.8207857Z remote: Compressing objects:  21% (38/180)        
build	Run actions/checkout@v3	2026-01-08T10:10:13.8208489Z remote: Compressing objects:  22% (40/180)        
build	Run actions/checkout@v3	2026-01-08T10:10:13.8209128Z remote: Compressing objects:  23% (42/180)        
build	Run actions/checkout@v3	2026-01-08T10:10:13.8209765Z remote: Compressing objects:  24% (44/180)        
build	Run actions/checkout@v3	2026-01-08T10:10:13.8211245Z remote: Compressing objects:  25% (45/180)        
build	Run actions/checkout@v3	2026-01-08T10:10:13.8212220Z remote: Compressing objects:  26% (47/180)        
build	Run actions/checkout@v3	2026-01-08T10:10:13.8212880Z remote: Compressing objects:  27% (49/180)        
build	Run actions/checkout@v3	2026-01-08T10:10:13.8213530Z remote: Compressing objects:  28% (51/180)        
build	Run actions/checkout@v3	2026-01-08T10:10:13.8214167Z remote: Compressing objects:  29% (53/180)        
build	Run actions/checkout@v3	2026-01-08T10:10:13.8214822Z remote: Compressing objects:  30% (54/180)        
build	Run actions/checkout@v3	2026-01-08T10:10:13.8215458Z remote: Compressing objects:  31% (56/180)        
build	Run actions/checkout@v3	2026-01-08T10:10:13.8216103Z remote: Compressing objects:  32% (58/180)        
build	Run actions/checkout@v3	2026-01-08T10:10:13.8216740Z remote: Compressing objects:  33% (60/180)        
build	Run actions/checkout@v3	2026-01-08T10:10:13.8217380Z remote: Compressing objects:  34% (62/180)        
build	Run actions/checkout@v3	2026-01-08T10:10:13.8218019Z remote: Compressing objects:  35% (63/180)        
build	Run actions/checkout@v3	2026-01-08T10:10:13.8218655Z remote: Compressing objects:  36% (65/180)        
build	Run actions/checkout@v3	2026-01-08T10:10:13.8219292Z remote: Compressing objects:  37% (67/180)        
build	Run actions/checkout@v3	2026-01-08T10:10:13.8220186Z remote: Compressing objects:  38% (69/180)        
build	Run actions/checkout@v3	2026-01-08T10:10:13.8220876Z remote: Compressing objects:  39% (71/180)        
build	Run actions/checkout@v3	2026-01-08T10:10:13.8221535Z remote: Compressing objects:  40% (72/180)        
build	Run actions/checkout@v3	2026-01-08T10:10:13.8222177Z remote: Compressing objects:  41% (74/180)        
build	Run actions/checkout@v3	2026-01-08T10:10:13.8222818Z remote: Compressing objects:  42% (76/180)        
build	Run actions/checkout@v3	2026-01-08T10:10:13.8223459Z remote: Compressing objects:  43% (78/180)        
build	Run actions/checkout@v3	2026-01-08T10:10:13.8224105Z remote: Compressing objects:  44% (80/180)        
build	Run actions/checkout@v3	2026-01-08T10:10:13.8224738Z remote: Compressing objects:  45% (81/180)        
build	Run actions/checkout@v3	2026-01-08T10:10:13.8225372Z remote: Compressing objects:  46% (83/180)        
build	Run actions/checkout@v3	2026-01-08T10:10:13.8226001Z remote: Compressing objects:  47% (85/180)        
build	Run actions/checkout@v3	2026-01-08T10:10:13.8226660Z remote: Compressing objects:  48% (87/180)        
build	Run actions/checkout@v3	2026-01-08T10:10:13.8227322Z remote: Compressing objects:  49% (89/180)        
build	Run actions/checkout@v3	2026-01-08T10:10:13.8228019Z remote: Compressing objects:  50% (90/180)        
build	Run actions/checkout@v3	2026-01-08T10:10:13.8228967Z remote: Compressing objects:  51% (92/180)        
build	Run actions/checkout@v3	2026-01-08T10:10:13.8229632Z remote: Compressing objects:  52% (94/180)        
build	Run actions/checkout@v3	2026-01-08T10:10:13.8230774Z remote: Compressing objects:  53% (96/180)        
build	Run actions/checkout@v3	2026-01-08T10:10:13.8231453Z remote: Compressing objects:  54% (98/180)        
build	Run actions/checkout@v3	2026-01-08T10:10:13.8232118Z remote: Compressing objects:  55% (99/180)        
build	Run actions/checkout@v3	2026-01-08T10:10:13.8232821Z remote: Compressing objects:  56% (101/180)        
build	Run actions/checkout@v3	2026-01-08T10:10:13.8233480Z remote: Compressing objects:  57% (103/180)        
build	Run actions/checkout@v3	2026-01-08T10:10:13.8234136Z remote: Compressing objects:  58% (105/180)        
build	Run actions/checkout@v3	2026-01-08T10:10:13.8234783Z remote: Compressing objects:  59% (107/180)        
build	Run actions/checkout@v3	2026-01-08T10:10:13.8236603Z remote: Compressing objects:  60% (108/180)        
build	Run actions/checkout@v3	2026-01-08T10:10:13.8237644Z remote: Compressing objects:  61% (110/180)        
build	Run actions/checkout@v3	2026-01-08T10:10:13.8238310Z remote: Compressing objects:  62% (112/180)        
build	Run actions/checkout@v3	2026-01-08T10:10:13.8238963Z remote: Compressing objects:  63% (114/180)        
build	Run actions/checkout@v3	2026-01-08T10:10:13.8239644Z remote: Compressing objects:  64% (116/180)        
build	Run actions/checkout@v3	2026-01-08T10:10:13.8240692Z remote: Compressing objects:  65% (117/180)        
build	Run actions/checkout@v3	2026-01-08T10:10:13.8241369Z remote: Compressing objects:  66% (119/180)        
build	Run actions/checkout@v3	2026-01-08T10:10:13.8242056Z remote: Compressing objects:  67% (121/180)        
build	Run actions/checkout@v3	2026-01-08T10:10:13.8242853Z remote: Compressing objects:  68% (123/180)        
build	Run actions/checkout@v3	2026-01-08T10:10:13.8243958Z remote: Compressing objects:  69% (125/180)        
build	Run actions/checkout@v3	2026-01-08T10:10:13.8245286Z remote: Compressing objects:  70% (126/180)        
build	Run actions/checkout@v3	2026-01-08T10:10:13.8246668Z remote: Compressing objects:  71% (128/180)        
build	Run actions/checkout@v3	2026-01-08T10:10:13.8247701Z remote: Compressing objects:  72% (130/180)        
build	Run actions/checkout@v3	2026-01-08T10:10:13.8248370Z remote: Compressing objects:  73% (132/180)        
build	Run actions/checkout@v3	2026-01-08T10:10:13.8249152Z remote: Compressing objects:  74% (134/180)        
build	Run actions/checkout@v3	2026-01-08T10:10:13.8249810Z remote: Compressing objects:  75% (135/180)        
build	Run actions/checkout@v3	2026-01-08T10:10:13.8250966Z remote: Compressing objects:  76% (137/180)        
build	Run actions/checkout@v3	2026-01-08T10:10:13.8251650Z remote: Compressing objects:  77% (139/180)        
build	Run actions/checkout@v3	2026-01-08T10:10:13.8252306Z remote: Compressing objects:  78% (141/180)        
build	Run actions/checkout@v3	2026-01-08T10:10:13.8252955Z remote: Compressing objects:  79% (143/180)        
build	Run actions/checkout@v3	2026-01-08T10:10:13.8253601Z remote: Compressing objects:  80% (144/180)        
build	Run actions/checkout@v3	2026-01-08T10:10:13.8254247Z remote: Compressing objects:  81% (146/180)        
build	Run actions/checkout@v3	2026-01-08T10:10:13.8255524Z remote: Compressing objects:  82% (148/180)        
build	Run actions/checkout@v3	2026-01-08T10:10:13.8256390Z remote: Compressing objects:  83% (150/180)        
build	Run actions/checkout@v3	2026-01-08T10:10:13.8257055Z remote: Compressing objects:  84% (152/180)        
build	Run actions/checkout@v3	2026-01-08T10:10:13.8257904Z remote: Compressing objects:  85% (153/180)        
build	Run actions/checkout@v3	2026-01-08T10:10:13.8258676Z remote: Compressing objects:  86% (155/180)        
build	Run actions/checkout@v3	2026-01-08T10:10:13.8259708Z remote: Compressing objects:  87% (157/180)        
build	Run actions/checkout@v3	2026-01-08T10:10:13.8260797Z remote: Compressing objects:  88% (159/180)        
build	Run actions/checkout@v3	2026-01-08T10:10:13.8261638Z remote: Compressing objects:  89% (161/180)        
build	Run actions/checkout@v3	2026-01-08T10:10:13.8262315Z remote: Compressing objects:  90% (162/180)        
build	Run actions/checkout@v3	2026-01-08T10:10:13.8263149Z remote: Compressing objects:  91% (164/180)        
build	Run actions/checkout@v3	2026-01-08T10:10:13.8263914Z remote: Compressing objects:  92% (166/180)        
build	Run actions/checkout@v3	2026-01-08T10:10:13.8264752Z remote: Compressing objects:  93% (168/180)        
build	Run actions/checkout@v3	2026-01-08T10:10:13.8266086Z remote: Compressing objects:  94% (170/180)        
build	Run actions/checkout@v3	2026-01-08T10:10:13.8266883Z remote: Compressing objects:  95% (171/180)        
build	Run actions/checkout@v3	2026-01-08T10:10:13.8267551Z remote: Compressing objects:  96% (173/180)        
build	Run actions/checkout@v3	2026-01-08T10:10:13.8268200Z remote: Compressing objects:  97% (175/180)        
build	Run actions/checkout@v3	2026-01-08T10:10:13.8268852Z remote: Compressing objects:  98% (177/180)        
build	Run actions/checkout@v3	2026-01-08T10:10:13.8269495Z remote: Compressing objects:  99% (179/180)        
build	Run actions/checkout@v3	2026-01-08T10:10:13.8270385Z remote: Compressing objects: 100% (180/180)        
build	Run actions/checkout@v3	2026-01-08T10:10:13.8271095Z remote: Compressing objects: 100% (180/180), done.        
build	Run actions/checkout@v3	2026-01-08T10:10:13.8272572Z Receiving objects:   0% (1/307)
build	Run actions/checkout@v3	2026-01-08T10:10:13.8274023Z Receiving objects:   1% (4/307)
build	Run actions/checkout@v3	2026-01-08T10:10:13.8276268Z Receiving objects:   2% (7/307)
build	Run actions/checkout@v3	2026-01-08T10:10:13.8277230Z Receiving objects:   3% (10/307)
build	Run actions/checkout@v3	2026-01-08T10:10:13.8277847Z Receiving objects:   4% (13/307)
build	Run actions/checkout@v3	2026-01-08T10:10:13.8278848Z Receiving objects:   5% (16/307)
build	Run actions/checkout@v3	2026-01-08T10:10:13.8279837Z Receiving objects:   6% (19/307)
build	Run actions/checkout@v3	2026-01-08T10:10:13.8281107Z Receiving objects:   7% (22/307)
build	Run actions/checkout@v3	2026-01-08T10:10:13.8281764Z Receiving objects:   8% (25/307)
build	Run actions/checkout@v3	2026-01-08T10:10:13.8282285Z Receiving objects:   9% (28/307)
build	Run actions/checkout@v3	2026-01-08T10:10:13.8282811Z Receiving objects:  10% (31/307)
build	Run actions/checkout@v3	2026-01-08T10:10:13.8283319Z Receiving objects:  11% (34/307)
build	Run actions/checkout@v3	2026-01-08T10:10:13.8283936Z Receiving objects:  12% (37/307)
build	Run actions/checkout@v3	2026-01-08T10:10:13.8284472Z Receiving objects:  13% (40/307)
build	Run actions/checkout@v3	2026-01-08T10:10:13.8284999Z Receiving objects:  14% (43/307)
build	Run actions/checkout@v3	2026-01-08T10:10:13.8285511Z Receiving objects:  15% (47/307)
build	Run actions/checkout@v3	2026-01-08T10:10:13.8286070Z Receiving objects:  16% (50/307)
build	Run actions/checkout@v3	2026-01-08T10:10:13.8286591Z Receiving objects:  17% (53/307)
build	Run actions/checkout@v3	2026-01-08T10:10:13.8287096Z Receiving objects:  18% (56/307)
build	Run actions/checkout@v3	2026-01-08T10:10:13.8287615Z Receiving objects:  19% (59/307)
build	Run actions/checkout@v3	2026-01-08T10:10:13.8288116Z Receiving objects:  20% (62/307)
build	Run actions/checkout@v3	2026-01-08T10:10:13.8288634Z Receiving objects:  21% (65/307)
build	Run actions/checkout@v3	2026-01-08T10:10:13.8289141Z Receiving objects:  22% (68/307)
build	Run actions/checkout@v3	2026-01-08T10:10:13.8289650Z Receiving objects:  23% (71/307)
build	Run actions/checkout@v3	2026-01-08T10:10:13.8299369Z Receiving objects:  24% (74/307)
build	Run actions/checkout@v3	2026-01-08T10:10:13.8300351Z Receiving objects:  25% (77/307)
build	Run actions/checkout@v3	2026-01-08T10:10:13.8301114Z Receiving objects:  26% (80/307)
build	Run actions/checkout@v3	2026-01-08T10:10:13.8302100Z Receiving objects:  27% (83/307)
build	Run actions/checkout@v3	2026-01-08T10:10:13.8303313Z Receiving objects:  28% (86/307)
build	Run actions/checkout@v3	2026-01-08T10:10:13.8304490Z Receiving objects:  29% (90/307)
build	Run actions/checkout@v3	2026-01-08T10:10:13.8305478Z Receiving objects:  30% (93/307)
build	Run actions/checkout@v3	2026-01-08T10:10:13.8306542Z Receiving objects:  31% (96/307)
build	Run actions/checkout@v3	2026-01-08T10:10:13.8308266Z Receiving objects:  32% (99/307)
build	Run actions/checkout@v3	2026-01-08T10:10:13.8309418Z Receiving objects:  33% (102/307)
build	Run actions/checkout@v3	2026-01-08T10:10:13.8311148Z Receiving objects:  34% (105/307)
build	Run actions/checkout@v3	2026-01-08T10:10:13.8312997Z Receiving objects:  35% (108/307)
build	Run actions/checkout@v3	2026-01-08T10:10:13.8314720Z Receiving objects:  36% (111/307)
build	Run actions/checkout@v3	2026-01-08T10:10:13.8315745Z Receiving objects:  37% (114/307)
build	Run actions/checkout@v3	2026-01-08T10:10:13.8316497Z Receiving objects:  38% (117/307)
build	Run actions/checkout@v3	2026-01-08T10:10:13.8317038Z Receiving objects:  39% (120/307)
build	Run actions/checkout@v3	2026-01-08T10:10:13.8317556Z Receiving objects:  40% (123/307)
build	Run actions/checkout@v3	2026-01-08T10:10:13.8318071Z Receiving objects:  41% (126/307)
build	Run actions/checkout@v3	2026-01-08T10:10:13.8318606Z Receiving objects:  42% (129/307)
build	Run actions/checkout@v3	2026-01-08T10:10:13.8319131Z Receiving objects:  43% (133/307)
build	Run actions/checkout@v3	2026-01-08T10:10:13.8319657Z Receiving objects:  44% (136/307)
build	Run actions/checkout@v3	2026-01-08T10:10:13.8320413Z Receiving objects:  45% (139/307)
build	Run actions/checkout@v3	2026-01-08T10:10:13.8320946Z Receiving objects:  46% (142/307)
build	Run actions/checkout@v3	2026-01-08T10:10:14.8377153Z Receiving objects:  47% (145/307)
build	Run actions/checkout@v3	2026-01-08T10:10:15.1785491Z Receiving objects:  47% (147/307), 70.04 MiB | 69.09 MiB/s
build	Run actions/checkout@v3	2026-01-08T10:10:15.1790756Z Receiving objects:  48% (148/307), 70.04 MiB | 69.09 MiB/s
build	Run actions/checkout@v3	2026-01-08T10:10:15.1793879Z Receiving objects:  49% (151/307), 70.04 MiB | 69.09 MiB/s
build	Run actions/checkout@v3	2026-01-08T10:10:15.1795199Z Receiving objects:  50% (154/307), 70.04 MiB | 69.09 MiB/s
build	Run actions/checkout@v3	2026-01-08T10:10:15.1799462Z Receiving objects:  51% (157/307), 70.04 MiB | 69.09 MiB/s
build	Run actions/checkout@v3	2026-01-08T10:10:15.1801010Z Receiving objects:  52% (160/307), 70.04 MiB | 69.09 MiB/s
build	Run actions/checkout@v3	2026-01-08T10:10:15.1802283Z Receiving objects:  53% (163/307), 70.04 MiB | 69.09 MiB/s
build	Run actions/checkout@v3	2026-01-08T10:10:15.1803561Z Receiving objects:  54% (166/307), 70.04 MiB | 69.09 MiB/s
build	Run actions/checkout@v3	2026-01-08T10:10:15.1889394Z Receiving objects:  55% (169/307), 70.04 MiB | 69.09 MiB/s
build	Run actions/checkout@v3	2026-01-08T10:10:15.1891364Z Receiving objects:  56% (172/307), 70.04 MiB | 69.09 MiB/s
build	Run actions/checkout@v3	2026-01-08T10:10:15.1892945Z Receiving objects:  57% (175/307), 70.04 MiB | 69.09 MiB/s
build	Run actions/checkout@v3	2026-01-08T10:10:15.1894206Z Receiving objects:  58% (179/307), 70.04 MiB | 69.09 MiB/s
build	Run actions/checkout@v3	2026-01-08T10:10:15.1895823Z Receiving objects:  59% (182/307), 70.04 MiB | 69.09 MiB/s
build	Run actions/checkout@v3	2026-01-08T10:10:15.1897204Z Receiving objects:  60% (185/307), 70.04 MiB | 69.09 MiB/s
build	Run actions/checkout@v3	2026-01-08T10:10:15.1898500Z Receiving objects:  61% (188/307), 70.04 MiB | 69.09 MiB/s
build	Run actions/checkout@v3	2026-01-08T10:10:15.1899814Z Receiving objects:  62% (191/307), 70.04 MiB | 69.09 MiB/s
build	Run actions/checkout@v3	2026-01-08T10:10:15.1901270Z Receiving objects:  63% (194/307), 70.04 MiB | 69.09 MiB/s
build	Run actions/checkout@v3	2026-01-08T10:10:15.1902530Z Receiving objects:  64% (197/307), 70.04 MiB | 69.09 MiB/s
build	Run actions/checkout@v3	2026-01-08T10:10:15.1903809Z Receiving objects:  65% (200/307), 70.04 MiB | 69.09 MiB/s
build	Run actions/checkout@v3	2026-01-08T10:10:15.1905108Z Receiving objects:  66% (203/307), 70.04 MiB | 69.09 MiB/s
build	Run actions/checkout@v3	2026-01-08T10:10:15.1906415Z Receiving objects:  67% (206/307), 70.04 MiB | 69.09 MiB/s
build	Run actions/checkout@v3	2026-01-08T10:10:15.1907793Z Receiving objects:  68% (209/307), 70.04 MiB | 69.09 MiB/s
build	Run actions/checkout@v3	2026-01-08T10:10:15.1909158Z Receiving objects:  69% (212/307), 70.04 MiB | 69.09 MiB/s
build	Run actions/checkout@v3	2026-01-08T10:10:15.1913041Z Receiving objects:  70% (215/307), 70.04 MiB | 69.09 MiB/s
build	Run actions/checkout@v3	2026-01-08T10:10:15.1914638Z Receiving objects:  71% (218/307), 70.04 MiB | 69.09 MiB/s
build	Run actions/checkout@v3	2026-01-08T10:10:15.1916092Z Receiving objects:  72% (222/307), 70.04 MiB | 69.09 MiB/s
build	Run actions/checkout@v3	2026-01-08T10:10:15.1917519Z Receiving objects:  73% (225/307), 70.04 MiB | 69.09 MiB/s
build	Run actions/checkout@v3	2026-01-08T10:10:15.1919015Z Receiving objects:  74% (228/307), 70.04 MiB | 69.09 MiB/s
build	Run actions/checkout@v3	2026-01-08T10:10:15.1920738Z Receiving objects:  75% (231/307), 70.04 MiB | 69.09 MiB/s
build	Run actions/checkout@v3	2026-01-08T10:10:15.1922231Z Receiving objects:  76% (234/307), 70.04 MiB | 69.09 MiB/s
build	Run actions/checkout@v3	2026-01-08T10:10:15.1923745Z Receiving objects:  77% (237/307), 70.04 MiB | 69.09 MiB/s
build	Run actions/checkout@v3	2026-01-08T10:10:15.2000399Z Receiving objects:  78% (240/307), 70.04 MiB | 69.09 MiB/s
build	Run actions/checkout@v3	2026-01-08T10:10:15.2004039Z Receiving objects:  79% (243/307), 70.04 MiB | 69.09 MiB/s
build	Run actions/checkout@v3	2026-01-08T10:10:15.2005623Z remote: Total 307 (delta 22), reused 295 (delta 17), pack-reused 0 (from 0)        
build	Run actions/checkout@v3	2026-01-08T10:10:15.2010424Z Receiving objects:  80% (246/307), 70.04 MiB | 69.09 MiB/s
build	Run actions/checkout@v3	2026-01-08T10:10:15.2015160Z Receiving objects:  81% (249/307), 70.04 MiB | 69.09 MiB/s
build	Run actions/checkout@v3	2026-01-08T10:10:15.2016540Z Receiving objects:  82% (252/307), 70.04 MiB | 69.09 MiB/s
build	Run actions/checkout@v3	2026-01-08T10:10:15.2017929Z Receiving objects:  83% (255/307), 70.04 MiB | 69.09 MiB/s
build	Run actions/checkout@v3	2026-01-08T10:10:15.2019256Z Receiving objects:  84% (258/307), 70.04 MiB | 69.09 MiB/s
build	Run actions/checkout@v3	2026-01-08T10:10:15.2020825Z Receiving objects:  85% (261/307), 70.04 MiB | 69.09 MiB/s
build	Run actions/checkout@v3	2026-01-08T10:10:15.2022237Z Receiving objects:  86% (265/307), 70.04 MiB | 69.09 MiB/s
build	Run actions/checkout@v3	2026-01-08T10:10:15.2023632Z Receiving objects:  87% (268/307), 70.04 MiB | 69.09 MiB/s
build	Run actions/checkout@v3	2026-01-08T10:10:15.2025026Z Receiving objects:  88% (271/307), 70.04 MiB | 69.09 MiB/s
build	Run actions/checkout@v3	2026-01-08T10:10:15.2026391Z Receiving objects:  89% (274/307), 70.04 MiB | 69.09 MiB/s
build	Run actions/checkout@v3	2026-01-08T10:10:15.2027789Z Receiving objects:  90% (277/307), 70.04 MiB | 69.09 MiB/s
build	Run actions/checkout@v3	2026-01-08T10:10:15.2029275Z Receiving objects:  91% (280/307), 70.04 MiB | 69.09 MiB/s
build	Run actions/checkout@v3	2026-01-08T10:10:15.2030900Z Receiving objects:  92% (283/307), 70.04 MiB | 69.09 MiB/s
build	Run actions/checkout@v3	2026-01-08T10:10:15.2032326Z Receiving objects:  93% (286/307), 70.04 MiB | 69.09 MiB/s
build	Run actions/checkout@v3	2026-01-08T10:10:15.2033719Z Receiving objects:  94% (289/307), 70.04 MiB | 69.09 MiB/s
build	Run actions/checkout@v3	2026-01-08T10:10:15.2035169Z Receiving objects:  95% (292/307), 70.04 MiB | 69.09 MiB/s
build	Run actions/checkout@v3	2026-01-08T10:10:15.2036526Z Receiving objects:  96% (295/307), 70.04 MiB | 69.09 MiB/s
build	Run actions/checkout@v3	2026-01-08T10:10:15.2037912Z Receiving objects:  97% (298/307), 70.04 MiB | 69.09 MiB/s
build	Run actions/checkout@v3	2026-01-08T10:10:15.2039274Z Receiving objects:  98% (301/307), 70.04 MiB | 69.09 MiB/s
build	Run actions/checkout@v3	2026-01-08T10:10:15.2040819Z Receiving objects:  99% (304/307), 70.04 MiB | 69.09 MiB/s
build	Run actions/checkout@v3	2026-01-08T10:10:15.2042044Z Receiving objects: 100% (307/307), 70.04 MiB | 69.09 MiB/s
build	Run actions/checkout@v3	2026-01-08T10:10:15.2042984Z Receiving objects: 100% (307/307), 97.77 MiB | 70.95 MiB/s, done.
build	Run actions/checkout@v3	2026-01-08T10:10:15.2043874Z Resolving deltas:   0% (0/22)
build	Run actions/checkout@v3	2026-01-08T10:10:15.2044623Z Resolving deltas:   4% (1/22)
build	Run actions/checkout@v3	2026-01-08T10:10:15.2045644Z Resolving deltas:   9% (2/22)
build	Run actions/checkout@v3	2026-01-08T10:10:15.2046707Z Resolving deltas:  13% (3/22)
build	Run actions/checkout@v3	2026-01-08T10:10:15.2048075Z Resolving deltas:  18% (4/22)
build	Run actions/checkout@v3	2026-01-08T10:10:15.2049117Z Resolving deltas:  22% (5/22)
build	Run actions/checkout@v3	2026-01-08T10:10:15.2050565Z Resolving deltas:  27% (6/22)
build	Run actions/checkout@v3	2026-01-08T10:10:15.2051483Z Resolving deltas:  31% (7/22)
build	Run actions/checkout@v3	2026-01-08T10:10:15.2052197Z Resolving deltas:  36% (8/22)
build	Run actions/checkout@v3	2026-01-08T10:10:15.2052900Z Resolving deltas:  40% (9/22)
build	Run actions/checkout@v3	2026-01-08T10:10:15.2053588Z Resolving deltas:  45% (10/22)
build	Run actions/checkout@v3	2026-01-08T10:10:15.2054292Z Resolving deltas:  50% (11/22)
build	Run actions/checkout@v3	2026-01-08T10:10:15.2054983Z Resolving deltas:  54% (12/22)
build	Run actions/checkout@v3	2026-01-08T10:10:15.2055661Z Resolving deltas:  63% (14/22)
build	Run actions/checkout@v3	2026-01-08T10:10:15.2056386Z Resolving deltas:  68% (15/22)
build	Run actions/checkout@v3	2026-01-08T10:10:15.2057111Z Resolving deltas:  72% (16/22)
build	Run actions/checkout@v3	2026-01-08T10:10:15.2057837Z Resolving deltas:  77% (17/22)
build	Run actions/checkout@v3	2026-01-08T10:10:15.2058554Z Resolving deltas:  86% (19/22)
build	Run actions/checkout@v3	2026-01-08T10:10:15.2059284Z Resolving deltas:  90% (20/22)
build	Run actions/checkout@v3	2026-01-08T10:10:15.2060231Z Resolving deltas:  95% (21/22)
build	Run actions/checkout@v3	2026-01-08T10:10:15.2060950Z Resolving deltas: 100% (22/22)
build	Run actions/checkout@v3	2026-01-08T10:10:15.2061721Z Resolving deltas: 100% (22/22), done.
build	Run actions/checkout@v3	2026-01-08T10:10:15.2440253Z From https://github.com/ImL1s/web3-kmp
build	Run actions/checkout@v3	2026-01-08T10:10:15.2441438Z  * [new ref]         f05248ae710dbfe7bf6a53e4ed35a51e4712e457 -> origin/master
build	Run actions/checkout@v3	2026-01-08T10:10:15.2474084Z ##[endgroup]
build	Run actions/checkout@v3	2026-01-08T10:10:15.2475416Z ##[group]Determining the checkout info
build	Run actions/checkout@v3	2026-01-08T10:10:15.2476671Z ##[endgroup]
build	Run actions/checkout@v3	2026-01-08T10:10:15.2477673Z ##[group]Checking out the ref
build	Run actions/checkout@v3	2026-01-08T10:10:15.2480618Z [command]/usr/bin/git checkout --progress --force -B master refs/remotes/origin/master
build	Run actions/checkout@v3	2026-01-08T10:10:15.4350786Z Reset branch 'master'
build	Run actions/checkout@v3	2026-01-08T10:10:15.4352591Z branch 'master' set up to track 'origin/master'.
build	Run actions/checkout@v3	2026-01-08T10:10:15.4391198Z ##[endgroup]
build	Run actions/checkout@v3	2026-01-08T10:10:15.4426667Z [command]/usr/bin/git log -1 --format='%H'
build	Run actions/checkout@v3	2026-01-08T10:10:15.4448381Z 'f05248ae710dbfe7bf6a53e4ed35a51e4712e457'
build	Set up JDK 17	ï»¿2026-01-08T10:10:15.4730959Z ##[group]Run actions/setup-java@v3
build	Set up JDK 17	2026-01-08T10:10:15.4731674Z with:
build	Set up JDK 17	2026-01-08T10:10:15.4732412Z   java-version: 17
build	Set up JDK 17	2026-01-08T10:10:15.4732991Z   distribution: temurin
build	Set up JDK 17	2026-01-08T10:10:15.4733595Z   java-package: jdk
build	Set up JDK 17	2026-01-08T10:10:15.4734162Z   check-latest: false
build	Set up JDK 17	2026-01-08T10:10:15.4734735Z   server-id: github
build	Set up JDK 17	2026-01-08T10:10:15.4735311Z   server-username: GITHUB_ACTOR
build	Set up JDK 17	2026-01-08T10:10:15.4735950Z   server-password: GITHUB_TOKEN
build	Set up JDK 17	2026-01-08T10:10:15.4736573Z   overwrite-settings: true
build	Set up JDK 17	2026-01-08T10:10:15.4737173Z   job-status: success
build	Set up JDK 17	2026-01-08T10:10:15.4737924Z   token: ***
build	Set up JDK 17	2026-01-08T10:10:15.4738472Z ##[endgroup]
build	Set up JDK 17	2026-01-08T10:10:15.6731709Z ##[group]Installed distributions
build	Set up JDK 17	2026-01-08T10:10:15.6912124Z Resolved Java 17.0.17+10 from tool-cache
build	Set up JDK 17	2026-01-08T10:10:15.6912697Z Setting Java 17.0.17+10 as the default
build	Set up JDK 17	2026-01-08T10:10:15.6926845Z Creating toolchains.xml for JDK version 17 from temurin
build	Set up JDK 17	2026-01-08T10:10:15.7010381Z Writing to /home/runner/.m2/toolchains.xml
build	Set up JDK 17	2026-01-08T10:10:15.7010774Z 
build	Set up JDK 17	2026-01-08T10:10:15.7010982Z Java configuration:
build	Set up JDK 17	2026-01-08T10:10:15.7011970Z   Distribution: temurin
build	Set up JDK 17	2026-01-08T10:10:15.7012338Z   Version: 17.0.17+10
build	Set up JDK 17	2026-01-08T10:10:15.7013150Z   Path: /opt/hostedtoolcache/Java_Temurin-Hotspot_jdk/17.0.17-10/x64
build	Set up JDK 17	2026-01-08T10:10:15.7013610Z 
build	Set up JDK 17	2026-01-08T10:10:15.7014222Z ##[endgroup]
build	Set up JDK 17	2026-01-08T10:10:15.7030676Z Creating settings.xml with server-id: github
build	Set up JDK 17	2026-01-08T10:10:15.7041681Z Writing to /home/runner/.m2/settings.xml
build	Setup Gradle	ï»¿2026-01-08T10:10:15.7208055Z ##[group]Run gradle/gradle-build-action@v2
build	Setup Gradle	2026-01-08T10:10:15.7208354Z with:
build	Setup Gradle	2026-01-08T10:10:15.7208533Z   cache-disabled: false
build	Setup Gradle	2026-01-08T10:10:15.7208737Z   cache-read-only: false
build	Setup Gradle	2026-01-08T10:10:15.7208949Z   cache-write-only: false
build	Setup Gradle	2026-01-08T10:10:15.7209162Z   cache-overwrite-existing: false
build	Setup Gradle	2026-01-08T10:10:15.7209442Z   gradle-home-cache-includes: caches
build	Setup Gradle	notifications
build	Setup Gradle	
build	Setup Gradle	2026-01-08T10:10:15.7209744Z   gradle-home-cache-cleanup: false
build	Setup Gradle	2026-01-08T10:10:15.7210201Z   generate-job-summary: true
build	Setup Gradle	2026-01-08T10:10:15.7210421Z   dependency-graph: disabled
build	Setup Gradle	2026-01-08T10:10:15.7210659Z   gradle-home-cache-strict-match: false
build	Setup Gradle	2026-01-08T10:10:15.7210929Z   workflow-job-context: null
build	Setup Gradle	2026-01-08T10:10:15.7211300Z   github-token: ***
build	Setup Gradle	2026-01-08T10:10:15.7211487Z env:
build	Setup Gradle	2026-01-08T10:10:15.7211755Z   JAVA_HOME: /opt/hostedtoolcache/Java_Temurin-Hotspot_jdk/17.0.17-10/x64
build	Setup Gradle	2026-01-08T10:10:15.7212210Z   JAVA_HOME_17_X64: /opt/hostedtoolcache/Java_Temurin-Hotspot_jdk/17.0.17-10/x64
build	Setup Gradle	2026-01-08T10:10:15.7212538Z ##[endgroup]
build	Setup Gradle	2026-01-08T10:10:16.8634822Z ##[group]Restore Gradle state from cache
build	Setup Gradle	2026-01-08T10:10:16.9792594Z ##[warning]Failed to restore v8-gradle|Linux|build and check-build[37a6259cc0c1dae299a7866489dff0bd]-f05248ae710dbfe7bf6a53e4ed35a51e4712e457: Error: Cache service responded with 400
build	Setup Gradle	2026-01-08T10:10:16.9821128Z Gradle User Home cache not found. Will initialize empty.
build	Setup Gradle	2026-01-08T10:10:16.9822052Z ##[endgroup]
build	Grant execute permission for gradlew	ï»¿2026-01-08T10:10:16.9934735Z ##[group]Run chmod +x gradlew
build	Grant execute permission for gradlew	2026-01-08T10:10:16.9935043Z [36;1mchmod +x gradlew[0m
build	Grant execute permission for gradlew	2026-01-08T10:10:16.9971806Z shell: /usr/bin/bash -e {0}
build	Grant execute permission for gradlew	2026-01-08T10:10:16.9972047Z env:
build	Grant execute permission for gradlew	2026-01-08T10:10:16.9972360Z   JAVA_HOME: /opt/hostedtoolcache/Java_Temurin-Hotspot_jdk/17.0.17-10/x64
build	Grant execute permission for gradlew	2026-01-08T10:10:16.9972831Z   JAVA_HOME_17_X64: /opt/hostedtoolcache/Java_Temurin-Hotspot_jdk/17.0.17-10/x64
build	Grant execute permission for gradlew	2026-01-08T10:10:16.9973204Z   GRADLE_BUILD_ACTION_SETUP_COMPLETED: true
build	Grant execute permission for gradlew	2026-01-08T10:10:16.9973471Z   GRADLE_BUILD_ACTION_CACHE_RESTORED: true
build	Grant execute permission for gradlew	2026-01-08T10:10:16.9973701Z ##[endgroup]
build	Build and Check	ï»¿2026-01-08T10:10:17.0083490Z ##[group]Run ./gradlew check
build	Build and Check	2026-01-08T10:10:17.0083767Z [36;1m./gradlew check[0m
build	Build and Check	2026-01-08T10:10:17.0114084Z shell: /usr/bin/bash -e {0}
build	Build and Check	2026-01-08T10:10:17.0114312Z env:
build	Build and Check	2026-01-08T10:10:17.0114597Z   JAVA_HOME: /opt/hostedtoolcache/Java_Temurin-Hotspot_jdk/17.0.17-10/x64
build	Build and Check	2026-01-08T10:10:17.0115080Z   JAVA_HOME_17_X64: /opt/hostedtoolcache/Java_Temurin-Hotspot_jdk/17.0.17-10/x64
build	Build and Check	2026-01-08T10:10:17.0115443Z   GRADLE_BUILD_ACTION_SETUP_COMPLETED: true
build	Build and Check	2026-01-08T10:10:17.0115702Z   GRADLE_BUILD_ACTION_CACHE_RESTORED: true
build	Build and Check	2026-01-08T10:10:17.0115939Z ##[endgroup]
build	Build and Check	2026-01-08T10:10:17.4650578Z Downloading https://services.gradle.org/distributions/gradle-8.14.3-bin.zip
build	Build and Check	2026-01-08T10:10:19.8497824Z .............10%.............20%.............30%.............40%.............50%.............60%.............70%.............80%.............90%..............100%
build	Build and Check	2026-01-08T10:10:21.2500636Z 
build	Build and Check	2026-01-08T10:10:21.2504005Z Welcome to Gradle 8.14.3!
build	Build and Check	2026-01-08T10:10:21.2524612Z 
build	Build and Check	2026-01-08T10:10:21.2526396Z Here are the highlights of this release:
build	Build and Check	2026-01-08T10:10:21.2527902Z  - Java 24 support
build	Build and Check	2026-01-08T10:10:21.2528333Z  - GraalVM Native Image toolchain selection
build	Build and Check	2026-01-08T10:10:21.2528809Z  - Enhancements to test reporting
build	Build and Check	2026-01-08T10:10:21.2529241Z  - Build Authoring improvements
build	Build and Check	2026-01-08T10:10:21.2529520Z 
build	Build and Check	2026-01-08T10:10:21.2530038Z For more details see https://docs.gradle.org/8.14.3/release-notes.html
build	Build and Check	2026-01-08T10:10:21.2530543Z 
build	Build and Check	2026-01-08T10:10:21.3470152Z Starting a Gradle Daemon (subsequent builds will be faster)
build	Build and Check	2026-01-08T10:12:26.8498282Z 
build	Build and Check	2026-01-08T10:12:26.8534942Z > Configure project :packages:bip21
build	Build and Check	2026-01-08T10:12:26.8536407Z Build was configured to prefer settings repositories over project repositories but repository 'MavenRepo' was added by build file 'packages/bip21/build.gradle.kts'
build	Build and Check	2026-01-08T10:12:31.7460116Z 
build	Build and Check	2026-01-08T10:12:31.7490871Z > Configure project :packages:caip-standards
build	Build and Check	2026-01-08T10:12:31.7494444Z w: The following Kotlin/Native targets cannot be built on this machine and are disabled:
build	Build and Check	2026-01-08T10:12:31.7496675Z iosArm64, iosSimulatorArm64, iosX64, watchosArm64, watchosSimulatorArm64, watchosX64
build	Build and Check	2026-01-08T10:12:31.7497658Z To hide this message, add 'kotlin.native.ignoreDisabledTargets=true' to the Gradle properties.
build	Build and Check	2026-01-08T10:12:31.7498268Z 
build	Build and Check	2026-01-08T10:12:36.5454703Z WARNING: We recommend using a newer Android Gradle plugin to use compileSdk = 35
build	Build and Check	2026-01-08T10:12:36.5469606Z 
build	Build and Check	2026-01-08T10:12:36.5495793Z This Android Gradle plugin (8.5.2) was tested up to compileSdk = 34.
build	Build and Check	2026-01-08T10:12:36.5501220Z 
build	Build and Check	2026-01-08T10:12:36.5504655Z You are strongly encouraged to update your project to use a newer
build	Build and Check	2026-01-08T10:12:36.5505622Z Android Gradle plugin that has been tested with compileSdk = 35.
build	Build and Check	2026-01-08T10:12:36.5506084Z 
build	Build and Check	2026-01-08T10:12:36.5506409Z If you are already using the latest version of the Android Gradle plugin,
build	Build and Check	2026-01-08T10:12:36.5507269Z you may need to wait until a newer version with support for compileSdk = 35 is available.
build	Build and Check	2026-01-08T10:12:36.5507760Z 
build	Build and Check	2026-01-08T10:12:36.5508024Z For more information refer to the compatibility table:
build	Build and Check	2026-01-08T10:12:36.5508653Z https://d.android.com/r/tools/api-level-support
build	Build and Check	2026-01-08T10:12:36.5509032Z 
build	Build and Check	2026-01-08T10:12:36.5509191Z To suppress this warning, add/update
build	Build and Check	2026-01-08T10:12:36.5509669Z     android.suppressUnsupportedCompileSdk=35
build	Build and Check	2026-01-08T10:12:36.5510399Z to this project's gradle.properties.
build	Build and Check	2026-01-08T10:12:54.2492255Z 
build	Build and Check	2026-01-08T10:12:54.2513261Z > Task :packages:bip21:checkKotlinGradlePluginConfigurationErrors SKIPPED
build	Build and Check	2026-01-08T10:12:54.3453743Z > Task :packages:bip21:loadKtlintReporters
build	Build and Check	2026-01-08T10:13:17.4453998Z > Task :packages:bip21:runKtlintCheckOverKotlinScripts
build	Build and Check	2026-01-08T10:13:17.6453811Z > Task :packages:bip21:ktlintKotlinScriptCheck
build	Build and Check	2026-01-08T10:13:17.7459232Z > Task :packages:bip21:processResources NO-SOURCE
build	Build and Check	2026-01-08T10:13:17.7460586Z > Task :packages:bip21:processTestResources NO-SOURCE
build	Build and Check	2026-01-08T10:13:17.7461695Z > Task :packages:caip-standards:checkKotlinGradlePluginConfigurationErrors SKIPPED
build	Build and Check	2026-01-08T10:13:17.7463558Z > Task :packages:caip-standards:compileKotlinIosSimulatorArm64 SKIPPED
build	Build and Check	2026-01-08T10:13:17.7464820Z > Task :packages:caip-standards:iosSimulatorArm64ProcessResources NO-SOURCE
build	Build and Check	2026-01-08T10:13:17.7521913Z > Task :packages:caip-standards:iosSimulatorArm64MainKlibrary UP-TO-DATE
build	Build and Check	2026-01-08T10:13:17.7538153Z > Task :packages:caip-standards:compileTestKotlinIosSimulatorArm64 SKIPPED
build	Build and Check	2026-01-08T10:13:17.7588885Z > Task :packages:caip-standards:linkDebugTestIosSimulatorArm64 SKIPPED
build	Build and Check	2026-01-08T10:13:17.7589811Z > Task :packages:caip-standards:iosSimulatorArm64Test SKIPPED
build	Build and Check	2026-01-08T10:13:17.7591256Z > Task :packages:caip-standards:compileKotlinIosX64 SKIPPED
build	Build and Check	2026-01-08T10:13:17.8457111Z > Task :packages:caip-standards:iosX64ProcessResources NO-SOURCE
build	Build and Check	2026-01-08T10:13:17.8511185Z > Task :packages:caip-standards:iosX64MainKlibrary UP-TO-DATE
build	Build and Check	2026-01-08T10:13:17.8511877Z > Task :packages:caip-standards:compileTestKotlinIosX64 SKIPPED
build	Build and Check	2026-01-08T10:13:17.8512468Z > Task :packages:caip-standards:linkDebugTestIosX64 SKIPPED
build	Build and Check	2026-01-08T10:13:17.8513018Z > Task :packages:caip-standards:iosX64Test SKIPPED
build	Build and Check	2026-01-08T10:13:18.4454243Z > Task :packages:bip21:runKtlintCheckOverTestSourceSet
build	Build and Check	2026-01-08T10:13:18.4455264Z > Task :packages:bip21:runKtlintCheckOverMainSourceSet
build	Build and Check	2026-01-08T10:13:22.6452881Z 
build	Build and Check	2026-01-08T10:13:22.6454787Z > Task :packages:bip21:ktlintMainSourceSetCheck FAILED
build	Build and Check	2026-01-08T10:13:22.6466652Z /home/runner/work/web3-kmp/web3-kmp/packages/bip21/src/main/kotlin/org/kotlinbitcointools/bip21/Bip21URI.kt:71:121 Exceeded max line length (120) (cannot be auto-corrected)
build	Build and Check	2026-01-08T10:13:22.6469433Z /home/runner/work/web3-kmp/web3-kmp/packages/bip21/src/main/kotlin/org/kotlinbitcointools/bip21/Exceptions.kt:1:1 File 'Exceptions.kt' contains a single class and possibly also extension functions for that class and should be named same after that class 'InvalidURIException.kt' (cannot be auto-corrected)
build	Build and Check	2026-01-08T10:13:22.6471615Z 
build	Build and Check	2026-01-08T10:13:22.6471946Z > Task :packages:bip21:ktlintTestSourceSetCheck FAILED
build	Build and Check	2026-01-08T10:13:22.6473421Z /home/runner/work/web3-kmp/web3-kmp/packages/bip21/src/test/kotlin/org/kotlinbitcointools/bip21/Bip21URITest.kt:130:121 Exceeded max line length (120) (cannot be auto-corrected)
build	Build and Check	2026-01-08T10:13:22.6475741Z /home/runner/work/web3-kmp/web3-kmp/packages/bip21/src/test/kotlin/org/kotlinbitcointools/bip21/Bip21URITest.kt:147:121 Exceeded max line length (120) (cannot be auto-corrected)
build	Build and Check	2026-01-08T10:13:22.6478072Z /home/runner/work/web3-kmp/web3-kmp/packages/bip21/src/test/kotlin/org/kotlinbitcointools/bip21/Bip21URITest.kt:155:121 Exceeded max line length (120) (cannot be auto-corrected)
build	Build and Check	2026-01-08T10:13:22.6480603Z /home/runner/work/web3-kmp/web3-kmp/packages/bip21/src/test/kotlin/org/kotlinbitcointools/bip21/Bip21URITest.kt:183:121 Exceeded max line length (120) (cannot be auto-corrected)
build	Build and Check	2026-01-08T10:13:23.4453719Z 
build	Build and Check	2026-01-08T10:13:23.4454298Z > Task :packages:bip21:compileKotlin
build	Build and Check	2026-01-08T10:13:27.8453564Z > Task :packages:caip-standards:compileKotlinJvm
build	Build and Check	2026-01-08T10:13:27.9452739Z 
build	Build and Check	2026-01-08T10:13:27.9454335Z [Incubating] Problems report is available at: file:///home/runner/work/web3-kmp/web3-kmp/build/reports/problems/problems-report.html
build	Build and Check	2026-01-08T10:13:27.9455440Z 
build	Build and Check	2026-01-08T10:13:27.9456612Z FAILURE: Build completed with 2 failures.
build	Build and Check	2026-01-08T10:13:27.9456956Z 
build	Build and Check	2026-01-08T10:13:27.9457332Z 1: Task failed with an exception.
build	Build and Check	2026-01-08T10:13:27.9466960Z -----------
build	Build and Check	2026-01-08T10:13:27.9471767Z * What went wrong:
build	Build and Check	2026-01-08T10:13:27.9474025Z Execution failed for task ':packages:bip21:ktlintMainSourceSetCheck'.
build	Build and Check	2026-01-08T10:13:27.9476722Z > A failure occurred while executing org.jlleitschuh.gradle.ktlint.worker.ConsoleReportWorkAction
build	Build and Check	2026-01-08T10:13:27.9479175Z    > KtLint found code style violations. Please see the following reports:
build	Build and Check	2026-01-08T10:13:27.9482025Z      - /home/runner/work/web3-kmp/web3-kmp/packages/bip21/build/reports/ktlint/ktlintMainSourceSetCheck/ktlintMainSourceSetCheck.txt
build	Build and Check	2026-01-08T10:13:27.9498766Z 
build	Build and Check	2026-01-08T10:13:27.9499619Z * Try:
build	Build and Check	2026-01-08T10:13:27.9527798Z > Run with --stacktrace option to get the stack trace.
build	Build and Check	2026-01-08T10:13:27.9528514Z > Run with --info or --debug option to get more log output.
build	Build and Check	2026-01-08T10:13:27.9529073Z > Run with --scan to get full insights.
build	Build and Check	2026-01-08T10:13:27.9529574Z > Get more help at https://help.gradle.org.
build	Build and Check	2026-01-08T10:13:27.9530312Z ==============================================================================
build	Build and Check	2026-01-08T10:13:27.9530653Z 
build	Build and Check	2026-01-08T10:13:27.9530807Z 2: Task failed with an exception.
build	Build and Check	2026-01-08T10:13:27.9531203Z -----------
build	Build and Check	2026-01-08T10:13:27.9531848Z * What went wrong:
build	Build and Check	2026-01-08T10:13:27.9532385Z Execution failed for task ':packages:bip21:ktlintTestSourceSetCheck'.
build	Build and Check	2026-01-08T10:13:27.9533439Z > A failure occurred while executing org.jlleitschuh.gradle.ktlint.worker.ConsoleReportWorkAction
build	Build and Check	2026-01-08T10:13:27.9534504Z    > KtLint found code style violations. Please see the following reports:
build	Build and Check	2026-01-08T10:13:27.9535788Z      - /home/runner/work/web3-kmp/web3-kmp/packages/bip21/build/reports/ktlint/ktlintTestSourceSetCheck/ktlintTestSourceSetCheck.txt
build	Build and Check	2026-01-08T10:13:27.9536759Z 
build	Build and Check	2026-01-08T10:13:27.9536884Z * Try:
build	Build and Check	2026-01-08T10:13:27.9537273Z > Run with --stacktrace option to get the stack trace.
build	Build and Check	2026-01-08T10:13:27.9548728Z > Run with --info or --debug option to get more log output.
build	Build and Check	2026-01-08T10:13:27.9556462Z > Run with --scan to get full insights.
build	Build and Check	2026-01-08T10:13:27.9556811Z 
build	Build and Check	2026-01-08T10:13:27.9557418Z Deprecated Gradle features were used in this build, making it incompatible with Gradle 9.0.
build	Build and Check	2026-01-08T10:13:27.9558181Z 
build	Build and Check	2026-01-08T10:13:27.9558990Z You can use '--warning-mode all' to show the individual deprecation warnings and determine if they come from your own scripts or plugins.
build	Build and Check	2026-01-08T10:13:27.9572564Z 
build	Build and Check	2026-01-08T10:13:27.9573436Z For more on this, please refer to https://docs.gradle.org/8.14.3/userguide/command_line_interface.html#sec:command_line_warnings in the Gradle documentation.
build	Build and Check	2026-01-08T10:13:27.9574411Z 9 actionable tasks: 9 executed
build	Build and Check	2026-01-08T10:13:27.9577016Z > Get more help at https://help.gradle.org.
build	Build and Check	2026-01-08T10:13:27.9577974Z ==============================================================================
build	Build and Check	2026-01-08T10:13:27.9578785Z 
build	Build and Check	2026-01-08T10:13:27.9579415Z BUILD FAILED in 3m 10s
build	Build and Check	2026-01-08T10:13:28.4128496Z ##[error]Process completed with exit code 1.
build	Post Setup Gradle	ï»¿2026-01-08T10:13:28.4237812Z Post job cleanup.
build	Post Setup Gradle	2026-01-08T10:13:28.5871705Z In final post-action step, saving state and writing summary
build	Post Setup Gradle	2026-01-08T10:13:28.5881276Z Stopping all Gradle daemons before saving Gradle User Home state
build	Post Setup Gradle	2026-01-08T10:13:28.5882483Z Stopping Gradle daemons for /home/runner/.gradle/wrapper/dists/gradle-8.14.3-bin/cv11ve7ro1n3o1j4so8xd9n66/gradle-8.14.3
build	Post Setup Gradle	2026-01-08T10:13:28.5902043Z [command]/home/runner/.gradle/wrapper/dists/gradle-8.14.3-bin/cv11ve7ro1n3o1j4so8xd9n66/gradle-8.14.3/bin/gradle --stop
build	Post Setup Gradle	2026-01-08T10:13:29.2553788Z Stopping Daemon(s)
build	Post Setup Gradle	2026-01-08T10:13:29.2555541Z 1 Daemon stopped
build	Post Setup Gradle	2026-01-08T10:13:29.2683637Z ##[group]Caching Gradle state
build	Post Setup Gradle	2026-01-08T10:13:29.2867316Z Caching generated-gradle-jars with path '/home/runner/.gradle/caches/8.14.3/generated-gradle-jars/gradle-api-8.14.3.jar' and cache key: generated-gradle-jars-4434c59050703a48bf14168622b59891
build	Post Setup Gradle	2026-01-08T10:13:29.2909769Z Caching wrapper-zips with path '/home/runner/.gradle/wrapper/dists/gradle-8.14.3-bin/cv11ve7ro1n3o1j4so8xd9n66' and cache key: wrapper-zips-5ae5d3da5e8e0c748d04bcdd9bc97bdb
build	Post Setup Gradle	2026-01-08T10:13:29.3119221Z [command]/usr/bin/tar --posix -cf cache.tzst --exclude cache.tzst -P -C /home/runner/work/web3-kmp/web3-kmp --files-from manifest.txt --use-compress-program zstdmt
build	Post Setup Gradle	2026-01-08T10:13:29.3157166Z [command]/usr/bin/tar --posix -cf cache.tzst --exclude cache.tzst -P -C /home/runner/work/web3-kmp/web3-kmp --files-from manifest.txt --use-compress-program zstdmt
build	Post Setup Gradle	2026-01-08T10:13:30.0447140Z Caching dependencies with path '/home/runner/.gradle/caches/modules-*/files-*/*/*/*/*' and cache key: dependencies-7972cb2676b32e31e4d3253207f54d49
build	Post Setup Gradle	2026-01-08T10:13:30.0658901Z Caching instrumented-jars with path '/home/runner/.gradle/caches/jars-*/*' and cache key: instrumented-jars-c77d8e7cf8a0e4c1c3d16398ccce2998
build	Post Setup Gradle	2026-01-08T10:13:30.1399284Z Caching kotlin-dsl with path '/home/runner/.gradle/caches/*/kotlin-dsl/*/*' and cache key: kotlin-dsl-0c7fb2534e505082e5448049640b5932
build	Post Setup Gradle	2026-01-08T10:13:30.1409757Z [command]/usr/bin/tar --posix -cf cache.tzst --exclude cache.tzst -P -C /home/runner/work/web3-kmp/web3-kmp --files-from manifest.txt --use-compress-program zstdmt
build	Post Setup Gradle	2026-01-08T10:13:30.1758338Z [command]/usr/bin/tar --posix -cf cache.tzst --exclude cache.tzst -P -C /home/runner/work/web3-kmp/web3-kmp --files-from manifest.txt --use-compress-program zstdmt
build	Post Setup Gradle	2026-01-08T10:13:30.2060097Z ##[warning]Failed to save cache entry with path '/home/runner/.gradle/caches/jars-*/*,zstd-without-long,1.0' and key: instrumented-jars-c77d8e7cf8a0e4c1c3d16398ccce2998: Error: <h2>Our services aren't available right now</h2><p>We're working to restore all services as soon as possible. Please check back soon.</p>0SoNfaQAAAABlMVUVzZFoRZcepN2ekttYUEhMMzBFREdFMDExOQBFZGdl
build	Post Setup Gradle	2026-01-08T10:13:30.2223153Z ##[warning]Failed to save cache entry with path '/home/runner/.gradle/caches/8.14.3/generated-gradle-jars/gradle-api-8.14.3.jar,zstd-without-long,1.0' and key: generated-gradle-jars-4434c59050703a48bf14168622b59891: Error: <h2>Our services aren't available right now</h2><p>We're working to restore all services as soon as possible. Please check back soon.</p>0SoNfaQAAAADuaXETLiO/QaTUWhkpiNm3UEhMMzBFREdFMDEwNwBFZGdl
build	Post Setup Gradle	2026-01-08T10:13:30.2594265Z ##[warning]Failed to save cache entry with path '/home/runner/.gradle/wrapper/dists/gradle-8.14.3-bin/cv11ve7ro1n3o1j4so8xd9n66,zstd-without-long,1.0' and key: wrapper-zips-5ae5d3da5e8e0c748d04bcdd9bc97bdb: Error: <h2>Our services aren't available right now</h2><p>We're working to restore all services as soon as possible. Please check back soon.</p>0SoNfaQAAAAAxG/L6TbinRJTdeFvFYztxUEhMMzBFREdFMDIxMABFZGdl
build	Post Setup Gradle	2026-01-08T10:13:30.3052628Z ##[warning]Failed to save cache entry with path '/home/runner/.gradle/caches/*/kotlin-dsl/*/*,zstd-without-long,1.0' and key: kotlin-dsl-0c7fb2534e505082e5448049640b5932: Error: <h2>Our services aren't available right now</h2><p>We're working to restore all services as soon as possible. Please check back soon.</p>0SoNfaQAAAAADj0tNsRpkRZ85JlzBgOw0UEhMMzBFREdFMDExOQBFZGdl
build	Post Setup Gradle	2026-01-08T10:13:30.6198524Z [command]/usr/bin/tar --posix -cf cache.tzst --exclude cache.tzst -P -C /home/runner/work/web3-kmp/web3-kmp --files-from manifest.txt --use-compress-program zstdmt
build	Post Setup Gradle	2026-01-08T10:13:31.1941500Z ##[warning]Failed to save cache entry with path '/home/runner/.gradle/caches/modules-*/files-*/*/*/*/*,zstd-without-long,1.0' and key: dependencies-7972cb2676b32e31e4d3253207f54d49: Error: <h2>Our services aren't available right now</h2><p>We're working to restore all services as soon as possible. Please check back soon.</p>0S4NfaQAAAADIbYiVD9UrQ4p2pXdJGJJXUEhMMzBFREdFMDExOQBFZGdl
build	Post Setup Gradle	2026-01-08T10:13:31.3029536Z Caching Gradle User Home with cache key: v8-gradle|Linux|build and check-build[37a6259cc0c1dae299a7866489dff0bd]-f05248ae710dbfe7bf6a53e4ed35a51e4712e457
build	Post Setup Gradle	2026-01-08T10:13:31.3106572Z [command]/usr/bin/tar --posix -cf cache.tzst --exclude cache.tzst -P -C /home/runner/work/web3-kmp/web3-kmp --files-from manifest.txt --use-compress-program zstdmt
build	Post Setup Gradle	2026-01-08T10:13:32.2095093Z ##[warning]Failed to save cache entry with path '/home/runner/.gradle/caches,/home/runner/.gradle/notifications,/home/runner/.gradle/.gradle-build-action,zstd-without-long,1.0' and key: v8-gradle|Linux|build and check-build[37a6259cc0c1dae299a7866489dff0bd]-f05248ae710dbfe7bf6a53e4ed35a51e4712e457: Error: <h2>Our services aren't available right now</h2><p>We're working to restore all services as soon as possible. Please check back soon.</p>0TINfaQAAAAAj9A1MRYuYQL8hwwJCkuPoUEhMMzBFREdFMDExOQBFZGdl
build	Post Setup Gradle	2026-01-08T10:13:32.2098793Z ##[endgroup]
build	Post Setup Gradle	2026-01-08T10:13:32.2099080Z Writing job summary
build	Post Set up JDK 17	ï»¿2026-01-08T10:13:32.2293708Z Post job cleanup.
build	Post Run actions/checkout@v3	ï»¿2026-01-08T10:13:32.4082475Z Post job cleanup.
build	Post Run actions/checkout@v3	2026-01-08T10:13:32.4795397Z [command]/usr/bin/git version
build	Post Run actions/checkout@v3	2026-01-08T10:13:32.4829729Z git version 2.52.0
build	Post Run actions/checkout@v3	2026-01-08T10:13:32.4873841Z Temporarily overriding HOME='/home/runner/work/_temp/cb989438-2ee6-4a04-92e8-2c3ccad54c13' before making global git config changes
build	Post Run actions/checkout@v3	2026-01-08T10:13:32.4875140Z Adding repository directory to the temporary git global config as a safe directory
build	Post Run actions/checkout@v3	2026-01-08T10:13:32.4878569Z [command]/usr/bin/git config --global --add safe.directory /home/runner/work/web3-kmp/web3-kmp
build	Post Run actions/checkout@v3	2026-01-08T10:13:32.4911329Z [command]/usr/bin/git config --local --name-only --get-regexp core\.sshCommand
build	Post Run actions/checkout@v3	2026-01-08T10:13:32.4939706Z [command]/usr/bin/git submodule foreach --recursive sh -c "git config --local --name-only --get-regexp 'core\.sshCommand' && git config --local --unset-all 'core.sshCommand' || :"
build	Post Run actions/checkout@v3	2026-01-08T10:13:32.5153291Z fatal: No url found for submodule path 'packages/address' in .gitmodules
build	Post Run actions/checkout@v3	2026-01-08T10:13:32.5180508Z ##[warning]The process '/usr/bin/git' failed with exit code 128
build	Complete job	ï»¿2026-01-08T10:13:32.5273624Z Cleaning up orphan processes
