build	Set up job	ï»¿2026-01-08T08:28:36.2353289Z Current runner version: '2.330.0'
build	Set up job	2026-01-08T08:28:36.2376376Z ##[group]Runner Image Provisioner
build	Set up job	2026-01-08T08:28:36.2377197Z Hosted Compute Agent
build	Set up job	2026-01-08T08:28:36.2377765Z Version: 20251211.462
build	Set up job	2026-01-08T08:28:36.2378338Z Commit: 6cbad8c2bb55d58165063d031ccabf57e2d2db61
build	Set up job	2026-01-08T08:28:36.2379072Z Build Date: 2025-12-11T16:28:49Z
build	Set up job	2026-01-08T08:28:36.2379699Z Worker ID: {08d012d2-6f03-4d0d-a50d-18b693677bcf}
build	Set up job	2026-01-08T08:28:36.2380389Z ##[endgroup]
build	Set up job	2026-01-08T08:28:36.2380946Z ##[group]Operating System
build	Set up job	2026-01-08T08:28:36.2381493Z Ubuntu
build	Set up job	2026-01-08T08:28:36.2382263Z 24.04.3
build	Set up job	2026-01-08T08:28:36.2382687Z LTS
build	Set up job	2026-01-08T08:28:36.2383220Z ##[endgroup]
build	Set up job	2026-01-08T08:28:36.2383717Z ##[group]Runner Image
build	Set up job	2026-01-08T08:28:36.2384243Z Image: ubuntu-24.04
build	Set up job	2026-01-08T08:28:36.2384787Z Version: 20251215.174.1
build	Set up job	2026-01-08T08:28:36.2385799Z Included Software: https://github.com/actions/runner-images/blob/ubuntu24/20251215.174/images/ubuntu/Ubuntu2404-Readme.md
build	Set up job	2026-01-08T08:28:36.2387138Z Image Release: https://github.com/actions/runner-images/releases/tag/ubuntu24%2F20251215.174
build	Set up job	2026-01-08T08:28:36.2388356Z ##[endgroup]
build	Set up job	2026-01-08T08:28:36.2389459Z ##[group]GITHUB_TOKEN Permissions
build	Set up job	2026-01-08T08:28:36.2391210Z Contents: read
build	Set up job	2026-01-08T08:28:36.2392023Z Metadata: read
build	Set up job	2026-01-08T08:28:36.2392634Z Packages: read
build	Set up job	2026-01-08T08:28:36.2393147Z ##[endgroup]
build	Set up job	2026-01-08T08:28:36.2395076Z Secret source: Actions
build	Set up job	2026-01-08T08:28:36.2395825Z Prepare workflow directory
build	Set up job	2026-01-08T08:28:36.2801447Z Prepare all required actions
build	Set up job	2026-01-08T08:28:36.2857056Z Getting action download info
build	Set up job	2026-01-08T08:28:36.6803901Z Download action repository 'actions/checkout@v3' (SHA:f43a0e5ff2bd294095638e18286ca9a3d1956744)
build	Set up job	2026-01-08T08:28:36.7662874Z Download action repository 'actions/setup-java@v3' (SHA:17f84c3641ba7b8f6deff6309fc4c864478f5d62)
build	Set up job	2026-01-08T08:28:37.2411148Z Download action repository 'gradle/gradle-build-action@v2' (SHA:a8f75513eafdebd8141bd1cd4e30fcd194af8dfa)
build	Set up job	2026-01-08T08:28:37.9364837Z Complete job name: build
build	Run actions/checkout@v3	ï»¿2026-01-08T08:28:38.0130296Z ##[group]Run actions/checkout@v3
build	Run actions/checkout@v3	2026-01-08T08:28:38.0131798Z with:
build	Run actions/checkout@v3	2026-01-08T08:28:38.0132535Z   repository: ImL1s/web3-kmp
build	Run actions/checkout@v3	2026-01-08T08:28:38.0133678Z   token: ***
build	Run actions/checkout@v3	2026-01-08T08:28:38.0134378Z   ssh-strict: true
build	Run actions/checkout@v3	2026-01-08T08:28:38.0135157Z   persist-credentials: true
build	Run actions/checkout@v3	2026-01-08T08:28:38.0136021Z   clean: true
build	Run actions/checkout@v3	2026-01-08T08:28:38.0136810Z   sparse-checkout-cone-mode: true
build	Run actions/checkout@v3	2026-01-08T08:28:38.0137775Z   fetch-depth: 1
build	Run actions/checkout@v3	2026-01-08T08:28:38.0138541Z   fetch-tags: false
build	Run actions/checkout@v3	2026-01-08T08:28:38.0139299Z   lfs: false
build	Run actions/checkout@v3	2026-01-08T08:28:38.0140047Z   submodules: false
build	Run actions/checkout@v3	2026-01-08T08:28:38.0140849Z   set-safe-directory: true
build	Run actions/checkout@v3	2026-01-08T08:28:38.0142191Z ##[endgroup]
build	Run actions/checkout@v3	2026-01-08T08:28:38.1001043Z Syncing repository: ImL1s/web3-kmp
build	Run actions/checkout@v3	2026-01-08T08:28:38.1003831Z ##[group]Getting Git version info
build	Run actions/checkout@v3	2026-01-08T08:28:38.1005146Z Working directory is '/home/runner/work/web3-kmp/web3-kmp'
build	Run actions/checkout@v3	2026-01-08T08:28:38.1007142Z [command]/usr/bin/git version
build	Run actions/checkout@v3	2026-01-08T08:28:38.1065770Z git version 2.52.0
build	Run actions/checkout@v3	2026-01-08T08:28:38.1093009Z ##[endgroup]
build	Run actions/checkout@v3	2026-01-08T08:28:38.1107603Z Temporarily overriding HOME='/home/runner/work/_temp/345c506d-fdd0-4b87-97e6-9269169ad6bb' before making global git config changes
build	Run actions/checkout@v3	2026-01-08T08:28:38.1110519Z Adding repository directory to the temporary git global config as a safe directory
build	Run actions/checkout@v3	2026-01-08T08:28:38.1113003Z [command]/usr/bin/git config --global --add safe.directory /home/runner/work/web3-kmp/web3-kmp
build	Run actions/checkout@v3	2026-01-08T08:28:38.1150456Z Deleting the contents of '/home/runner/work/web3-kmp/web3-kmp'
build	Run actions/checkout@v3	2026-01-08T08:28:38.1154322Z ##[group]Initializing the repository
build	Run actions/checkout@v3	2026-01-08T08:28:38.1157214Z [command]/usr/bin/git init /home/runner/work/web3-kmp/web3-kmp
build	Run actions/checkout@v3	2026-01-08T08:28:38.1247313Z hint: Using 'master' as the name for the initial branch. This default branch name
build	Run actions/checkout@v3	2026-01-08T08:28:38.1250383Z hint: will change to "main" in Git 3.0. To configure the initial branch name
build	Run actions/checkout@v3	2026-01-08T08:28:38.1253201Z hint: to use in all of your new repositories, which will suppress this warning,
build	Run actions/checkout@v3	2026-01-08T08:28:38.1254626Z hint: call:
build	Run actions/checkout@v3	2026-01-08T08:28:38.1255605Z hint:
build	Run actions/checkout@v3	2026-01-08T08:28:38.1256611Z hint: 	git config --global init.defaultBranch <name>
build	Run actions/checkout@v3	2026-01-08T08:28:38.1258115Z hint:
build	Run actions/checkout@v3	2026-01-08T08:28:38.1259325Z hint: Names commonly chosen instead of 'master' are 'main', 'trunk' and
build	Run actions/checkout@v3	2026-01-08T08:28:38.1261535Z hint: 'development'. The just-created branch can be renamed via this command:
build	Run actions/checkout@v3	2026-01-08T08:28:38.1263172Z hint:
build	Run actions/checkout@v3	2026-01-08T08:28:38.1263893Z hint: 	git branch -m <name>
build	Run actions/checkout@v3	2026-01-08T08:28:38.1264752Z hint:
build	Run actions/checkout@v3	2026-01-08T08:28:38.1265904Z hint: Disable this message with "git config set advice.defaultBranchName false"
build	Run actions/checkout@v3	2026-01-08T08:28:38.1267824Z Initialized empty Git repository in /home/runner/work/web3-kmp/web3-kmp/.git/
build	Run actions/checkout@v3	2026-01-08T08:28:38.1270749Z [command]/usr/bin/git remote add origin https://github.com/ImL1s/web3-kmp
build	Run actions/checkout@v3	2026-01-08T08:28:38.1293868Z ##[endgroup]
build	Run actions/checkout@v3	2026-01-08T08:28:38.1295351Z ##[group]Disabling automatic garbage collection
build	Run actions/checkout@v3	2026-01-08T08:28:38.1296943Z [command]/usr/bin/git config --local gc.auto 0
build	Run actions/checkout@v3	2026-01-08T08:28:38.1323088Z ##[endgroup]
build	Run actions/checkout@v3	2026-01-08T08:28:38.1324388Z ##[group]Setting up auth
build	Run actions/checkout@v3	2026-01-08T08:28:38.1327775Z [command]/usr/bin/git config --local --name-only --get-regexp core\.sshCommand
build	Run actions/checkout@v3	2026-01-08T08:28:38.1354385Z [command]/usr/bin/git submodule foreach --recursive sh -c "git config --local --name-only --get-regexp 'core\.sshCommand' && git config --local --unset-all 'core.sshCommand' || :"
build	Run actions/checkout@v3	2026-01-08T08:28:38.1668175Z [command]/usr/bin/git config --local --name-only --get-regexp http\.https\:\/\/github\.com\/\.extraheader
build	Run actions/checkout@v3	2026-01-08T08:28:38.1697546Z [command]/usr/bin/git submodule foreach --recursive sh -c "git config --local --name-only --get-regexp 'http\.https\:\/\/github\.com\/\.extraheader' && git config --local --unset-all 'http.https://github.com/.extraheader' || :"
build	Run actions/checkout@v3	2026-01-08T08:28:38.1910826Z [command]/usr/bin/git config --local http.https://github.com/.extraheader AUTHORIZATION: basic ***
build	Run actions/checkout@v3	2026-01-08T08:28:38.1942578Z ##[endgroup]
build	Run actions/checkout@v3	2026-01-08T08:28:38.1943954Z ##[group]Fetching the repository
build	Run actions/checkout@v3	2026-01-08T08:28:38.1950796Z [command]/usr/bin/git -c protocol.version=2 fetch --no-tags --prune --progress --no-recurse-submodules --depth=1 origin +b3d61625781492579f58a3fd92f47be4e127acde:refs/remotes/origin/master
build	Run actions/checkout@v3	2026-01-08T08:28:38.4012008Z remote: Enumerating objects: 304, done.        
build	Run actions/checkout@v3	2026-01-08T08:28:38.4014411Z remote: Counting objects:   0% (1/304)        
build	Run actions/checkout@v3	2026-01-08T08:28:38.4016005Z remote: Counting objects:   1% (4/304)        
build	Run actions/checkout@v3	2026-01-08T08:28:38.4018013Z remote: Counting objects:   2% (7/304)        
build	Run actions/checkout@v3	2026-01-08T08:28:38.4019957Z remote: Counting objects:   3% (10/304)        
build	Run actions/checkout@v3	2026-01-08T08:28:38.4022026Z remote: Counting objects:   4% (13/304)        
build	Run actions/checkout@v3	2026-01-08T08:28:38.4023925Z remote: Counting objects:   5% (16/304)        
build	Run actions/checkout@v3	2026-01-08T08:28:38.4025783Z remote: Counting objects:   6% (19/304)        
build	Run actions/checkout@v3	2026-01-08T08:28:38.4027202Z remote: Counting objects:   7% (22/304)        
build	Run actions/checkout@v3	2026-01-08T08:28:38.4028351Z remote: Counting objects:   8% (25/304)        
build	Run actions/checkout@v3	2026-01-08T08:28:38.4029474Z remote: Counting objects:   9% (28/304)        
build	Run actions/checkout@v3	2026-01-08T08:28:38.4030676Z remote: Counting objects:  10% (31/304)        
build	Run actions/checkout@v3	2026-01-08T08:28:38.4032018Z remote: Counting objects:  11% (34/304)        
build	Run actions/checkout@v3	2026-01-08T08:28:38.4033168Z remote: Counting objects:  12% (37/304)        
build	Run actions/checkout@v3	2026-01-08T08:28:38.4034291Z remote: Counting objects:  13% (40/304)        
build	Run actions/checkout@v3	2026-01-08T08:28:38.4035426Z remote: Counting objects:  14% (43/304)        
build	Run actions/checkout@v3	2026-01-08T08:28:38.4036553Z remote: Counting objects:  15% (46/304)        
build	Run actions/checkout@v3	2026-01-08T08:28:38.4037651Z remote: Counting objects:  16% (49/304)        
build	Run actions/checkout@v3	2026-01-08T08:28:38.4038766Z remote: Counting objects:  17% (52/304)        
build	Run actions/checkout@v3	2026-01-08T08:28:38.4039882Z remote: Counting objects:  18% (55/304)        
build	Run actions/checkout@v3	2026-01-08T08:28:38.4040995Z remote: Counting objects:  19% (58/304)        
build	Run actions/checkout@v3	2026-01-08T08:28:38.4042773Z remote: Counting objects:  20% (61/304)        
build	Run actions/checkout@v3	2026-01-08T08:28:38.4043915Z remote: Counting objects:  21% (64/304)        
build	Run actions/checkout@v3	2026-01-08T08:28:38.4045404Z remote: Counting objects:  22% (67/304)        
build	Run actions/checkout@v3	2026-01-08T08:28:38.4046870Z remote: Counting objects:  23% (70/304)        
build	Run actions/checkout@v3	2026-01-08T08:28:38.4047995Z remote: Counting objects:  24% (73/304)        
build	Run actions/checkout@v3	2026-01-08T08:28:38.4049093Z remote: Counting objects:  25% (76/304)        
build	Run actions/checkout@v3	2026-01-08T08:28:38.4050218Z remote: Counting objects:  26% (80/304)        
build	Run actions/checkout@v3	2026-01-08T08:28:38.4051339Z remote: Counting objects:  27% (83/304)        
build	Run actions/checkout@v3	2026-01-08T08:28:38.4053260Z remote: Counting objects:  28% (86/304)        
build	Run actions/checkout@v3	2026-01-08T08:28:38.4054682Z remote: Counting objects:  29% (89/304)        
build	Run actions/checkout@v3	2026-01-08T08:28:38.4056060Z remote: Counting objects:  30% (92/304)        
build	Run actions/checkout@v3	2026-01-08T08:28:38.4057172Z remote: Counting objects:  31% (95/304)        
build	Run actions/checkout@v3	2026-01-08T08:28:38.4058281Z remote: Counting objects:  32% (98/304)        
build	Run actions/checkout@v3	2026-01-08T08:28:38.4059865Z remote: Counting objects:  33% (101/304)        
build	Run actions/checkout@v3	2026-01-08T08:28:38.4061009Z remote: Counting objects:  34% (104/304)        
build	Run actions/checkout@v3	2026-01-08T08:28:38.4062334Z remote: Counting objects:  35% (107/304)        
build	Run actions/checkout@v3	2026-01-08T08:28:38.4063502Z remote: Counting objects:  36% (110/304)        
build	Run actions/checkout@v3	2026-01-08T08:28:38.4064604Z remote: Counting objects:  37% (113/304)        
build	Run actions/checkout@v3	2026-01-08T08:28:38.4065712Z remote: Counting objects:  38% (116/304)        
build	Run actions/checkout@v3	2026-01-08T08:28:38.4066834Z remote: Counting objects:  39% (119/304)        
build	Run actions/checkout@v3	2026-01-08T08:28:38.4067942Z remote: Counting objects:  40% (122/304)        
build	Run actions/checkout@v3	2026-01-08T08:28:38.4069056Z remote: Counting objects:  41% (125/304)        
build	Run actions/checkout@v3	2026-01-08T08:28:38.4070163Z remote: Counting objects:  42% (128/304)        
build	Run actions/checkout@v3	2026-01-08T08:28:38.4071283Z remote: Counting objects:  43% (131/304)        
build	Run actions/checkout@v3	2026-01-08T08:28:38.4072698Z remote: Counting objects:  44% (134/304)        
build	Run actions/checkout@v3	2026-01-08T08:28:38.4073997Z remote: Counting objects:  45% (137/304)        
build	Run actions/checkout@v3	2026-01-08T08:28:38.4075114Z remote: Counting objects:  46% (140/304)        
build	Run actions/checkout@v3	2026-01-08T08:28:38.4076237Z remote: Counting objects:  47% (143/304)        
build	Run actions/checkout@v3	2026-01-08T08:28:38.4077351Z remote: Counting objects:  48% (146/304)        
build	Run actions/checkout@v3	2026-01-08T08:28:38.4078491Z remote: Counting objects:  49% (149/304)        
build	Run actions/checkout@v3	2026-01-08T08:28:38.4079807Z remote: Counting objects:  50% (152/304)        
build	Run actions/checkout@v3	2026-01-08T08:28:38.4080972Z remote: Counting objects:  51% (156/304)        
build	Run actions/checkout@v3	2026-01-08T08:28:38.4082285Z remote: Counting objects:  52% (159/304)        
build	Run actions/checkout@v3	2026-01-08T08:28:38.4083398Z remote: Counting objects:  53% (162/304)        
build	Run actions/checkout@v3	2026-01-08T08:28:38.4084520Z remote: Counting objects:  54% (165/304)        
build	Run actions/checkout@v3	2026-01-08T08:28:38.4085629Z remote: Counting objects:  55% (168/304)        
build	Run actions/checkout@v3	2026-01-08T08:28:38.4086739Z remote: Counting objects:  56% (171/304)        
build	Run actions/checkout@v3	2026-01-08T08:28:38.4087839Z remote: Counting objects:  57% (174/304)        
build	Run actions/checkout@v3	2026-01-08T08:28:38.4088961Z remote: Counting objects:  58% (177/304)        
build	Run actions/checkout@v3	2026-01-08T08:28:38.4090056Z remote: Counting objects:  59% (180/304)        
build	Run actions/checkout@v3	2026-01-08T08:28:38.4091155Z remote: Counting objects:  60% (183/304)        
build	Run actions/checkout@v3	2026-01-08T08:28:38.4092522Z remote: Counting objects:  61% (186/304)        
build	Run actions/checkout@v3	2026-01-08T08:28:38.4093635Z remote: Counting objects:  62% (189/304)        
build	Run actions/checkout@v3	2026-01-08T08:28:38.4094772Z remote: Counting objects:  63% (192/304)        
build	Run actions/checkout@v3	2026-01-08T08:28:38.4095896Z remote: Counting objects:  64% (195/304)        
build	Run actions/checkout@v3	2026-01-08T08:28:38.4097005Z remote: Counting objects:  65% (198/304)        
build	Run actions/checkout@v3	2026-01-08T08:28:38.4098114Z remote: Counting objects:  66% (201/304)        
build	Run actions/checkout@v3	2026-01-08T08:28:38.4099225Z remote: Counting objects:  67% (204/304)        
build	Run actions/checkout@v3	2026-01-08T08:28:38.4100534Z remote: Counting objects:  68% (207/304)        
build	Run actions/checkout@v3	2026-01-08T08:28:38.4101807Z remote: Counting objects:  69% (210/304)        
build	Run actions/checkout@v3	2026-01-08T08:28:38.4102939Z remote: Counting objects:  70% (213/304)        
build	Run actions/checkout@v3	2026-01-08T08:28:38.4104047Z remote: Counting objects:  71% (216/304)        
build	Run actions/checkout@v3	2026-01-08T08:28:38.4105152Z remote: Counting objects:  72% (219/304)        
build	Run actions/checkout@v3	2026-01-08T08:28:38.4106268Z remote: Counting objects:  73% (222/304)        
build	Run actions/checkout@v3	2026-01-08T08:28:38.4107357Z remote: Counting objects:  74% (225/304)        
build	Run actions/checkout@v3	2026-01-08T08:28:38.4108455Z remote: Counting objects:  75% (228/304)        
build	Run actions/checkout@v3	2026-01-08T08:28:38.4109799Z remote: Counting objects:  76% (232/304)        
build	Run actions/checkout@v3	2026-01-08T08:28:38.4110901Z remote: Counting objects:  77% (235/304)        
build	Run actions/checkout@v3	2026-01-08T08:28:38.4112109Z remote: Counting objects:  78% (238/304)        
build	Run actions/checkout@v3	2026-01-08T08:28:38.4113202Z remote: Counting objects:  79% (241/304)        
build	Run actions/checkout@v3	2026-01-08T08:28:38.4114304Z remote: Counting objects:  80% (244/304)        
build	Run actions/checkout@v3	2026-01-08T08:28:38.4115398Z remote: Counting objects:  81% (247/304)        
build	Run actions/checkout@v3	2026-01-08T08:28:38.4116491Z remote: Counting objects:  82% (250/304)        
build	Run actions/checkout@v3	2026-01-08T08:28:38.4117575Z remote: Counting objects:  83% (253/304)        
build	Run actions/checkout@v3	2026-01-08T08:28:38.4118663Z remote: Counting objects:  84% (256/304)        
build	Run actions/checkout@v3	2026-01-08T08:28:38.4119751Z remote: Counting objects:  85% (259/304)        
build	Run actions/checkout@v3	2026-01-08T08:28:38.4120843Z remote: Counting objects:  86% (262/304)        
build	Run actions/checkout@v3	2026-01-08T08:28:38.4122029Z remote: Counting objects:  87% (265/304)        
build	Run actions/checkout@v3	2026-01-08T08:28:38.4123119Z remote: Counting objects:  88% (268/304)        
build	Run actions/checkout@v3	2026-01-08T08:28:38.4124235Z remote: Counting objects:  89% (271/304)        
build	Run actions/checkout@v3	2026-01-08T08:28:38.4125332Z remote: Counting objects:  90% (274/304)        
build	Run actions/checkout@v3	2026-01-08T08:28:38.4126421Z remote: Counting objects:  91% (277/304)        
build	Run actions/checkout@v3	2026-01-08T08:28:38.4127513Z remote: Counting objects:  92% (280/304)        
build	Run actions/checkout@v3	2026-01-08T08:28:38.4128599Z remote: Counting objects:  93% (283/304)        
build	Run actions/checkout@v3	2026-01-08T08:28:38.4129698Z remote: Counting objects:  94% (286/304)        
build	Run actions/checkout@v3	2026-01-08T08:28:38.4130801Z remote: Counting objects:  95% (289/304)        
build	Run actions/checkout@v3	2026-01-08T08:28:38.4131986Z remote: Counting objects:  96% (292/304)        
build	Run actions/checkout@v3	2026-01-08T08:28:38.4133091Z remote: Counting objects:  97% (295/304)        
build	Run actions/checkout@v3	2026-01-08T08:28:38.4134196Z remote: Counting objects:  98% (298/304)        
build	Run actions/checkout@v3	2026-01-08T08:28:38.4135293Z remote: Counting objects:  99% (301/304)        
build	Run actions/checkout@v3	2026-01-08T08:28:38.4136380Z remote: Counting objects: 100% (304/304)        
build	Run actions/checkout@v3	2026-01-08T08:28:38.4137525Z remote: Counting objects: 100% (304/304), done.        
build	Run actions/checkout@v3	2026-01-08T08:28:38.4138858Z remote: Compressing objects:   0% (1/177)        
build	Run actions/checkout@v3	2026-01-08T08:28:38.4139987Z remote: Compressing objects:   1% (2/177)        
build	Run actions/checkout@v3	2026-01-08T08:28:38.4141111Z remote: Compressing objects:   2% (4/177)        
build	Run actions/checkout@v3	2026-01-08T08:28:38.4142394Z remote: Compressing objects:   3% (6/177)        
build	Run actions/checkout@v3	2026-01-08T08:28:38.4143516Z remote: Compressing objects:   4% (8/177)        
build	Run actions/checkout@v3	2026-01-08T08:28:38.4144640Z remote: Compressing objects:   5% (9/177)        
build	Run actions/checkout@v3	2026-01-08T08:28:38.4145765Z remote: Compressing objects:   6% (11/177)        
build	Run actions/checkout@v3	2026-01-08T08:28:38.4146876Z remote: Compressing objects:   7% (13/177)        
build	Run actions/checkout@v3	2026-01-08T08:28:38.4148004Z remote: Compressing objects:   8% (15/177)        
build	Run actions/checkout@v3	2026-01-08T08:28:38.4149113Z remote: Compressing objects:   9% (16/177)        
build	Run actions/checkout@v3	2026-01-08T08:28:38.4150234Z remote: Compressing objects:  10% (18/177)        
build	Run actions/checkout@v3	2026-01-08T08:28:38.4151351Z remote: Compressing objects:  11% (20/177)        
build	Run actions/checkout@v3	2026-01-08T08:28:38.4152605Z remote: Compressing objects:  12% (22/177)        
build	Run actions/checkout@v3	2026-01-08T08:28:38.4153776Z remote: Compressing objects:  13% (24/177)        
build	Run actions/checkout@v3	2026-01-08T08:28:38.4154910Z remote: Compressing objects:  14% (25/177)        
build	Run actions/checkout@v3	2026-01-08T08:28:38.4156034Z remote: Compressing objects:  15% (27/177)        
build	Run actions/checkout@v3	2026-01-08T08:28:38.4157169Z remote: Compressing objects:  16% (29/177)        
build	Run actions/checkout@v3	2026-01-08T08:28:38.4158290Z remote: Compressing objects:  17% (31/177)        
build	Run actions/checkout@v3	2026-01-08T08:28:38.4159427Z remote: Compressing objects:  18% (32/177)        
build	Run actions/checkout@v3	2026-01-08T08:28:38.4160565Z remote: Compressing objects:  19% (34/177)        
build	Run actions/checkout@v3	2026-01-08T08:28:38.4161786Z remote: Compressing objects:  20% (36/177)        
build	Run actions/checkout@v3	2026-01-08T08:28:38.4162930Z remote: Compressing objects:  21% (38/177)        
build	Run actions/checkout@v3	2026-01-08T08:28:38.4164076Z remote: Compressing objects:  22% (39/177)        
build	Run actions/checkout@v3	2026-01-08T08:28:38.4165851Z remote: Compressing objects:  23% (41/177)        
build	Run actions/checkout@v3	2026-01-08T08:28:38.4167713Z remote: Compressing objects:  24% (43/177)        
build	Run actions/checkout@v3	2026-01-08T08:28:38.4169561Z remote: Compressing objects:  25% (45/177)        
build	Run actions/checkout@v3	2026-01-08T08:28:38.4171528Z remote: Compressing objects:  26% (47/177)        
build	Run actions/checkout@v3	2026-01-08T08:28:38.4172841Z remote: Compressing objects:  27% (48/177)        
build	Run actions/checkout@v3	2026-01-08T08:28:38.4174024Z remote: Compressing objects:  28% (50/177)        
build	Run actions/checkout@v3	2026-01-08T08:28:38.4175526Z remote: Compressing objects:  29% (52/177)        
build	Run actions/checkout@v3	2026-01-08T08:28:38.4176745Z remote: Compressing objects:  30% (54/177)        
build	Run actions/checkout@v3	2026-01-08T08:28:38.4177946Z remote: Compressing objects:  31% (55/177)        
build	Run actions/checkout@v3	2026-01-08T08:28:38.4179072Z remote: Compressing objects:  32% (57/177)        
build	Run actions/checkout@v3	2026-01-08T08:28:38.4180206Z remote: Compressing objects:  33% (59/177)        
build	Run actions/checkout@v3	2026-01-08T08:28:38.4181361Z remote: Compressing objects:  34% (61/177)        
build	Run actions/checkout@v3	2026-01-08T08:28:38.4182678Z remote: Compressing objects:  35% (62/177)        
build	Run actions/checkout@v3	2026-01-08T08:28:38.4184711Z remote: Compressing objects:  36% (64/177)        
build	Run actions/checkout@v3	2026-01-08T08:28:38.4186549Z remote: Compressing objects:  37% (66/177)        
build	Run actions/checkout@v3	2026-01-08T08:28:38.4187717Z remote: Compressing objects:  38% (68/177)        
build	Run actions/checkout@v3	2026-01-08T08:28:38.4188866Z remote: Compressing objects:  39% (70/177)        
build	Run actions/checkout@v3	2026-01-08T08:28:38.4189988Z remote: Compressing objects:  40% (71/177)        
build	Run actions/checkout@v3	2026-01-08T08:28:38.4191101Z remote: Compressing objects:  41% (73/177)        
build	Run actions/checkout@v3	2026-01-08T08:28:38.4192435Z remote: Compressing objects:  42% (75/177)        
build	Run actions/checkout@v3	2026-01-08T08:28:38.4193552Z remote: Compressing objects:  43% (77/177)        
build	Run actions/checkout@v3	2026-01-08T08:28:38.4194727Z remote: Compressing objects:  44% (78/177)        
build	Run actions/checkout@v3	2026-01-08T08:28:38.4195864Z remote: Compressing objects:  45% (80/177)        
build	Run actions/checkout@v3	2026-01-08T08:28:38.4196979Z remote: Compressing objects:  46% (82/177)        
build	Run actions/checkout@v3	2026-01-08T08:28:38.4198236Z remote: Compressing objects:  47% (84/177)        
build	Run actions/checkout@v3	2026-01-08T08:28:38.4199356Z remote: Compressing objects:  48% (85/177)        
build	Run actions/checkout@v3	2026-01-08T08:28:38.4201006Z remote: Compressing objects:  49% (87/177)        
build	Run actions/checkout@v3	2026-01-08T08:28:38.4203190Z remote: Compressing objects:  50% (89/177)        
build	Run actions/checkout@v3	2026-01-08T08:28:38.4205339Z remote: Compressing objects:  51% (91/177)        
build	Run actions/checkout@v3	2026-01-08T08:28:38.4207271Z remote: Compressing objects:  52% (93/177)        
build	Run actions/checkout@v3	2026-01-08T08:28:38.4209164Z remote: Compressing objects:  53% (94/177)        
build	Run actions/checkout@v3	2026-01-08T08:28:38.4211111Z remote: Compressing objects:  54% (96/177)        
build	Run actions/checkout@v3	2026-01-08T08:28:38.4212579Z remote: Compressing objects:  55% (98/177)        
build	Run actions/checkout@v3	2026-01-08T08:28:38.4213706Z remote: Compressing objects:  56% (100/177)        
build	Run actions/checkout@v3	2026-01-08T08:28:38.4214831Z remote: Compressing objects:  57% (101/177)        
build	Run actions/checkout@v3	2026-01-08T08:28:38.4215955Z remote: Compressing objects:  58% (103/177)        
build	Run actions/checkout@v3	2026-01-08T08:28:38.4217076Z remote: Compressing objects:  59% (105/177)        
build	Run actions/checkout@v3	2026-01-08T08:28:38.4218203Z remote: Compressing objects:  60% (107/177)        
build	Run actions/checkout@v3	2026-01-08T08:28:38.4219324Z remote: Compressing objects:  61% (108/177)        
build	Run actions/checkout@v3	2026-01-08T08:28:38.4220439Z remote: Compressing objects:  62% (110/177)        
build	Run actions/checkout@v3	2026-01-08T08:28:38.4221734Z remote: Compressing objects:  63% (112/177)        
build	Run actions/checkout@v3	2026-01-08T08:28:38.4222980Z remote: Compressing objects:  64% (114/177)        
build	Run actions/checkout@v3	2026-01-08T08:28:38.4224124Z remote: Compressing objects:  65% (116/177)        
build	Run actions/checkout@v3	2026-01-08T08:28:38.4225247Z remote: Compressing objects:  66% (117/177)        
build	Run actions/checkout@v3	2026-01-08T08:28:38.4226360Z remote: Compressing objects:  67% (119/177)        
build	Run actions/checkout@v3	2026-01-08T08:28:38.4227484Z remote: Compressing objects:  68% (121/177)        
build	Run actions/checkout@v3	2026-01-08T08:28:38.4228601Z remote: Compressing objects:  69% (123/177)        
build	Run actions/checkout@v3	2026-01-08T08:28:38.4229713Z remote: Compressing objects:  70% (124/177)        
build	Run actions/checkout@v3	2026-01-08T08:28:38.4230827Z remote: Compressing objects:  71% (126/177)        
build	Run actions/checkout@v3	2026-01-08T08:28:38.4232181Z remote: Compressing objects:  72% (128/177)        
build	Run actions/checkout@v3	2026-01-08T08:28:38.4233311Z remote: Compressing objects:  73% (130/177)        
build	Run actions/checkout@v3	2026-01-08T08:28:38.4234437Z remote: Compressing objects:  74% (131/177)        
build	Run actions/checkout@v3	2026-01-08T08:28:38.4235575Z remote: Compressing objects:  75% (133/177)        
build	Run actions/checkout@v3	2026-01-08T08:28:38.4236902Z remote: Compressing objects:  76% (135/177)        
build	Run actions/checkout@v3	2026-01-08T08:28:38.4238074Z remote: Compressing objects:  77% (137/177)        
build	Run actions/checkout@v3	2026-01-08T08:28:38.4239191Z remote: Compressing objects:  78% (139/177)        
build	Run actions/checkout@v3	2026-01-08T08:28:38.4240316Z remote: Compressing objects:  79% (140/177)        
build	Run actions/checkout@v3	2026-01-08T08:28:38.4241421Z remote: Compressing objects:  80% (142/177)        
build	Run actions/checkout@v3	2026-01-08T08:28:38.4242674Z remote: Compressing objects:  81% (144/177)        
build	Run actions/checkout@v3	2026-01-08T08:28:38.4243798Z remote: Compressing objects:  82% (146/177)        
build	Run actions/checkout@v3	2026-01-08T08:28:38.4244912Z remote: Compressing objects:  83% (147/177)        
build	Run actions/checkout@v3	2026-01-08T08:28:38.4246022Z remote: Compressing objects:  84% (149/177)        
build	Run actions/checkout@v3	2026-01-08T08:28:38.4247131Z remote: Compressing objects:  85% (151/177)        
build	Run actions/checkout@v3	2026-01-08T08:28:38.4248241Z remote: Compressing objects:  86% (153/177)        
build	Run actions/checkout@v3	2026-01-08T08:28:38.4249370Z remote: Compressing objects:  87% (154/177)        
build	Run actions/checkout@v3	2026-01-08T08:28:38.4250485Z remote: Compressing objects:  88% (156/177)        
build	Run actions/checkout@v3	2026-01-08T08:28:38.4251824Z remote: Compressing objects:  89% (158/177)        
build	Run actions/checkout@v3	2026-01-08T08:28:38.4252984Z remote: Compressing objects:  90% (160/177)        
build	Run actions/checkout@v3	2026-01-08T08:28:38.4254127Z remote: Compressing objects:  91% (162/177)        
build	Run actions/checkout@v3	2026-01-08T08:28:38.4255249Z remote: Compressing objects:  92% (163/177)        
build	Run actions/checkout@v3	2026-01-08T08:28:38.4256352Z remote: Compressing objects:  93% (165/177)        
build	Run actions/checkout@v3	2026-01-08T08:28:38.4257475Z remote: Compressing objects:  94% (167/177)        
build	Run actions/checkout@v3	2026-01-08T08:28:38.4258595Z remote: Compressing objects:  95% (169/177)        
build	Run actions/checkout@v3	2026-01-08T08:28:38.4259719Z remote: Compressing objects:  96% (170/177)        
build	Run actions/checkout@v3	2026-01-08T08:28:38.4260843Z remote: Compressing objects:  97% (172/177)        
build	Run actions/checkout@v3	2026-01-08T08:28:38.4262070Z remote: Compressing objects:  98% (174/177)        
build	Run actions/checkout@v3	2026-01-08T08:28:38.4263238Z remote: Compressing objects:  99% (176/177)        
build	Run actions/checkout@v3	2026-01-08T08:28:38.4264358Z remote: Compressing objects: 100% (177/177)        
build	Run actions/checkout@v3	2026-01-08T08:28:38.4265560Z remote: Compressing objects: 100% (177/177), done.        
build	Run actions/checkout@v3	2026-01-08T08:28:38.4266909Z Receiving objects:   0% (1/304)
build	Run actions/checkout@v3	2026-01-08T08:28:38.4267772Z Receiving objects:   1% (4/304)
build	Run actions/checkout@v3	2026-01-08T08:28:38.4268625Z Receiving objects:   2% (7/304)
build	Run actions/checkout@v3	2026-01-08T08:28:38.4269481Z Receiving objects:   3% (10/304)
build	Run actions/checkout@v3	2026-01-08T08:28:38.4270368Z Receiving objects:   4% (13/304)
build	Run actions/checkout@v3	2026-01-08T08:28:38.4271233Z Receiving objects:   5% (16/304)
build	Run actions/checkout@v3	2026-01-08T08:28:38.4272223Z Receiving objects:   6% (19/304)
build	Run actions/checkout@v3	2026-01-08T08:28:38.4273095Z Receiving objects:   7% (22/304)
build	Run actions/checkout@v3	2026-01-08T08:28:38.4325792Z Receiving objects:   8% (25/304)
build	Run actions/checkout@v3	2026-01-08T08:28:38.4327494Z Receiving objects:   9% (28/304)
build	Run actions/checkout@v3	2026-01-08T08:28:38.4337710Z Receiving objects:  10% (31/304)
build	Run actions/checkout@v3	2026-01-08T08:28:38.4339317Z Receiving objects:  11% (34/304)
build	Run actions/checkout@v3	2026-01-08T08:28:38.4340857Z Receiving objects:  12% (37/304)
build	Run actions/checkout@v3	2026-01-08T08:28:38.4342074Z Receiving objects:  13% (40/304)
build	Run actions/checkout@v3	2026-01-08T08:28:38.4342983Z Receiving objects:  14% (43/304)
build	Run actions/checkout@v3	2026-01-08T08:28:38.4343909Z Receiving objects:  15% (46/304)
build	Run actions/checkout@v3	2026-01-08T08:28:38.4344855Z Receiving objects:  16% (49/304)
build	Run actions/checkout@v3	2026-01-08T08:28:38.4355657Z Receiving objects:  17% (52/304)
build	Run actions/checkout@v3	2026-01-08T08:28:38.4357267Z Receiving objects:  18% (55/304)
build	Run actions/checkout@v3	2026-01-08T08:28:38.4358577Z Receiving objects:  19% (58/304)
build	Run actions/checkout@v3	2026-01-08T08:28:38.4359702Z Receiving objects:  20% (61/304)
build	Run actions/checkout@v3	2026-01-08T08:28:38.4366944Z Receiving objects:  21% (64/304)
build	Run actions/checkout@v3	2026-01-08T08:28:38.4368584Z Receiving objects:  22% (67/304)
build	Run actions/checkout@v3	2026-01-08T08:28:38.4486098Z Receiving objects:  23% (70/304)
build	Run actions/checkout@v3	2026-01-08T08:28:38.4487390Z Receiving objects:  24% (73/304)
build	Run actions/checkout@v3	2026-01-08T08:28:38.4489057Z Receiving objects:  25% (76/304)
build	Run actions/checkout@v3	2026-01-08T08:28:38.4490669Z Receiving objects:  26% (80/304)
build	Run actions/checkout@v3	2026-01-08T08:28:38.4492676Z Receiving objects:  27% (83/304)
build	Run actions/checkout@v3	2026-01-08T08:28:38.4494425Z Receiving objects:  28% (86/304)
build	Run actions/checkout@v3	2026-01-08T08:28:38.4495950Z Receiving objects:  29% (89/304)
build	Run actions/checkout@v3	2026-01-08T08:28:38.4497239Z Receiving objects:  30% (92/304)
build	Run actions/checkout@v3	2026-01-08T08:28:38.4498767Z Receiving objects:  31% (95/304)
build	Run actions/checkout@v3	2026-01-08T08:28:38.4500517Z Receiving objects:  32% (98/304)
build	Run actions/checkout@v3	2026-01-08T08:28:38.4502165Z Receiving objects:  33% (101/304)
build	Run actions/checkout@v3	2026-01-08T08:28:38.4503512Z Receiving objects:  34% (104/304)
build	Run actions/checkout@v3	2026-01-08T08:28:38.4505013Z Receiving objects:  35% (107/304)
build	Run actions/checkout@v3	2026-01-08T08:28:38.4506482Z Receiving objects:  36% (110/304)
build	Run actions/checkout@v3	2026-01-08T08:28:38.4507505Z Receiving objects:  37% (113/304)
build	Run actions/checkout@v3	2026-01-08T08:28:38.4508425Z Receiving objects:  38% (116/304)
build	Run actions/checkout@v3	2026-01-08T08:28:38.4509484Z Receiving objects:  39% (119/304)
build	Run actions/checkout@v3	2026-01-08T08:28:38.4510600Z Receiving objects:  40% (122/304)
build	Run actions/checkout@v3	2026-01-08T08:28:38.4511716Z Receiving objects:  41% (125/304)
build	Run actions/checkout@v3	2026-01-08T08:28:38.4512629Z Receiving objects:  42% (128/304)
build	Run actions/checkout@v3	2026-01-08T08:28:38.4513537Z Receiving objects:  43% (131/304)
build	Run actions/checkout@v3	2026-01-08T08:28:38.4514430Z Receiving objects:  44% (134/304)
build	Run actions/checkout@v3	2026-01-08T08:28:38.4515344Z Receiving objects:  45% (137/304)
build	Run actions/checkout@v3	2026-01-08T08:28:38.4516250Z Receiving objects:  46% (140/304)
build	Run actions/checkout@v3	2026-01-08T08:28:39.4196449Z Receiving objects:  47% (143/304)
build	Run actions/checkout@v3	2026-01-08T08:28:39.8215838Z Receiving objects:  47% (144/304), 67.46 MiB | 67.45 MiB/s
build	Run actions/checkout@v3	2026-01-08T08:28:39.8216929Z Receiving objects:  48% (146/304), 67.46 MiB | 67.45 MiB/s
build	Run actions/checkout@v3	2026-01-08T08:28:39.8217686Z Receiving objects:  49% (149/304), 67.46 MiB | 67.45 MiB/s
build	Run actions/checkout@v3	2026-01-08T08:28:39.8218394Z Receiving objects:  50% (152/304), 67.46 MiB | 67.45 MiB/s
build	Run actions/checkout@v3	2026-01-08T08:28:39.8219107Z Receiving objects:  51% (156/304), 67.46 MiB | 67.45 MiB/s
build	Run actions/checkout@v3	2026-01-08T08:28:39.8219808Z Receiving objects:  52% (159/304), 67.46 MiB | 67.45 MiB/s
build	Run actions/checkout@v3	2026-01-08T08:28:39.8220535Z Receiving objects:  53% (162/304), 67.46 MiB | 67.45 MiB/s
build	Run actions/checkout@v3	2026-01-08T08:28:39.8305511Z Receiving objects:  54% (165/304), 67.46 MiB | 67.45 MiB/s
build	Run actions/checkout@v3	2026-01-08T08:28:39.8306443Z Receiving objects:  55% (168/304), 67.46 MiB | 67.45 MiB/s
build	Run actions/checkout@v3	2026-01-08T08:28:39.8307264Z Receiving objects:  56% (171/304), 67.46 MiB | 67.45 MiB/s
build	Run actions/checkout@v3	2026-01-08T08:28:39.8308099Z Receiving objects:  57% (174/304), 67.46 MiB | 67.45 MiB/s
build	Run actions/checkout@v3	2026-01-08T08:28:39.8308843Z Receiving objects:  58% (177/304), 67.46 MiB | 67.45 MiB/s
build	Run actions/checkout@v3	2026-01-08T08:28:39.8309912Z Receiving objects:  59% (180/304), 67.46 MiB | 67.45 MiB/s
build	Run actions/checkout@v3	2026-01-08T08:28:39.8310718Z Receiving objects:  60% (183/304), 67.46 MiB | 67.45 MiB/s
build	Run actions/checkout@v3	2026-01-08T08:28:39.8311428Z Receiving objects:  61% (186/304), 67.46 MiB | 67.45 MiB/s
build	Run actions/checkout@v3	2026-01-08T08:28:39.8312337Z Receiving objects:  62% (189/304), 67.46 MiB | 67.45 MiB/s
build	Run actions/checkout@v3	2026-01-08T08:28:39.8313018Z Receiving objects:  63% (192/304), 67.46 MiB | 67.45 MiB/s
build	Run actions/checkout@v3	2026-01-08T08:28:39.8313712Z Receiving objects:  64% (195/304), 67.46 MiB | 67.45 MiB/s
build	Run actions/checkout@v3	2026-01-08T08:28:39.8314381Z Receiving objects:  65% (198/304), 67.46 MiB | 67.45 MiB/s
build	Run actions/checkout@v3	2026-01-08T08:28:39.8315082Z Receiving objects:  66% (201/304), 67.46 MiB | 67.45 MiB/s
build	Run actions/checkout@v3	2026-01-08T08:28:39.8315774Z Receiving objects:  67% (204/304), 67.46 MiB | 67.45 MiB/s
build	Run actions/checkout@v3	2026-01-08T08:28:39.8316476Z Receiving objects:  68% (207/304), 67.46 MiB | 67.45 MiB/s
build	Run actions/checkout@v3	2026-01-08T08:28:39.8317176Z Receiving objects:  69% (210/304), 67.46 MiB | 67.45 MiB/s
build	Run actions/checkout@v3	2026-01-08T08:28:39.8330339Z Receiving objects:  70% (213/304), 67.46 MiB | 67.45 MiB/s
build	Run actions/checkout@v3	2026-01-08T08:28:39.8331188Z Receiving objects:  71% (216/304), 67.46 MiB | 67.45 MiB/s
build	Run actions/checkout@v3	2026-01-08T08:28:39.8332049Z Receiving objects:  72% (219/304), 67.46 MiB | 67.45 MiB/s
build	Run actions/checkout@v3	2026-01-08T08:28:39.8332730Z Receiving objects:  73% (222/304), 67.46 MiB | 67.45 MiB/s
build	Run actions/checkout@v3	2026-01-08T08:28:39.8334040Z Receiving objects:  74% (225/304), 67.46 MiB | 67.45 MiB/s
build	Run actions/checkout@v3	2026-01-08T08:28:39.8334906Z Receiving objects:  75% (228/304), 67.46 MiB | 67.45 MiB/s
build	Run actions/checkout@v3	2026-01-08T08:28:39.8335643Z Receiving objects:  76% (232/304), 67.46 MiB | 67.45 MiB/s
build	Run actions/checkout@v3	2026-01-08T08:28:39.8426267Z Receiving objects:  77% (235/304), 67.46 MiB | 67.45 MiB/s
build	Run actions/checkout@v3	2026-01-08T08:28:39.8427903Z Receiving objects:  78% (238/304), 67.46 MiB | 67.45 MiB/s
build	Run actions/checkout@v3	2026-01-08T08:28:39.8430762Z Receiving objects:  79% (241/304), 67.46 MiB | 67.45 MiB/s
build	Run actions/checkout@v3	2026-01-08T08:28:39.8431804Z remote: Total 304 (delta 21), reused 296 (delta 17), pack-reused 0 (from 0)        
build	Run actions/checkout@v3	2026-01-08T08:28:39.8437619Z Receiving objects:  80% (244/304), 67.46 MiB | 67.45 MiB/s
build	Run actions/checkout@v3	2026-01-08T08:28:39.8439683Z Receiving objects:  81% (247/304), 67.46 MiB | 67.45 MiB/s
build	Run actions/checkout@v3	2026-01-08T08:28:39.8440409Z Receiving objects:  82% (250/304), 67.46 MiB | 67.45 MiB/s
build	Run actions/checkout@v3	2026-01-08T08:28:39.8441102Z Receiving objects:  83% (253/304), 67.46 MiB | 67.45 MiB/s
build	Run actions/checkout@v3	2026-01-08T08:28:39.8441968Z Receiving objects:  84% (256/304), 67.46 MiB | 67.45 MiB/s
build	Run actions/checkout@v3	2026-01-08T08:28:39.8442682Z Receiving objects:  85% (259/304), 67.46 MiB | 67.45 MiB/s
build	Run actions/checkout@v3	2026-01-08T08:28:39.8443372Z Receiving objects:  86% (262/304), 67.46 MiB | 67.45 MiB/s
build	Run actions/checkout@v3	2026-01-08T08:28:39.8444082Z Receiving objects:  87% (265/304), 67.46 MiB | 67.45 MiB/s
build	Run actions/checkout@v3	2026-01-08T08:28:39.8444736Z Receiving objects:  88% (268/304), 67.46 MiB | 67.45 MiB/s
build	Run actions/checkout@v3	2026-01-08T08:28:39.8449340Z Receiving objects:  89% (271/304), 67.46 MiB | 67.45 MiB/s
build	Run actions/checkout@v3	2026-01-08T08:28:39.8450449Z Receiving objects:  90% (274/304), 67.46 MiB | 67.45 MiB/s
build	Run actions/checkout@v3	2026-01-08T08:28:39.8454285Z Receiving objects:  91% (277/304), 67.46 MiB | 67.45 MiB/s
build	Run actions/checkout@v3	2026-01-08T08:28:39.8455083Z Receiving objects:  92% (280/304), 67.46 MiB | 67.45 MiB/s
build	Run actions/checkout@v3	2026-01-08T08:28:39.8455960Z Receiving objects:  93% (283/304), 67.46 MiB | 67.45 MiB/s
build	Run actions/checkout@v3	2026-01-08T08:28:39.8456692Z Receiving objects:  94% (286/304), 67.46 MiB | 67.45 MiB/s
build	Run actions/checkout@v3	2026-01-08T08:28:39.8457383Z Receiving objects:  95% (289/304), 67.46 MiB | 67.45 MiB/s
build	Run actions/checkout@v3	2026-01-08T08:28:39.8458103Z Receiving objects:  96% (292/304), 67.46 MiB | 67.45 MiB/s
build	Run actions/checkout@v3	2026-01-08T08:28:39.8458837Z Receiving objects:  97% (295/304), 67.46 MiB | 67.45 MiB/s
build	Run actions/checkout@v3	2026-01-08T08:28:39.8459519Z Receiving objects:  98% (298/304), 67.46 MiB | 67.45 MiB/s
build	Run actions/checkout@v3	2026-01-08T08:28:39.8460228Z Receiving objects:  99% (301/304), 67.46 MiB | 67.45 MiB/s
build	Run actions/checkout@v3	2026-01-08T08:28:39.8460955Z Receiving objects: 100% (304/304), 67.46 MiB | 67.45 MiB/s
build	Run actions/checkout@v3	2026-01-08T08:28:39.8461903Z Receiving objects: 100% (304/304), 97.75 MiB | 68.60 MiB/s, done.
build	Run actions/checkout@v3	2026-01-08T08:28:39.8462604Z Resolving deltas:   0% (0/21)
build	Run actions/checkout@v3	2026-01-08T08:28:39.8463114Z Resolving deltas:   4% (1/21)
build	Run actions/checkout@v3	2026-01-08T08:28:39.8463633Z Resolving deltas:  14% (3/21)
build	Run actions/checkout@v3	2026-01-08T08:28:39.8464138Z Resolving deltas:  19% (4/21)
build	Run actions/checkout@v3	2026-01-08T08:28:39.8464796Z Resolving deltas:  23% (5/21)
build	Run actions/checkout@v3	2026-01-08T08:28:39.8465097Z Resolving deltas:  28% (6/21)
build	Run actions/checkout@v3	2026-01-08T08:28:39.8465415Z Resolving deltas:  33% (7/21)
build	Run actions/checkout@v3	2026-01-08T08:28:39.8465692Z Resolving deltas:  38% (8/21)
build	Run actions/checkout@v3	2026-01-08T08:28:39.8466046Z Resolving deltas:  42% (9/21)
build	Run actions/checkout@v3	2026-01-08T08:28:39.8466517Z Resolving deltas:  47% (10/21)
build	Run actions/checkout@v3	2026-01-08T08:28:39.8466980Z Resolving deltas:  52% (11/21)
build	Run actions/checkout@v3	2026-01-08T08:28:39.8467295Z Resolving deltas:  57% (12/21)
build	Run actions/checkout@v3	2026-01-08T08:28:39.8467570Z Resolving deltas:  61% (13/21)
build	Run actions/checkout@v3	2026-01-08T08:28:39.8467845Z Resolving deltas:  66% (14/21)
build	Run actions/checkout@v3	2026-01-08T08:28:39.8468231Z Resolving deltas:  71% (15/21)
build	Run actions/checkout@v3	2026-01-08T08:28:39.8468538Z Resolving deltas:  76% (16/21)
build	Run actions/checkout@v3	2026-01-08T08:28:39.8468959Z Resolving deltas:  80% (17/21)
build	Run actions/checkout@v3	2026-01-08T08:28:39.8469387Z Resolving deltas:  85% (18/21)
build	Run actions/checkout@v3	2026-01-08T08:28:39.8469846Z Resolving deltas:  90% (19/21)
build	Run actions/checkout@v3	2026-01-08T08:28:39.8470338Z Resolving deltas:  95% (20/21)
build	Run actions/checkout@v3	2026-01-08T08:28:39.8470787Z Resolving deltas: 100% (21/21)
build	Run actions/checkout@v3	2026-01-08T08:28:39.8471343Z Resolving deltas: 100% (21/21), done.
build	Run actions/checkout@v3	2026-01-08T08:28:39.8796218Z From https://github.com/ImL1s/web3-kmp
build	Run actions/checkout@v3	2026-01-08T08:28:39.8796781Z  * [new ref]         b3d61625781492579f58a3fd92f47be4e127acde -> origin/master
build	Run actions/checkout@v3	2026-01-08T08:28:39.8828823Z ##[endgroup]
build	Run actions/checkout@v3	2026-01-08T08:28:39.8829492Z ##[group]Determining the checkout info
build	Run actions/checkout@v3	2026-01-08T08:28:39.8830835Z ##[endgroup]
build	Run actions/checkout@v3	2026-01-08T08:28:39.8831483Z ##[group]Checking out the ref
build	Run actions/checkout@v3	2026-01-08T08:28:39.8835260Z [command]/usr/bin/git checkout --progress --force -B master refs/remotes/origin/master
build	Run actions/checkout@v3	2026-01-08T08:28:40.0686608Z Reset branch 'master'
build	Run actions/checkout@v3	2026-01-08T08:28:40.0688199Z branch 'master' set up to track 'origin/master'.
build	Run actions/checkout@v3	2026-01-08T08:28:40.0728672Z ##[endgroup]
build	Run actions/checkout@v3	2026-01-08T08:28:40.0772776Z [command]/usr/bin/git log -1 --format='%H'
build	Run actions/checkout@v3	2026-01-08T08:28:40.0796943Z 'b3d61625781492579f58a3fd92f47be4e127acde'
build	Set up JDK 17	ï»¿2026-01-08T08:28:40.1046977Z ##[group]Run actions/setup-java@v3
build	Set up JDK 17	2026-01-08T08:28:40.1047312Z with:
build	Set up JDK 17	2026-01-08T08:28:40.1047739Z   java-version: 17
build	Set up JDK 17	2026-01-08T08:28:40.1048006Z   distribution: temurin
build	Set up JDK 17	2026-01-08T08:28:40.1048271Z   java-package: jdk
build	Set up JDK 17	2026-01-08T08:28:40.1048507Z   check-latest: false
build	Set up JDK 17	2026-01-08T08:28:40.1048751Z   server-id: github
build	Set up JDK 17	2026-01-08T08:28:40.1049003Z   server-username: GITHUB_ACTOR
build	Set up JDK 17	2026-01-08T08:28:40.1049290Z   server-password: GITHUB_TOKEN
build	Set up JDK 17	2026-01-08T08:28:40.1049570Z   overwrite-settings: true
build	Set up JDK 17	2026-01-08T08:28:40.1049826Z   job-status: success
build	Set up JDK 17	2026-01-08T08:28:40.1050211Z   token: ***
build	Set up JDK 17	2026-01-08T08:28:40.1050432Z ##[endgroup]
build	Set up JDK 17	2026-01-08T08:28:40.3063368Z ##[group]Installed distributions
build	Set up JDK 17	2026-01-08T08:28:40.3136598Z Resolved Java 17.0.17+10 from tool-cache
build	Set up JDK 17	2026-01-08T08:28:40.3137214Z Setting Java 17.0.17+10 as the default
build	Set up JDK 17	2026-01-08T08:28:40.3156809Z Creating toolchains.xml for JDK version 17 from temurin
build	Set up JDK 17	2026-01-08T08:28:40.3282923Z Writing to /home/runner/.m2/toolchains.xml
build	Set up JDK 17	2026-01-08T08:28:40.3283723Z 
build	Set up JDK 17	2026-01-08T08:28:40.3284063Z Java configuration:
build	Set up JDK 17	2026-01-08T08:28:40.3285128Z   Distribution: temurin
build	Set up JDK 17	2026-01-08T08:28:40.3285634Z   Version: 17.0.17+10
build	Set up JDK 17	2026-01-08T08:28:40.3286365Z   Path: /opt/hostedtoolcache/Java_Temurin-Hotspot_jdk/17.0.17-10/x64
build	Set up JDK 17	2026-01-08T08:28:40.3293502Z 
build	Set up JDK 17	2026-01-08T08:28:40.3294093Z ##[endgroup]
build	Set up JDK 17	2026-01-08T08:28:40.3308541Z Creating settings.xml with server-id: github
build	Set up JDK 17	2026-01-08T08:28:40.3317121Z Writing to /home/runner/.m2/settings.xml
build	Setup Gradle	ï»¿2026-01-08T08:28:40.3488999Z ##[group]Run gradle/gradle-build-action@v2
build	Setup Gradle	2026-01-08T08:28:40.3489383Z with:
build	Setup Gradle	2026-01-08T08:28:40.3489619Z   cache-disabled: false
build	Setup Gradle	2026-01-08T08:28:40.3489892Z   cache-read-only: false
build	Setup Gradle	2026-01-08T08:28:40.3490154Z   cache-write-only: false
build	Setup Gradle	2026-01-08T08:28:40.3490439Z   cache-overwrite-existing: false
build	Setup Gradle	2026-01-08T08:28:40.3490781Z   gradle-home-cache-includes: caches
build	Setup Gradle	notifications
build	Setup Gradle	
build	Setup Gradle	2026-01-08T08:28:40.3491164Z   gradle-home-cache-cleanup: false
build	Setup Gradle	2026-01-08T08:28:40.3491475Z   generate-job-summary: true
build	Setup Gradle	2026-01-08T08:28:40.3492103Z   dependency-graph: disabled
build	Setup Gradle	2026-01-08T08:28:40.3492413Z   gradle-home-cache-strict-match: false
build	Setup Gradle	2026-01-08T08:28:40.3492751Z   workflow-job-context: null
build	Setup Gradle	2026-01-08T08:28:40.3493199Z   github-token: ***
build	Setup Gradle	2026-01-08T08:28:40.3493434Z env:
build	Setup Gradle	2026-01-08T08:28:40.3493777Z   JAVA_HOME: /opt/hostedtoolcache/Java_Temurin-Hotspot_jdk/17.0.17-10/x64
build	Setup Gradle	2026-01-08T08:28:40.3494306Z   JAVA_HOME_17_X64: /opt/hostedtoolcache/Java_Temurin-Hotspot_jdk/17.0.17-10/x64
build	Setup Gradle	2026-01-08T08:28:40.3494706Z ##[endgroup]
build	Setup Gradle	2026-01-08T08:28:40.6091277Z ##[group]Restore Gradle state from cache
build	Setup Gradle	2026-01-08T08:28:40.7220455Z ##[warning]Failed to restore v8-gradle|Linux|build and check-build[37a6259cc0c1dae299a7866489dff0bd]-b3d61625781492579f58a3fd92f47be4e127acde: Error: Cache service responded with 400
build	Setup Gradle	2026-01-08T08:28:40.7258843Z Gradle User Home cache not found. Will initialize empty.
build	Setup Gradle	2026-01-08T08:28:40.7259783Z ##[endgroup]
build	Grant execute permission for gradlew	ï»¿2026-01-08T08:28:40.7374318Z ##[group]Run chmod +x gradlew
build	Grant execute permission for gradlew	2026-01-08T08:28:40.7374642Z [36;1mchmod +x gradlew[0m
build	Grant execute permission for gradlew	2026-01-08T08:28:40.7411922Z shell: /usr/bin/bash -e {0}
build	Grant execute permission for gradlew	2026-01-08T08:28:40.7412173Z env:
build	Grant execute permission for gradlew	2026-01-08T08:28:40.7412479Z   JAVA_HOME: /opt/hostedtoolcache/Java_Temurin-Hotspot_jdk/17.0.17-10/x64
build	Grant execute permission for gradlew	2026-01-08T08:28:40.7413295Z   JAVA_HOME_17_X64: /opt/hostedtoolcache/Java_Temurin-Hotspot_jdk/17.0.17-10/x64
build	Grant execute permission for gradlew	2026-01-08T08:28:40.7413919Z   GRADLE_BUILD_ACTION_SETUP_COMPLETED: true
build	Grant execute permission for gradlew	2026-01-08T08:28:40.7414383Z   GRADLE_BUILD_ACTION_CACHE_RESTORED: true
build	Grant execute permission for gradlew	2026-01-08T08:28:40.7414783Z ##[endgroup]
build	Build and Check	ï»¿2026-01-08T08:28:40.7533385Z ##[group]Run ./gradlew check
build	Build and Check	2026-01-08T08:28:40.7533661Z [36;1m./gradlew check[0m
build	Build and Check	2026-01-08T08:28:40.7564722Z shell: /usr/bin/bash -e {0}
build	Build and Check	2026-01-08T08:28:40.7564946Z env:
build	Build and Check	2026-01-08T08:28:40.7565225Z   JAVA_HOME: /opt/hostedtoolcache/Java_Temurin-Hotspot_jdk/17.0.17-10/x64
build	Build and Check	2026-01-08T08:28:40.7565684Z   JAVA_HOME_17_X64: /opt/hostedtoolcache/Java_Temurin-Hotspot_jdk/17.0.17-10/x64
build	Build and Check	2026-01-08T08:28:40.7566050Z   GRADLE_BUILD_ACTION_SETUP_COMPLETED: true
build	Build and Check	2026-01-08T08:28:40.7566322Z   GRADLE_BUILD_ACTION_CACHE_RESTORED: true
build	Build and Check	2026-01-08T08:28:40.7566556Z ##[endgroup]
build	Build and Check	2026-01-08T08:28:40.8719320Z Downloading https://services.gradle.org/distributions/gradle-8.14.3-bin.zip
build	Build and Check	2026-01-08T08:28:43.0258962Z .............10%.............20%.............30%.............40%.............50%.............60%.............70%.............80%.............90%..............100%
build	Build and Check	2026-01-08T08:28:44.3326981Z 
build	Build and Check	2026-01-08T08:28:44.3328390Z Welcome to Gradle 8.14.3!
build	Build and Check	2026-01-08T08:28:44.3328706Z 
build	Build and Check	2026-01-08T08:28:44.3330244Z Here are the highlights of this release:
build	Build and Check	2026-01-08T08:28:44.3330861Z  - Java 24 support
build	Build and Check	2026-01-08T08:28:44.3333096Z  - GraalVM Native Image toolchain selection
build	Build and Check	2026-01-08T08:28:44.3334196Z  - Enhancements to test reporting
build	Build and Check	2026-01-08T08:28:44.3335872Z  - Build Authoring improvements
build	Build and Check	2026-01-08T08:28:44.3336199Z 
build	Build and Check	2026-01-08T08:28:44.3337991Z For more details see https://docs.gradle.org/8.14.3/release-notes.html
build	Build and Check	2026-01-08T08:28:44.3339134Z 
build	Build and Check	2026-01-08T08:28:44.4323541Z Starting a Gradle Daemon (subsequent builds will be faster)
build	Build and Check	2026-01-08T08:29:45.0318744Z 
build	Build and Check	2026-01-08T08:29:45.0339044Z > Configure project :packages:bip21
build	Build and Check	2026-01-08T08:29:45.0369179Z Build was configured to prefer settings repositories over project repositories but repository 'MavenRepo' was added by build file 'packages/bip21/build.gradle.kts'
build	Build and Check	2026-01-08T08:30:50.2326293Z 
build	Build and Check	2026-01-08T08:30:50.2327754Z > Configure project :packages:caip-standards
build	Build and Check	2026-01-08T08:30:50.2329125Z w: The following Kotlin/Native targets cannot be built on this machine and are disabled:
build	Build and Check	2026-01-08T08:30:50.2334620Z iosArm64, iosSimulatorArm64, iosX64, watchosArm64, watchosSimulatorArm64, watchosX64
build	Build and Check	2026-01-08T08:30:50.2345043Z To hide this message, add 'kotlin.native.ignoreDisabledTargets=true' to the Gradle properties.
build	Build and Check	2026-01-08T08:30:50.2345666Z 
build	Build and Check	2026-01-08T08:30:53.4352293Z 
build	Build and Check	2026-01-08T08:30:53.4352780Z FAILURE: Build failed with an exception.
build	Build and Check	2026-01-08T08:30:53.4353148Z 
build	Build and Check	2026-01-08T08:30:53.4353273Z * What went wrong:
build	Build and Check	2026-01-08T08:30:53.4353832Z Could not determine the dependencies of task ':packages:caip-standards:allTests'.
build	Build and Check	2026-01-08T08:30:53.4354747Z > Could not create task ':packages:caip-standards:compileKotlinIosX64'.
build	Build and Check	2026-01-08T08:30:53.4359525Z    > Cannot set the value of task ':packages:caip-standards:compileKotlinIosX64' property 'kotlinNativeBundleBuildService' of type org.jetbrains.kotlin.gradle.targets.native.toolchain.KotlinNativeBundleBuildService loaded with InstrumentingVisitableURLClassLoader(ClassLoaderScopeIdentifier.Id{coreAndPlugins:settings[:]:buildSrc[:]:root-project[:]:project-packages:project-caip-standards(export)}) using a provider of type org.jetbrains.kotlin.gradle.targets.native.toolchain.KotlinNativeBundleBuildService loaded with InstrumentingVisitableURLClassLoader(ClassLoaderScopeIdentifier.Id{coreAndPlugins:settings[:]:buildSrc[:]:root-project[:]:project-packages:project-bip21(export)}).
build	Build and Check	2026-01-08T08:30:53.4364468Z 
build	Build and Check	2026-01-08T08:30:53.4365165Z [Incubating] Problems report is available at: file:///home/runner/work/web3-kmp/web3-kmp/build/reports/problems/problems-report.html
build	Build and Check	2026-01-08T08:30:53.4367388Z      This can be caused by a plugin being applied to two sibling projects and then using a shared build service. To fix this, use `@ServiceReference` or add the problematic plugin with `apply false` to the root build script.
build	Build and Check	2026-01-08T08:30:53.4368823Z 
build	Build and Check	2026-01-08T08:30:53.4368840Z 
build	Build and Check	2026-01-08T08:30:53.4392291Z * Try:
build	Build and Check	2026-01-08T08:30:53.4392926Z Deprecated Gradle features were used in this build, making it incompatible with Gradle 9.0.
build	Build and Check	2026-01-08T08:30:53.4394082Z 
build	Build and Check	2026-01-08T08:30:53.4394739Z > Run with --stacktrace option to get the stack trace.
build	Build and Check	2026-01-08T08:30:53.4395769Z You can use '--warning-mode all' to show the individual deprecation warnings and determine if they come from your own scripts or plugins.
build	Build and Check	2026-01-08T08:30:53.4396570Z 
build	Build and Check	2026-01-08T08:30:53.4397378Z For more on this, please refer to https://docs.gradle.org/8.14.3/userguide/command_line_interface.html#sec:command_line_warnings in the Gradle documentation.
build	Build and Check	2026-01-08T08:30:53.4399050Z > Run with --info or --debug option to get more log output.
build	Build and Check	2026-01-08T08:30:53.4399954Z > Run with --scan to get full insights.
build	Build and Check	2026-01-08T08:30:53.4400482Z > Get more help at https://help.gradle.org.
build	Build and Check	2026-01-08T08:30:53.4400842Z 
build	Build and Check	2026-01-08T08:30:53.4400989Z BUILD FAILED in 2m 12s
build	Build and Check	2026-01-08T08:30:53.8679321Z ##[error]Process completed with exit code 1.
build	Post Setup Gradle	ï»¿2026-01-08T08:30:53.8765239Z Post job cleanup.
build	Post Setup Gradle	2026-01-08T08:30:54.0357998Z In final post-action step, saving state and writing summary
build	Post Setup Gradle	2026-01-08T08:30:54.0364538Z Stopping all Gradle daemons before saving Gradle User Home state
build	Post Setup Gradle	2026-01-08T08:30:54.0368721Z ##[group]Caching Gradle state
build	Post Setup Gradle	2026-01-08T08:30:54.0478042Z Caching generated-gradle-jars with path '/home/runner/.gradle/caches/8.14.3/generated-gradle-jars/gradle-api-8.14.3.jar' and cache key: generated-gradle-jars-4434c59050703a48bf14168622b59891
build	Post Setup Gradle	2026-01-08T08:30:54.0521904Z Caching wrapper-zips with path '/home/runner/.gradle/wrapper/dists/gradle-8.14.3-bin/cv11ve7ro1n3o1j4so8xd9n66' and cache key: wrapper-zips-5ae5d3da5e8e0c748d04bcdd9bc97bdb
build	Post Setup Gradle	2026-01-08T08:30:54.0769687Z [command]/usr/bin/tar --posix -cf cache.tzst --exclude cache.tzst -P -C /home/runner/work/web3-kmp/web3-kmp --files-from manifest.txt --use-compress-program zstdmt
build	Post Setup Gradle	2026-01-08T08:30:54.0816126Z [command]/usr/bin/tar --posix -cf cache.tzst --exclude cache.tzst -P -C /home/runner/work/web3-kmp/web3-kmp --files-from manifest.txt --use-compress-program zstdmt
build	Post Setup Gradle	2026-01-08T08:30:54.3793251Z Caching dependencies with path '/home/runner/.gradle/caches/modules-*/files-*/*/*/*/*' and cache key: dependencies-76ed3251643862b798bfcb3e8bb5822e
build	Post Setup Gradle	2026-01-08T08:30:54.4477576Z Caching instrumented-jars with path '/home/runner/.gradle/caches/jars-*/*' and cache key: instrumented-jars-95b7e2b5493ea7df9cecfe22df7a3bdc
build	Post Setup Gradle	2026-01-08T08:30:54.4885093Z Caching kotlin-dsl with path '/home/runner/.gradle/caches/*/kotlin-dsl/*/*' and cache key: kotlin-dsl-b206ba0470897915edcfc660c68268fe
build	Post Setup Gradle	2026-01-08T08:30:54.4949087Z [command]/usr/bin/tar --posix -cf cache.tzst --exclude cache.tzst -P -C /home/runner/work/web3-kmp/web3-kmp --files-from manifest.txt --use-compress-program zstdmt
build	Post Setup Gradle	2026-01-08T08:30:54.6102538Z [command]/usr/bin/tar --posix -cf cache.tzst --exclude cache.tzst -P -C /home/runner/work/web3-kmp/web3-kmp --files-from manifest.txt --use-compress-program zstdmt
build	Post Setup Gradle	2026-01-08T08:30:54.7001122Z ##[warning]Failed to save cache entry with path '/home/runner/.gradle/caches/jars-*/*,zstd-without-long,1.0' and key: instrumented-jars-95b7e2b5493ea7df9cecfe22df7a3bdc: Error: <h2>Our services aren't available right now</h2><p>We're working to restore all services as soon as possible. Please check back soon.</p>0PmtfaQAAAACDNpw7T/c8R5N5jsnrScjhQ0hJMzBFREdFMDExNwBFZGdl
build	Post Setup Gradle	2026-01-08T08:30:54.8036920Z ##[warning]Failed to save cache entry with path '/home/runner/.gradle/caches/*/kotlin-dsl/*/*,zstd-without-long,1.0' and key: kotlin-dsl-b206ba0470897915edcfc660c68268fe: Error: <h2>Our services aren't available right now</h2><p>We're working to restore all services as soon as possible. Please check back soon.</p>0PmtfaQAAAAD3tIqiYumXTpst27xCAVBdQ0hJMzBFREdFMDExNwBFZGdl
build	Post Setup Gradle	2026-01-08T08:30:55.0063688Z ##[warning]Failed to save cache entry with path '/home/runner/.gradle/caches/8.14.3/generated-gradle-jars/gradle-api-8.14.3.jar,zstd-without-long,1.0' and key: generated-gradle-jars-4434c59050703a48bf14168622b59891: Error: <h2>Our services aren't available right now</h2><p>We're working to restore all services as soon as possible. Please check back soon.</p>0PmtfaQAAAADVkQugvMrLTKkPm+yCiw8dQ0hJMzBFREdFMDExNwBFZGdl
build	Post Setup Gradle	2026-01-08T08:30:55.0809231Z ##[warning]Failed to save cache entry with path '/home/runner/.gradle/wrapper/dists/gradle-8.14.3-bin/cv11ve7ro1n3o1j4so8xd9n66,zstd-without-long,1.0' and key: wrapper-zips-5ae5d3da5e8e0c748d04bcdd9bc97bdb: Error: <h2>Our services aren't available right now</h2><p>We're working to restore all services as soon as possible. Please check back soon.</p>0P2tfaQAAAABd8gJ3nfLSR4kNE/x2M2h2Q0hJMzBFREdFMDExNwBFZGdl
build	Post Setup Gradle	2026-01-08T08:30:55.1700621Z [command]/usr/bin/tar --posix -cf cache.tzst --exclude cache.tzst -P -C /home/runner/work/web3-kmp/web3-kmp --files-from manifest.txt --use-compress-program zstdmt
build	Post Setup Gradle	2026-01-08T08:30:55.5757486Z ##[warning]Failed to save cache entry with path '/home/runner/.gradle/caches/modules-*/files-*/*/*/*/*,zstd-without-long,1.0' and key: dependencies-76ed3251643862b798bfcb3e8bb5822e: Error: <h2>Our services aren't available right now</h2><p>We're working to restore all services as soon as possible. Please check back soon.</p>0P2tfaQAAAACRoUUFASVBQql5AARRPkIcQ0hJMzBFREdFMDExNwBFZGdl
build	Post Setup Gradle	2026-01-08T08:30:55.6260117Z Caching Gradle User Home with cache key: v8-gradle|Linux|build and check-build[37a6259cc0c1dae299a7866489dff0bd]-b3d61625781492579f58a3fd92f47be4e127acde
build	Post Setup Gradle	2026-01-08T08:30:55.6339176Z [command]/usr/bin/tar --posix -cf cache.tzst --exclude cache.tzst -P -C /home/runner/work/web3-kmp/web3-kmp --files-from manifest.txt --use-compress-program zstdmt
build	Post Setup Gradle	2026-01-08T08:30:56.6552826Z ##[warning]Failed to save cache entry with path '/home/runner/.gradle/caches,/home/runner/.gradle/notifications,/home/runner/.gradle/.gradle-build-action,zstd-without-long,1.0' and key: v8-gradle|Linux|build and check-build[37a6259cc0c1dae299a7866489dff0bd]-b3d61625781492579f58a3fd92f47be4e127acde: Error: <h2>Our services aren't available right now</h2><p>We're working to restore all services as soon as possible. Please check back soon.</p>0QGtfaQAAAAAcNMetDTJMQ6dlpQJ+GyLtQ0hJMzBFREdFMDExNwBFZGdl
build	Post Setup Gradle	2026-01-08T08:30:56.6556420Z ##[endgroup]
build	Post Setup Gradle	2026-01-08T08:30:56.6556707Z Writing job summary
build	Post Set up JDK 17	ï»¿2026-01-08T08:30:56.6734913Z Post job cleanup.
build	Post Run actions/checkout@v3	ï»¿2026-01-08T08:30:56.8557262Z Post job cleanup.
build	Post Run actions/checkout@v3	2026-01-08T08:30:56.9259297Z [command]/usr/bin/git version
build	Post Run actions/checkout@v3	2026-01-08T08:30:56.9293179Z git version 2.52.0
build	Post Run actions/checkout@v3	2026-01-08T08:30:56.9336485Z Temporarily overriding HOME='/home/runner/work/_temp/ce9ae75c-35b2-41a9-a5d6-1a4d4b2f5c99' before making global git config changes
build	Post Run actions/checkout@v3	2026-01-08T08:30:56.9337744Z Adding repository directory to the temporary git global config as a safe directory
build	Post Run actions/checkout@v3	2026-01-08T08:30:56.9341138Z [command]/usr/bin/git config --global --add safe.directory /home/runner/work/web3-kmp/web3-kmp
build	Post Run actions/checkout@v3	2026-01-08T08:30:56.9371323Z [command]/usr/bin/git config --local --name-only --get-regexp core\.sshCommand
build	Post Run actions/checkout@v3	2026-01-08T08:30:56.9400295Z [command]/usr/bin/git submodule foreach --recursive sh -c "git config --local --name-only --get-regexp 'core\.sshCommand' && git config --local --unset-all 'core.sshCommand' || :"
build	Post Run actions/checkout@v3	2026-01-08T08:30:56.9608761Z fatal: No url found for submodule path 'packages/address' in .gitmodules
build	Post Run actions/checkout@v3	2026-01-08T08:30:56.9635869Z ##[warning]The process '/usr/bin/git' failed with exit code 128
build	Complete job	ï»¿2026-01-08T08:30:56.9725981Z Cleaning up orphan processes
build	Complete job	2026-01-08T08:30:57.0028910Z Terminate orphan process: pid (2162) (java)
