build	Set up job	ï»¿2026-01-08T08:33:33.7402459Z Current runner version: '2.330.0'
build	Set up job	2026-01-08T08:33:33.7429783Z ##[group]Runner Image Provisioner
build	Set up job	2026-01-08T08:33:33.7430520Z Hosted Compute Agent
build	Set up job	2026-01-08T08:33:33.7431482Z Version: 20251211.462
build	Set up job	2026-01-08T08:33:33.7432125Z Commit: 6cbad8c2bb55d58165063d031ccabf57e2d2db61
build	Set up job	2026-01-08T08:33:33.7432854Z Build Date: 2025-12-11T16:28:49Z
build	Set up job	2026-01-08T08:33:33.7433450Z Worker ID: {2a842db2-50a7-4741-a503-3a582ceb5071}
build	Set up job	2026-01-08T08:33:33.7434454Z ##[endgroup]
build	Set up job	2026-01-08T08:33:33.7435020Z ##[group]Operating System
build	Set up job	2026-01-08T08:33:33.7435528Z Ubuntu
build	Set up job	2026-01-08T08:33:33.7436067Z 24.04.3
build	Set up job	2026-01-08T08:33:33.7436472Z LTS
build	Set up job	2026-01-08T08:33:33.7436905Z ##[endgroup]
build	Set up job	2026-01-08T08:33:33.7437448Z ##[group]Runner Image
build	Set up job	2026-01-08T08:33:33.7437979Z Image: ubuntu-24.04
build	Set up job	2026-01-08T08:33:33.7438452Z Version: 20251215.174.1
build	Set up job	2026-01-08T08:33:33.7439505Z Included Software: https://github.com/actions/runner-images/blob/ubuntu24/20251215.174/images/ubuntu/Ubuntu2404-Readme.md
build	Set up job	2026-01-08T08:33:33.7440855Z Image Release: https://github.com/actions/runner-images/releases/tag/ubuntu24%2F20251215.174
build	Set up job	2026-01-08T08:33:33.7442076Z ##[endgroup]
build	Set up job	2026-01-08T08:33:33.7443089Z ##[group]GITHUB_TOKEN Permissions
build	Set up job	2026-01-08T08:33:33.7445421Z Contents: read
build	Set up job	2026-01-08T08:33:33.7446000Z Metadata: read
build	Set up job	2026-01-08T08:33:33.7446479Z Packages: read
build	Set up job	2026-01-08T08:33:33.7447036Z ##[endgroup]
build	Set up job	2026-01-08T08:33:33.7449373Z Secret source: Actions
build	Set up job	2026-01-08T08:33:33.7450663Z Prepare workflow directory
build	Set up job	2026-01-08T08:33:33.7768537Z Prepare all required actions
build	Set up job	2026-01-08T08:33:33.7805904Z Getting action download info
build	Set up job	2026-01-08T08:33:34.1197129Z Download action repository 'actions/checkout@v3' (SHA:f43a0e5ff2bd294095638e18286ca9a3d1956744)
build	Set up job	2026-01-08T08:33:34.2174773Z Download action repository 'actions/setup-java@v3' (SHA:17f84c3641ba7b8f6deff6309fc4c864478f5d62)
build	Set up job	2026-01-08T08:33:34.4984967Z Download action repository 'gradle/gradle-build-action@v2' (SHA:a8f75513eafdebd8141bd1cd4e30fcd194af8dfa)
build	Set up job	2026-01-08T08:33:34.9114755Z Complete job name: build
build	Run actions/checkout@v3	ï»¿2026-01-08T08:33:34.9799786Z ##[group]Run actions/checkout@v3
build	Run actions/checkout@v3	2026-01-08T08:33:34.9800705Z with:
build	Run actions/checkout@v3	2026-01-08T08:33:34.9801159Z   repository: ImL1s/web3-kmp
build	Run actions/checkout@v3	2026-01-08T08:33:34.9801845Z   token: ***
build	Run actions/checkout@v3	2026-01-08T08:33:34.9802242Z   ssh-strict: true
build	Run actions/checkout@v3	2026-01-08T08:33:34.9802668Z   persist-credentials: true
build	Run actions/checkout@v3	2026-01-08T08:33:34.9803148Z   clean: true
build	Run actions/checkout@v3	2026-01-08T08:33:34.9803562Z   sparse-checkout-cone-mode: true
build	Run actions/checkout@v3	2026-01-08T08:33:34.9804085Z   fetch-depth: 1
build	Run actions/checkout@v3	2026-01-08T08:33:34.9804697Z   fetch-tags: false
build	Run actions/checkout@v3	2026-01-08T08:33:34.9805117Z   lfs: false
build	Run actions/checkout@v3	2026-01-08T08:33:34.9805485Z   submodules: false
build	Run actions/checkout@v3	2026-01-08T08:33:34.9805907Z   set-safe-directory: true
build	Run actions/checkout@v3	2026-01-08T08:33:34.9806783Z ##[endgroup]
build	Run actions/checkout@v3	2026-01-08T08:33:35.0648286Z Syncing repository: ImL1s/web3-kmp
build	Run actions/checkout@v3	2026-01-08T08:33:35.0650498Z ##[group]Getting Git version info
build	Run actions/checkout@v3	2026-01-08T08:33:35.0651313Z Working directory is '/home/runner/work/web3-kmp/web3-kmp'
build	Run actions/checkout@v3	2026-01-08T08:33:35.0652402Z [command]/usr/bin/git version
build	Run actions/checkout@v3	2026-01-08T08:33:35.0724100Z git version 2.52.0
build	Run actions/checkout@v3	2026-01-08T08:33:35.0750186Z ##[endgroup]
build	Run actions/checkout@v3	2026-01-08T08:33:35.0764130Z Temporarily overriding HOME='/home/runner/work/_temp/f089dc55-ba49-4a3c-a964-5823fa2326e1' before making global git config changes
build	Run actions/checkout@v3	2026-01-08T08:33:35.0766050Z Adding repository directory to the temporary git global config as a safe directory
build	Run actions/checkout@v3	2026-01-08T08:33:35.0768064Z [command]/usr/bin/git config --global --add safe.directory /home/runner/work/web3-kmp/web3-kmp
build	Run actions/checkout@v3	2026-01-08T08:33:35.0807932Z Deleting the contents of '/home/runner/work/web3-kmp/web3-kmp'
build	Run actions/checkout@v3	2026-01-08T08:33:35.0811437Z ##[group]Initializing the repository
build	Run actions/checkout@v3	2026-01-08T08:33:35.0814162Z [command]/usr/bin/git init /home/runner/work/web3-kmp/web3-kmp
build	Run actions/checkout@v3	2026-01-08T08:33:35.0947317Z hint: Using 'master' as the name for the initial branch. This default branch name
build	Run actions/checkout@v3	2026-01-08T08:33:35.0948715Z hint: will change to "main" in Git 3.0. To configure the initial branch name
build	Run actions/checkout@v3	2026-01-08T08:33:35.0949943Z hint: to use in all of your new repositories, which will suppress this warning,
build	Run actions/checkout@v3	2026-01-08T08:33:35.0950786Z hint: call:
build	Run actions/checkout@v3	2026-01-08T08:33:35.0951441Z hint:
build	Run actions/checkout@v3	2026-01-08T08:33:35.0951967Z hint: 	git config --global init.defaultBranch <name>
build	Run actions/checkout@v3	2026-01-08T08:33:35.0952998Z hint:
build	Run actions/checkout@v3	2026-01-08T08:33:35.0954132Z hint: Names commonly chosen instead of 'master' are 'main', 'trunk' and
build	Run actions/checkout@v3	2026-01-08T08:33:35.0956048Z hint: 'development'. The just-created branch can be renamed via this command:
build	Run actions/checkout@v3	2026-01-08T08:33:35.0956902Z hint:
build	Run actions/checkout@v3	2026-01-08T08:33:35.0957315Z hint: 	git branch -m <name>
build	Run actions/checkout@v3	2026-01-08T08:33:35.0957882Z hint:
build	Run actions/checkout@v3	2026-01-08T08:33:35.0958835Z hint: Disable this message with "git config set advice.defaultBranchName false"
build	Run actions/checkout@v3	2026-01-08T08:33:35.0960098Z Initialized empty Git repository in /home/runner/work/web3-kmp/web3-kmp/.git/
build	Run actions/checkout@v3	2026-01-08T08:33:35.0962732Z [command]/usr/bin/git remote add origin https://github.com/ImL1s/web3-kmp
build	Run actions/checkout@v3	2026-01-08T08:33:35.0995339Z ##[endgroup]
build	Run actions/checkout@v3	2026-01-08T08:33:35.0996636Z ##[group]Disabling automatic garbage collection
build	Run actions/checkout@v3	2026-01-08T08:33:35.0998264Z [command]/usr/bin/git config --local gc.auto 0
build	Run actions/checkout@v3	2026-01-08T08:33:35.1024866Z ##[endgroup]
build	Run actions/checkout@v3	2026-01-08T08:33:35.1026206Z ##[group]Setting up auth
build	Run actions/checkout@v3	2026-01-08T08:33:35.1030815Z [command]/usr/bin/git config --local --name-only --get-regexp core\.sshCommand
build	Run actions/checkout@v3	2026-01-08T08:33:35.1058791Z [command]/usr/bin/git submodule foreach --recursive sh -c "git config --local --name-only --get-regexp 'core\.sshCommand' && git config --local --unset-all 'core.sshCommand' || :"
build	Run actions/checkout@v3	2026-01-08T08:33:35.1412360Z [command]/usr/bin/git config --local --name-only --get-regexp http\.https\:\/\/github\.com\/\.extraheader
build	Run actions/checkout@v3	2026-01-08T08:33:35.1440112Z [command]/usr/bin/git submodule foreach --recursive sh -c "git config --local --name-only --get-regexp 'http\.https\:\/\/github\.com\/\.extraheader' && git config --local --unset-all 'http.https://github.com/.extraheader' || :"
build	Run actions/checkout@v3	2026-01-08T08:33:35.1652602Z [command]/usr/bin/git config --local http.https://github.com/.extraheader AUTHORIZATION: basic ***
build	Run actions/checkout@v3	2026-01-08T08:33:35.1684744Z ##[endgroup]
build	Run actions/checkout@v3	2026-01-08T08:33:35.1686082Z ##[group]Fetching the repository
build	Run actions/checkout@v3	2026-01-08T08:33:35.1694717Z [command]/usr/bin/git -c protocol.version=2 fetch --no-tags --prune --progress --no-recurse-submodules --depth=1 origin +1f8d9be816858e6a063a21401a79f11d43a3e253:refs/remotes/origin/master
build	Run actions/checkout@v3	2026-01-08T08:33:35.3136712Z remote: Enumerating objects: 305, done.        
build	Run actions/checkout@v3	2026-01-08T08:33:35.3138030Z remote: Counting objects:   0% (1/305)        
build	Run actions/checkout@v3	2026-01-08T08:33:35.3139160Z remote: Counting objects:   1% (4/305)        
build	Run actions/checkout@v3	2026-01-08T08:33:35.3140302Z remote: Counting objects:   2% (7/305)        
build	Run actions/checkout@v3	2026-01-08T08:33:35.3141091Z remote: Counting objects:   3% (10/305)        
build	Run actions/checkout@v3	2026-01-08T08:33:35.3141771Z remote: Counting objects:   4% (13/305)        
build	Run actions/checkout@v3	2026-01-08T08:33:35.3142455Z remote: Counting objects:   5% (16/305)        
build	Run actions/checkout@v3	2026-01-08T08:33:35.3143127Z remote: Counting objects:   6% (19/305)        
build	Run actions/checkout@v3	2026-01-08T08:33:35.3143905Z remote: Counting objects:   7% (22/305)        
build	Run actions/checkout@v3	2026-01-08T08:33:35.3144835Z remote: Counting objects:   8% (25/305)        
build	Run actions/checkout@v3	2026-01-08T08:33:35.3145525Z remote: Counting objects:   9% (28/305)        
build	Run actions/checkout@v3	2026-01-08T08:33:35.3146442Z remote: Counting objects:  10% (31/305)        
build	Run actions/checkout@v3	2026-01-08T08:33:35.3147335Z remote: Counting objects:  11% (34/305)        
build	Run actions/checkout@v3	2026-01-08T08:33:35.3148453Z remote: Counting objects:  12% (37/305)        
build	Run actions/checkout@v3	2026-01-08T08:33:35.3149272Z remote: Counting objects:  13% (40/305)        
build	Run actions/checkout@v3	2026-01-08T08:33:35.3149920Z remote: Counting objects:  14% (43/305)        
build	Run actions/checkout@v3	2026-01-08T08:33:35.3150538Z remote: Counting objects:  15% (46/305)        
build	Run actions/checkout@v3	2026-01-08T08:33:35.3151170Z remote: Counting objects:  16% (49/305)        
build	Run actions/checkout@v3	2026-01-08T08:33:35.3151791Z remote: Counting objects:  17% (52/305)        
build	Run actions/checkout@v3	2026-01-08T08:33:35.3152564Z remote: Counting objects:  18% (55/305)        
build	Run actions/checkout@v3	2026-01-08T08:33:35.3153502Z remote: Counting objects:  19% (58/305)        
build	Run actions/checkout@v3	2026-01-08T08:33:35.3154807Z remote: Counting objects:  20% (61/305)        
build	Run actions/checkout@v3	2026-01-08T08:33:35.3155715Z remote: Counting objects:  21% (65/305)        
build	Run actions/checkout@v3	2026-01-08T08:33:35.3156362Z remote: Counting objects:  22% (68/305)        
build	Run actions/checkout@v3	2026-01-08T08:33:35.3157274Z remote: Counting objects:  23% (71/305)        
build	Run actions/checkout@v3	2026-01-08T08:33:35.3157902Z remote: Counting objects:  24% (74/305)        
build	Run actions/checkout@v3	2026-01-08T08:33:35.3158524Z remote: Counting objects:  25% (77/305)        
build	Run actions/checkout@v3	2026-01-08T08:33:35.3159144Z remote: Counting objects:  26% (80/305)        
build	Run actions/checkout@v3	2026-01-08T08:33:35.3159757Z remote: Counting objects:  27% (83/305)        
build	Run actions/checkout@v3	2026-01-08T08:33:35.3160382Z remote: Counting objects:  28% (86/305)        
build	Run actions/checkout@v3	2026-01-08T08:33:35.3160995Z remote: Counting objects:  29% (89/305)        
build	Run actions/checkout@v3	2026-01-08T08:33:35.3161617Z remote: Counting objects:  30% (92/305)        
build	Run actions/checkout@v3	2026-01-08T08:33:35.3162226Z remote: Counting objects:  31% (95/305)        
build	Run actions/checkout@v3	2026-01-08T08:33:35.3162850Z remote: Counting objects:  32% (98/305)        
build	Run actions/checkout@v3	2026-01-08T08:33:35.3163470Z remote: Counting objects:  33% (101/305)        
build	Run actions/checkout@v3	2026-01-08T08:33:35.3164096Z remote: Counting objects:  34% (104/305)        
build	Run actions/checkout@v3	2026-01-08T08:33:35.3165018Z remote: Counting objects:  35% (107/305)        
build	Run actions/checkout@v3	2026-01-08T08:33:35.3165671Z remote: Counting objects:  36% (110/305)        
build	Run actions/checkout@v3	2026-01-08T08:33:35.3166300Z remote: Counting objects:  37% (113/305)        
build	Run actions/checkout@v3	2026-01-08T08:33:35.3167078Z remote: Counting objects:  38% (116/305)        
build	Run actions/checkout@v3	2026-01-08T08:33:35.3167905Z remote: Counting objects:  39% (119/305)        
build	Run actions/checkout@v3	2026-01-08T08:33:35.3168743Z remote: Counting objects:  40% (122/305)        
build	Run actions/checkout@v3	2026-01-08T08:33:35.3169394Z remote: Counting objects:  41% (126/305)        
build	Run actions/checkout@v3	2026-01-08T08:33:35.3170031Z remote: Counting objects:  42% (129/305)        
build	Run actions/checkout@v3	2026-01-08T08:33:35.3170655Z remote: Counting objects:  43% (132/305)        
build	Run actions/checkout@v3	2026-01-08T08:33:35.3171284Z remote: Counting objects:  44% (135/305)        
build	Run actions/checkout@v3	2026-01-08T08:33:35.3171906Z remote: Counting objects:  45% (138/305)        
build	Run actions/checkout@v3	2026-01-08T08:33:35.3172537Z remote: Counting objects:  46% (141/305)        
build	Run actions/checkout@v3	2026-01-08T08:33:35.3173154Z remote: Counting objects:  47% (144/305)        
build	Run actions/checkout@v3	2026-01-08T08:33:35.3173774Z remote: Counting objects:  48% (147/305)        
build	Run actions/checkout@v3	2026-01-08T08:33:35.3174697Z remote: Counting objects:  49% (150/305)        
build	Run actions/checkout@v3	2026-01-08T08:33:35.3175773Z remote: Counting objects:  50% (153/305)        
build	Run actions/checkout@v3	2026-01-08T08:33:35.3176719Z remote: Counting objects:  51% (156/305)        
build	Run actions/checkout@v3	2026-01-08T08:33:35.3177376Z remote: Counting objects:  52% (159/305)        
build	Run actions/checkout@v3	2026-01-08T08:33:35.3178195Z remote: Counting objects:  53% (162/305)        
build	Run actions/checkout@v3	2026-01-08T08:33:35.3179142Z remote: Counting objects:  54% (165/305)        
build	Run actions/checkout@v3	2026-01-08T08:33:35.3179813Z remote: Counting objects:  55% (168/305)        
build	Run actions/checkout@v3	2026-01-08T08:33:35.3180441Z remote: Counting objects:  56% (171/305)        
build	Run actions/checkout@v3	2026-01-08T08:33:35.3181073Z remote: Counting objects:  57% (174/305)        
build	Run actions/checkout@v3	2026-01-08T08:33:35.3181697Z remote: Counting objects:  58% (177/305)        
build	Run actions/checkout@v3	2026-01-08T08:33:35.3182325Z remote: Counting objects:  59% (180/305)        
build	Run actions/checkout@v3	2026-01-08T08:33:35.3182952Z remote: Counting objects:  60% (183/305)        
build	Run actions/checkout@v3	2026-01-08T08:33:35.3183571Z remote: Counting objects:  61% (187/305)        
build	Run actions/checkout@v3	2026-01-08T08:33:35.3184197Z remote: Counting objects:  62% (190/305)        
build	Run actions/checkout@v3	2026-01-08T08:33:35.3185103Z remote: Counting objects:  63% (193/305)        
build	Run actions/checkout@v3	2026-01-08T08:33:35.3185747Z remote: Counting objects:  64% (196/305)        
build	Run actions/checkout@v3	2026-01-08T08:33:35.3186378Z remote: Counting objects:  65% (199/305)        
build	Run actions/checkout@v3	2026-01-08T08:33:35.3187004Z remote: Counting objects:  66% (202/305)        
build	Run actions/checkout@v3	2026-01-08T08:33:35.3187905Z remote: Counting objects:  67% (205/305)        
build	Run actions/checkout@v3	2026-01-08T08:33:35.3189399Z remote: Counting objects:  68% (208/305)        
build	Run actions/checkout@v3	2026-01-08T08:33:35.3190629Z remote: Counting objects:  69% (211/305)        
build	Run actions/checkout@v3	2026-01-08T08:33:35.3191639Z remote: Counting objects:  70% (214/305)        
build	Run actions/checkout@v3	2026-01-08T08:33:35.3192741Z remote: Counting objects:  71% (217/305)        
build	Run actions/checkout@v3	2026-01-08T08:33:35.3193680Z remote: Counting objects:  72% (220/305)        
build	Run actions/checkout@v3	2026-01-08T08:33:35.3194662Z remote: Counting objects:  73% (223/305)        
build	Run actions/checkout@v3	2026-01-08T08:33:35.3195622Z remote: Counting objects:  74% (226/305)        
build	Run actions/checkout@v3	2026-01-08T08:33:35.3196250Z remote: Counting objects:  75% (229/305)        
build	Run actions/checkout@v3	2026-01-08T08:33:35.3197158Z remote: Counting objects:  76% (232/305)        
build	Run actions/checkout@v3	2026-01-08T08:33:35.3197776Z remote: Counting objects:  77% (235/305)        
build	Run actions/checkout@v3	2026-01-08T08:33:35.3198630Z remote: Counting objects:  78% (238/305)        
build	Run actions/checkout@v3	2026-01-08T08:33:35.3199273Z remote: Counting objects:  79% (241/305)        
build	Run actions/checkout@v3	2026-01-08T08:33:35.3199890Z remote: Counting objects:  80% (244/305)        
build	Run actions/checkout@v3	2026-01-08T08:33:35.3200510Z remote: Counting objects:  81% (248/305)        
build	Run actions/checkout@v3	2026-01-08T08:33:35.3201121Z remote: Counting objects:  82% (251/305)        
build	Run actions/checkout@v3	2026-01-08T08:33:35.3201743Z remote: Counting objects:  83% (254/305)        
build	Run actions/checkout@v3	2026-01-08T08:33:35.3202347Z remote: Counting objects:  84% (257/305)        
build	Run actions/checkout@v3	2026-01-08T08:33:35.3202973Z remote: Counting objects:  85% (260/305)        
build	Run actions/checkout@v3	2026-01-08T08:33:35.3203592Z remote: Counting objects:  86% (263/305)        
build	Run actions/checkout@v3	2026-01-08T08:33:35.3204204Z remote: Counting objects:  87% (266/305)        
build	Run actions/checkout@v3	2026-01-08T08:33:35.3205100Z remote: Counting objects:  88% (269/305)        
build	Run actions/checkout@v3	2026-01-08T08:33:35.3205751Z remote: Counting objects:  89% (272/305)        
build	Run actions/checkout@v3	2026-01-08T08:33:35.3206409Z remote: Counting objects:  90% (275/305)        
build	Run actions/checkout@v3	2026-01-08T08:33:35.3207020Z remote: Counting objects:  91% (278/305)        
build	Run actions/checkout@v3	2026-01-08T08:33:35.3207632Z remote: Counting objects:  92% (281/305)        
build	Run actions/checkout@v3	2026-01-08T08:33:35.3208242Z remote: Counting objects:  93% (284/305)        
build	Run actions/checkout@v3	2026-01-08T08:33:35.3208855Z remote: Counting objects:  94% (287/305)        
build	Run actions/checkout@v3	2026-01-08T08:33:35.3209474Z remote: Counting objects:  95% (290/305)        
build	Run actions/checkout@v3	2026-01-08T08:33:35.3210330Z remote: Counting objects:  96% (293/305)        
build	Run actions/checkout@v3	2026-01-08T08:33:35.3210952Z remote: Counting objects:  97% (296/305)        
build	Run actions/checkout@v3	2026-01-08T08:33:35.3211581Z remote: Counting objects:  98% (299/305)        
build	Run actions/checkout@v3	2026-01-08T08:33:35.3212206Z remote: Counting objects:  99% (302/305)        
build	Run actions/checkout@v3	2026-01-08T08:33:35.3213180Z remote: Counting objects: 100% (305/305)        
build	Run actions/checkout@v3	2026-01-08T08:33:35.3213859Z remote: Counting objects: 100% (305/305), done.        
build	Run actions/checkout@v3	2026-01-08T08:33:35.3215019Z remote: Compressing objects:   0% (1/178)        
build	Run actions/checkout@v3	2026-01-08T08:33:35.3215750Z remote: Compressing objects:   1% (2/178)        
build	Run actions/checkout@v3	2026-01-08T08:33:35.3216392Z remote: Compressing objects:   2% (4/178)        
build	Run actions/checkout@v3	2026-01-08T08:33:35.3217031Z remote: Compressing objects:   3% (6/178)        
build	Run actions/checkout@v3	2026-01-08T08:33:35.3217664Z remote: Compressing objects:   4% (8/178)        
build	Run actions/checkout@v3	2026-01-08T08:33:35.3218698Z remote: Compressing objects:   5% (9/178)        
build	Run actions/checkout@v3	2026-01-08T08:33:35.3219367Z remote: Compressing objects:   6% (11/178)        
build	Run actions/checkout@v3	2026-01-08T08:33:35.3220013Z remote: Compressing objects:   7% (13/178)        
build	Run actions/checkout@v3	2026-01-08T08:33:35.3220653Z remote: Compressing objects:   8% (15/178)        
build	Run actions/checkout@v3	2026-01-08T08:33:35.3221284Z remote: Compressing objects:   9% (17/178)        
build	Run actions/checkout@v3	2026-01-08T08:33:35.3221922Z remote: Compressing objects:  10% (18/178)        
build	Run actions/checkout@v3	2026-01-08T08:33:35.3222551Z remote: Compressing objects:  11% (20/178)        
build	Run actions/checkout@v3	2026-01-08T08:33:35.3223300Z remote: Compressing objects:  12% (22/178)        
build	Run actions/checkout@v3	2026-01-08T08:33:35.3223963Z remote: Compressing objects:  13% (24/178)        
build	Run actions/checkout@v3	2026-01-08T08:33:35.3224845Z remote: Compressing objects:  14% (25/178)        
build	Run actions/checkout@v3	2026-01-08T08:33:35.3225496Z remote: Compressing objects:  15% (27/178)        
build	Run actions/checkout@v3	2026-01-08T08:33:35.3226124Z remote: Compressing objects:  16% (29/178)        
build	Run actions/checkout@v3	2026-01-08T08:33:35.3226880Z remote: Compressing objects:  17% (31/178)        
build	Run actions/checkout@v3	2026-01-08T08:33:35.3227520Z remote: Compressing objects:  18% (33/178)        
build	Run actions/checkout@v3	2026-01-08T08:33:35.3228465Z remote: Compressing objects:  19% (34/178)        
build	Run actions/checkout@v3	2026-01-08T08:33:35.3229635Z remote: Compressing objects:  20% (36/178)        
build	Run actions/checkout@v3	2026-01-08T08:33:35.3230774Z remote: Compressing objects:  21% (38/178)        
build	Run actions/checkout@v3	2026-01-08T08:33:35.3231959Z remote: Compressing objects:  22% (40/178)        
build	Run actions/checkout@v3	2026-01-08T08:33:35.3233087Z remote: Compressing objects:  23% (41/178)        
build	Run actions/checkout@v3	2026-01-08T08:33:35.3234400Z remote: Compressing objects:  24% (43/178)        
build	Run actions/checkout@v3	2026-01-08T08:33:35.3235201Z remote: Compressing objects:  25% (45/178)        
build	Run actions/checkout@v3	2026-01-08T08:33:35.3236067Z remote: Compressing objects:  26% (47/178)        
build	Run actions/checkout@v3	2026-01-08T08:33:35.3236708Z remote: Compressing objects:  27% (49/178)        
build	Run actions/checkout@v3	2026-01-08T08:33:35.3237844Z remote: Compressing objects:  28% (50/178)        
build	Run actions/checkout@v3	2026-01-08T08:33:35.3238873Z remote: Compressing objects:  29% (52/178)        
build	Run actions/checkout@v3	2026-01-08T08:33:35.3239584Z remote: Compressing objects:  30% (54/178)        
build	Run actions/checkout@v3	2026-01-08T08:33:35.3240288Z remote: Compressing objects:  31% (56/178)        
build	Run actions/checkout@v3	2026-01-08T08:33:35.3240964Z remote: Compressing objects:  32% (57/178)        
build	Run actions/checkout@v3	2026-01-08T08:33:35.3241607Z remote: Compressing objects:  33% (59/178)        
build	Run actions/checkout@v3	2026-01-08T08:33:35.3242241Z remote: Compressing objects:  34% (61/178)        
build	Run actions/checkout@v3	2026-01-08T08:33:35.3242881Z remote: Compressing objects:  35% (63/178)        
build	Run actions/checkout@v3	2026-01-08T08:33:35.3243520Z remote: Compressing objects:  36% (65/178)        
build	Run actions/checkout@v3	2026-01-08T08:33:35.3244157Z remote: Compressing objects:  37% (66/178)        
build	Run actions/checkout@v3	2026-01-08T08:33:35.3245064Z remote: Compressing objects:  38% (68/178)        
build	Run actions/checkout@v3	2026-01-08T08:33:35.3245705Z remote: Compressing objects:  39% (70/178)        
build	Run actions/checkout@v3	2026-01-08T08:33:35.3246347Z remote: Compressing objects:  40% (72/178)        
build	Run actions/checkout@v3	2026-01-08T08:33:35.3246980Z remote: Compressing objects:  41% (73/178)        
build	Run actions/checkout@v3	2026-01-08T08:33:35.3247686Z remote: Compressing objects:  42% (75/178)        
build	Run actions/checkout@v3	2026-01-08T08:33:35.3248747Z remote: Compressing objects:  43% (77/178)        
build	Run actions/checkout@v3	2026-01-08T08:33:35.3249467Z remote: Compressing objects:  44% (79/178)        
build	Run actions/checkout@v3	2026-01-08T08:33:35.3250279Z remote: Compressing objects:  45% (81/178)        
build	Run actions/checkout@v3	2026-01-08T08:33:35.3251386Z remote: Compressing objects:  46% (82/178)        
build	Run actions/checkout@v3	2026-01-08T08:33:35.3252299Z remote: Compressing objects:  47% (84/178)        
build	Run actions/checkout@v3	2026-01-08T08:33:35.3252941Z remote: Compressing objects:  48% (86/178)        
build	Run actions/checkout@v3	2026-01-08T08:33:35.3253746Z remote: Compressing objects:  49% (88/178)        
build	Run actions/checkout@v3	2026-01-08T08:33:35.3254664Z remote: Compressing objects:  50% (89/178)        
build	Run actions/checkout@v3	2026-01-08T08:33:35.3255533Z remote: Compressing objects:  51% (91/178)        
build	Run actions/checkout@v3	2026-01-08T08:33:35.3256172Z remote: Compressing objects:  52% (93/178)        
build	Run actions/checkout@v3	2026-01-08T08:33:35.3256887Z remote: Compressing objects:  53% (95/178)        
build	Run actions/checkout@v3	2026-01-08T08:33:35.3257998Z remote: Compressing objects:  54% (97/178)        
build	Run actions/checkout@v3	2026-01-08T08:33:35.3259013Z remote: Compressing objects:  55% (98/178)        
build	Run actions/checkout@v3	2026-01-08T08:33:35.3260182Z remote: Compressing objects:  56% (100/178)        
build	Run actions/checkout@v3	2026-01-08T08:33:35.3261288Z remote: Compressing objects:  57% (102/178)        
build	Run actions/checkout@v3	2026-01-08T08:33:35.3262351Z remote: Compressing objects:  58% (104/178)        
build	Run actions/checkout@v3	2026-01-08T08:33:35.3263431Z remote: Compressing objects:  59% (106/178)        
build	Run actions/checkout@v3	2026-01-08T08:33:35.3264168Z remote: Compressing objects:  60% (107/178)        
build	Run actions/checkout@v3	2026-01-08T08:33:35.3265293Z remote: Compressing objects:  61% (109/178)        
build	Run actions/checkout@v3	2026-01-08T08:33:35.3266402Z remote: Compressing objects:  62% (111/178)        
build	Run actions/checkout@v3	2026-01-08T08:33:35.3267230Z remote: Compressing objects:  63% (113/178)        
build	Run actions/checkout@v3	2026-01-08T08:33:35.3268276Z remote: Compressing objects:  64% (114/178)        
build	Run actions/checkout@v3	2026-01-08T08:33:35.3268977Z remote: Compressing objects:  65% (116/178)        
build	Run actions/checkout@v3	2026-01-08T08:33:35.3269624Z remote: Compressing objects:  66% (118/178)        
build	Run actions/checkout@v3	2026-01-08T08:33:35.3270272Z remote: Compressing objects:  67% (120/178)        
build	Run actions/checkout@v3	2026-01-08T08:33:35.3270913Z remote: Compressing objects:  68% (122/178)        
build	Run actions/checkout@v3	2026-01-08T08:33:35.3271544Z remote: Compressing objects:  69% (123/178)        
build	Run actions/checkout@v3	2026-01-08T08:33:35.3272184Z remote: Compressing objects:  70% (125/178)        
build	Run actions/checkout@v3	2026-01-08T08:33:35.3272821Z remote: Compressing objects:  71% (127/178)        
build	Run actions/checkout@v3	2026-01-08T08:33:35.3273461Z remote: Compressing objects:  72% (129/178)        
build	Run actions/checkout@v3	2026-01-08T08:33:35.3274492Z remote: Compressing objects:  73% (130/178)        
build	Run actions/checkout@v3	2026-01-08T08:33:35.3275449Z remote: Compressing objects:  74% (132/178)        
build	Run actions/checkout@v3	2026-01-08T08:33:35.3276105Z remote: Compressing objects:  75% (134/178)        
build	Run actions/checkout@v3	2026-01-08T08:33:35.3276949Z remote: Compressing objects:  76% (136/178)        
build	Run actions/checkout@v3	2026-01-08T08:33:35.3277599Z remote: Compressing objects:  77% (138/178)        
build	Run actions/checkout@v3	2026-01-08T08:33:35.3278240Z remote: Compressing objects:  78% (139/178)        
build	Run actions/checkout@v3	2026-01-08T08:33:35.3279356Z remote: Compressing objects:  79% (141/178)        
build	Run actions/checkout@v3	2026-01-08T08:33:35.3280470Z remote: Compressing objects:  80% (143/178)        
build	Run actions/checkout@v3	2026-01-08T08:33:35.3281134Z remote: Compressing objects:  81% (145/178)        
build	Run actions/checkout@v3	2026-01-08T08:33:35.3281766Z remote: Compressing objects:  82% (146/178)        
build	Run actions/checkout@v3	2026-01-08T08:33:35.3282812Z remote: Compressing objects:  83% (148/178)        
build	Run actions/checkout@v3	2026-01-08T08:33:35.3283941Z remote: Compressing objects:  84% (150/178)        
build	Run actions/checkout@v3	2026-01-08T08:33:35.3285137Z remote: Compressing objects:  85% (152/178)        
build	Run actions/checkout@v3	2026-01-08T08:33:35.3286274Z remote: Compressing objects:  86% (154/178)        
build	Run actions/checkout@v3	2026-01-08T08:33:35.3287388Z remote: Compressing objects:  87% (155/178)        
build	Run actions/checkout@v3	2026-01-08T08:33:35.3288516Z remote: Compressing objects:  88% (157/178)        
build	Run actions/checkout@v3	2026-01-08T08:33:35.3289472Z remote: Compressing objects:  89% (159/178)        
build	Run actions/checkout@v3	2026-01-08T08:33:35.3290502Z remote: Compressing objects:  90% (161/178)        
build	Run actions/checkout@v3	2026-01-08T08:33:35.3291316Z remote: Compressing objects:  91% (162/178)        
build	Run actions/checkout@v3	2026-01-08T08:33:35.3292436Z remote: Compressing objects:  92% (164/178)        
build	Run actions/checkout@v3	2026-01-08T08:33:35.3293561Z remote: Compressing objects:  93% (166/178)        
build	Run actions/checkout@v3	2026-01-08T08:33:35.3294770Z remote: Compressing objects:  94% (168/178)        
build	Run actions/checkout@v3	2026-01-08T08:33:35.3295419Z remote: Compressing objects:  95% (170/178)        
build	Run actions/checkout@v3	2026-01-08T08:33:35.3296057Z remote: Compressing objects:  96% (171/178)        
build	Run actions/checkout@v3	2026-01-08T08:33:35.3297025Z remote: Compressing objects:  97% (173/178)        
build	Run actions/checkout@v3	2026-01-08T08:33:35.3297825Z remote: Compressing objects:  98% (175/178)        
build	Run actions/checkout@v3	2026-01-08T08:33:35.3298475Z remote: Compressing objects:  99% (177/178)        
build	Run actions/checkout@v3	2026-01-08T08:33:35.3299105Z remote: Compressing objects: 100% (178/178)        
build	Run actions/checkout@v3	2026-01-08T08:33:35.3299798Z remote: Compressing objects: 100% (178/178), done.        
build	Run actions/checkout@v3	2026-01-08T08:33:35.3300696Z Receiving objects:   0% (1/305)
build	Run actions/checkout@v3	2026-01-08T08:33:35.3301182Z Receiving objects:   1% (4/305)
build	Run actions/checkout@v3	2026-01-08T08:33:35.3301662Z Receiving objects:   2% (7/305)
build	Run actions/checkout@v3	2026-01-08T08:33:35.3302151Z Receiving objects:   3% (10/305)
build	Run actions/checkout@v3	2026-01-08T08:33:35.3302645Z Receiving objects:   4% (13/305)
build	Run actions/checkout@v3	2026-01-08T08:33:35.3303131Z Receiving objects:   5% (16/305)
build	Run actions/checkout@v3	2026-01-08T08:33:35.3303622Z Receiving objects:   6% (19/305)
build	Run actions/checkout@v3	2026-01-08T08:33:35.3304368Z Receiving objects:   7% (22/305)
build	Run actions/checkout@v3	2026-01-08T08:33:35.3305279Z Receiving objects:   8% (25/305)
build	Run actions/checkout@v3	2026-01-08T08:33:35.3306141Z Receiving objects:   9% (28/305)
build	Run actions/checkout@v3	2026-01-08T08:33:35.3306795Z Receiving objects:  10% (31/305)
build	Run actions/checkout@v3	2026-01-08T08:33:35.3307298Z Receiving objects:  11% (34/305)
build	Run actions/checkout@v3	2026-01-08T08:33:35.3308062Z Receiving objects:  12% (37/305)
build	Run actions/checkout@v3	2026-01-08T08:33:35.3308715Z Receiving objects:  13% (40/305)
build	Run actions/checkout@v3	2026-01-08T08:33:35.3309527Z Receiving objects:  14% (43/305)
build	Run actions/checkout@v3	2026-01-08T08:33:35.3310039Z Receiving objects:  15% (46/305)
build	Run actions/checkout@v3	2026-01-08T08:33:35.3310544Z Receiving objects:  16% (49/305)
build	Run actions/checkout@v3	2026-01-08T08:33:35.3311035Z Receiving objects:  17% (52/305)
build	Run actions/checkout@v3	2026-01-08T08:33:35.3311515Z Receiving objects:  18% (55/305)
build	Run actions/checkout@v3	2026-01-08T08:33:35.3312003Z Receiving objects:  19% (58/305)
build	Run actions/checkout@v3	2026-01-08T08:33:35.3312524Z Receiving objects:  20% (61/305)
build	Run actions/checkout@v3	2026-01-08T08:33:35.3313008Z Receiving objects:  21% (65/305)
build	Run actions/checkout@v3	2026-01-08T08:33:35.3313496Z Receiving objects:  22% (68/305)
build	Run actions/checkout@v3	2026-01-08T08:33:35.3313984Z Receiving objects:  23% (71/305)
build	Run actions/checkout@v3	2026-01-08T08:33:35.3314714Z Receiving objects:  24% (74/305)
build	Run actions/checkout@v3	2026-01-08T08:33:35.3315228Z Receiving objects:  25% (77/305)
build	Run actions/checkout@v3	2026-01-08T08:33:35.3315723Z Receiving objects:  26% (80/305)
build	Run actions/checkout@v3	2026-01-08T08:33:35.3316207Z Receiving objects:  27% (83/305)
build	Run actions/checkout@v3	2026-01-08T08:33:35.3316689Z Receiving objects:  28% (86/305)
build	Run actions/checkout@v3	2026-01-08T08:33:35.3317179Z Receiving objects:  29% (89/305)
build	Run actions/checkout@v3	2026-01-08T08:33:35.3317668Z Receiving objects:  30% (92/305)
build	Run actions/checkout@v3	2026-01-08T08:33:35.3318158Z Receiving objects:  31% (95/305)
build	Run actions/checkout@v3	2026-01-08T08:33:35.3318826Z Receiving objects:  32% (98/305)
build	Run actions/checkout@v3	2026-01-08T08:33:35.3319324Z Receiving objects:  33% (101/305)
build	Run actions/checkout@v3	2026-01-08T08:33:35.3319830Z Receiving objects:  34% (104/305)
build	Run actions/checkout@v3	2026-01-08T08:33:35.3320384Z Receiving objects:  35% (107/305)
build	Run actions/checkout@v3	2026-01-08T08:33:35.3320930Z Receiving objects:  36% (110/305)
build	Run actions/checkout@v3	2026-01-08T08:33:35.3321479Z Receiving objects:  37% (113/305)
build	Run actions/checkout@v3	2026-01-08T08:33:35.3321995Z Receiving objects:  38% (116/305)
build	Run actions/checkout@v3	2026-01-08T08:33:35.3322489Z Receiving objects:  39% (119/305)
build	Run actions/checkout@v3	2026-01-08T08:33:35.3322973Z Receiving objects:  40% (122/305)
build	Run actions/checkout@v3	2026-01-08T08:33:35.3323510Z Receiving objects:  41% (126/305)
build	Run actions/checkout@v3	2026-01-08T08:33:35.3324371Z Receiving objects:  42% (129/305)
build	Run actions/checkout@v3	2026-01-08T08:33:35.3325292Z Receiving objects:  43% (132/305)
build	Run actions/checkout@v3	2026-01-08T08:33:35.3326092Z Receiving objects:  44% (135/305)
build	Run actions/checkout@v3	2026-01-08T08:33:35.3326604Z Receiving objects:  45% (138/305)
build	Run actions/checkout@v3	2026-01-08T08:33:35.3327103Z Receiving objects:  46% (141/305)
build	Run actions/checkout@v3	2026-01-08T08:33:36.3224603Z Receiving objects:  47% (144/305)
build	Run actions/checkout@v3	2026-01-08T08:33:36.6436098Z Receiving objects:  47% (145/305), 74.26 MiB | 74.26 MiB/s
build	Run actions/checkout@v3	2026-01-08T08:33:36.6437116Z Receiving objects:  48% (147/305), 74.26 MiB | 74.26 MiB/s
build	Run actions/checkout@v3	2026-01-08T08:33:36.6437991Z Receiving objects:  49% (150/305), 74.26 MiB | 74.26 MiB/s
build	Run actions/checkout@v3	2026-01-08T08:33:36.6438696Z Receiving objects:  50% (153/305), 74.26 MiB | 74.26 MiB/s
build	Run actions/checkout@v3	2026-01-08T08:33:36.6439396Z Receiving objects:  51% (156/305), 74.26 MiB | 74.26 MiB/s
build	Run actions/checkout@v3	2026-01-08T08:33:36.6440095Z Receiving objects:  52% (159/305), 74.26 MiB | 74.26 MiB/s
build	Run actions/checkout@v3	2026-01-08T08:33:36.6440800Z Receiving objects:  53% (162/305), 74.26 MiB | 74.26 MiB/s
build	Run actions/checkout@v3	2026-01-08T08:33:36.6441559Z Receiving objects:  54% (165/305), 74.26 MiB | 74.26 MiB/s
build	Run actions/checkout@v3	2026-01-08T08:33:36.6442283Z Receiving objects:  55% (168/305), 74.26 MiB | 74.26 MiB/s
build	Run actions/checkout@v3	2026-01-08T08:33:36.6443127Z Receiving objects:  56% (171/305), 74.26 MiB | 74.26 MiB/s
build	Run actions/checkout@v3	2026-01-08T08:33:36.6443829Z Receiving objects:  57% (174/305), 74.26 MiB | 74.26 MiB/s
build	Run actions/checkout@v3	2026-01-08T08:33:36.6444788Z Receiving objects:  58% (177/305), 74.26 MiB | 74.26 MiB/s
build	Run actions/checkout@v3	2026-01-08T08:33:36.6445674Z Receiving objects:  59% (180/305), 74.26 MiB | 74.26 MiB/s
build	Run actions/checkout@v3	2026-01-08T08:33:36.6446297Z Receiving objects:  60% (183/305), 74.26 MiB | 74.26 MiB/s
build	Run actions/checkout@v3	2026-01-08T08:33:36.6515131Z Receiving objects:  61% (187/305), 74.26 MiB | 74.26 MiB/s
build	Run actions/checkout@v3	2026-01-08T08:33:36.6515853Z Receiving objects:  62% (190/305), 74.26 MiB | 74.26 MiB/s
build	Run actions/checkout@v3	2026-01-08T08:33:36.6516555Z Receiving objects:  63% (193/305), 74.26 MiB | 74.26 MiB/s
build	Run actions/checkout@v3	2026-01-08T08:33:36.6517200Z Receiving objects:  64% (196/305), 74.26 MiB | 74.26 MiB/s
build	Run actions/checkout@v3	2026-01-08T08:33:36.6517722Z Receiving objects:  65% (199/305), 74.26 MiB | 74.26 MiB/s
build	Run actions/checkout@v3	2026-01-08T08:33:36.6518308Z Receiving objects:  66% (202/305), 74.26 MiB | 74.26 MiB/s
build	Run actions/checkout@v3	2026-01-08T08:33:36.6518837Z Receiving objects:  67% (205/305), 74.26 MiB | 74.26 MiB/s
build	Run actions/checkout@v3	2026-01-08T08:33:36.6519411Z Receiving objects:  68% (208/305), 74.26 MiB | 74.26 MiB/s
build	Run actions/checkout@v3	2026-01-08T08:33:36.6519911Z Receiving objects:  69% (211/305), 74.26 MiB | 74.26 MiB/s
build	Run actions/checkout@v3	2026-01-08T08:33:36.6525551Z Receiving objects:  70% (214/305), 74.26 MiB | 74.26 MiB/s
build	Run actions/checkout@v3	2026-01-08T08:33:36.6526545Z Receiving objects:  71% (217/305), 74.26 MiB | 74.26 MiB/s
build	Run actions/checkout@v3	2026-01-08T08:33:36.6527219Z Receiving objects:  72% (220/305), 74.26 MiB | 74.26 MiB/s
build	Run actions/checkout@v3	2026-01-08T08:33:36.6527884Z Receiving objects:  73% (223/305), 74.26 MiB | 74.26 MiB/s
build	Run actions/checkout@v3	2026-01-08T08:33:36.6528692Z Receiving objects:  74% (226/305), 74.26 MiB | 74.26 MiB/s
build	Run actions/checkout@v3	2026-01-08T08:33:36.6529426Z Receiving objects:  75% (229/305), 74.26 MiB | 74.26 MiB/s
build	Run actions/checkout@v3	2026-01-08T08:33:36.6530240Z Receiving objects:  76% (232/305), 74.26 MiB | 74.26 MiB/s
build	Run actions/checkout@v3	2026-01-08T08:33:36.6530858Z Receiving objects:  77% (235/305), 74.26 MiB | 74.26 MiB/s
build	Run actions/checkout@v3	2026-01-08T08:33:36.6611491Z Receiving objects:  78% (238/305), 74.26 MiB | 74.26 MiB/s
build	Run actions/checkout@v3	2026-01-08T08:33:36.6615412Z Receiving objects:  79% (241/305), 74.26 MiB | 74.26 MiB/s
build	Run actions/checkout@v3	2026-01-08T08:33:36.6616173Z remote: Total 305 (delta 21), reused 296 (delta 17), pack-reused 0 (from 0)        
build	Run actions/checkout@v3	2026-01-08T08:33:36.6623311Z Receiving objects:  80% (244/305), 74.26 MiB | 74.26 MiB/s
build	Run actions/checkout@v3	2026-01-08T08:33:36.6624672Z Receiving objects:  81% (248/305), 74.26 MiB | 74.26 MiB/s
build	Run actions/checkout@v3	2026-01-08T08:33:36.6625336Z Receiving objects:  82% (251/305), 74.26 MiB | 74.26 MiB/s
build	Run actions/checkout@v3	2026-01-08T08:33:36.6626038Z Receiving objects:  83% (254/305), 74.26 MiB | 74.26 MiB/s
build	Run actions/checkout@v3	2026-01-08T08:33:36.6626746Z Receiving objects:  84% (257/305), 74.26 MiB | 74.26 MiB/s
build	Run actions/checkout@v3	2026-01-08T08:33:36.6627388Z Receiving objects:  85% (260/305), 74.26 MiB | 74.26 MiB/s
build	Run actions/checkout@v3	2026-01-08T08:33:36.6628114Z Receiving objects:  86% (263/305), 74.26 MiB | 74.26 MiB/s
build	Run actions/checkout@v3	2026-01-08T08:33:36.6629565Z Receiving objects:  87% (266/305), 74.26 MiB | 74.26 MiB/s
build	Run actions/checkout@v3	2026-01-08T08:33:36.6630424Z Receiving objects:  88% (269/305), 74.26 MiB | 74.26 MiB/s
build	Run actions/checkout@v3	2026-01-08T08:33:36.6633551Z Receiving objects:  89% (272/305), 74.26 MiB | 74.26 MiB/s
build	Run actions/checkout@v3	2026-01-08T08:33:36.6635004Z Receiving objects:  90% (275/305), 74.26 MiB | 74.26 MiB/s
build	Run actions/checkout@v3	2026-01-08T08:33:36.6635721Z Receiving objects:  91% (278/305), 74.26 MiB | 74.26 MiB/s
build	Run actions/checkout@v3	2026-01-08T08:33:36.6636390Z Receiving objects:  92% (281/305), 74.26 MiB | 74.26 MiB/s
build	Run actions/checkout@v3	2026-01-08T08:33:36.6637173Z Receiving objects:  93% (284/305), 74.26 MiB | 74.26 MiB/s
build	Run actions/checkout@v3	2026-01-08T08:33:36.6637891Z Receiving objects:  94% (287/305), 74.26 MiB | 74.26 MiB/s
build	Run actions/checkout@v3	2026-01-08T08:33:36.6638532Z Receiving objects:  95% (290/305), 74.26 MiB | 74.26 MiB/s
build	Run actions/checkout@v3	2026-01-08T08:33:36.6639213Z Receiving objects:  96% (293/305), 74.26 MiB | 74.26 MiB/s
build	Run actions/checkout@v3	2026-01-08T08:33:36.6639904Z Receiving objects:  97% (296/305), 74.26 MiB | 74.26 MiB/s
build	Run actions/checkout@v3	2026-01-08T08:33:36.6640433Z Receiving objects:  98% (299/305), 74.26 MiB | 74.26 MiB/s
build	Run actions/checkout@v3	2026-01-08T08:33:36.6640840Z Receiving objects:  99% (302/305), 74.26 MiB | 74.26 MiB/s
build	Run actions/checkout@v3	2026-01-08T08:33:36.6641232Z Receiving objects: 100% (305/305), 74.26 MiB | 74.26 MiB/s
build	Run actions/checkout@v3	2026-01-08T08:33:36.6641633Z Receiving objects: 100% (305/305), 97.76 MiB | 72.91 MiB/s, done.
build	Run actions/checkout@v3	2026-01-08T08:33:36.6642007Z Resolving deltas:   0% (0/21)
build	Run actions/checkout@v3	2026-01-08T08:33:36.6647427Z Resolving deltas:   4% (1/21)
build	Run actions/checkout@v3	2026-01-08T08:33:36.6647973Z Resolving deltas:   9% (2/21)
build	Run actions/checkout@v3	2026-01-08T08:33:36.6648458Z Resolving deltas:  14% (3/21)
build	Run actions/checkout@v3	2026-01-08T08:33:36.6649150Z Resolving deltas:  19% (4/21)
build	Run actions/checkout@v3	2026-01-08T08:33:36.6649617Z Resolving deltas:  23% (5/21)
build	Run actions/checkout@v3	2026-01-08T08:33:36.6650060Z Resolving deltas:  28% (6/21)
build	Run actions/checkout@v3	2026-01-08T08:33:36.6650515Z Resolving deltas:  33% (7/21)
build	Run actions/checkout@v3	2026-01-08T08:33:36.6650990Z Resolving deltas:  38% (8/21)
build	Run actions/checkout@v3	2026-01-08T08:33:36.6651476Z Resolving deltas:  42% (9/21)
build	Run actions/checkout@v3	2026-01-08T08:33:36.6651922Z Resolving deltas:  47% (10/21)
build	Run actions/checkout@v3	2026-01-08T08:33:36.6652348Z Resolving deltas:  52% (11/21)
build	Run actions/checkout@v3	2026-01-08T08:33:36.6652760Z Resolving deltas:  57% (12/21)
build	Run actions/checkout@v3	2026-01-08T08:33:36.6653110Z Resolving deltas:  61% (13/21)
build	Run actions/checkout@v3	2026-01-08T08:33:36.6653379Z Resolving deltas:  66% (14/21)
build	Run actions/checkout@v3	2026-01-08T08:33:36.6653641Z Resolving deltas:  71% (15/21)
build	Run actions/checkout@v3	2026-01-08T08:33:36.6653894Z Resolving deltas:  76% (16/21)
build	Run actions/checkout@v3	2026-01-08T08:33:36.6654145Z Resolving deltas:  80% (17/21)
build	Run actions/checkout@v3	2026-01-08T08:33:36.6654657Z Resolving deltas:  85% (18/21)
build	Run actions/checkout@v3	2026-01-08T08:33:36.6654922Z Resolving deltas:  90% (19/21)
build	Run actions/checkout@v3	2026-01-08T08:33:36.6655197Z Resolving deltas:  95% (20/21)
build	Run actions/checkout@v3	2026-01-08T08:33:36.6655552Z Resolving deltas: 100% (21/21)
build	Run actions/checkout@v3	2026-01-08T08:33:36.6655884Z Resolving deltas: 100% (21/21), done.
build	Run actions/checkout@v3	2026-01-08T08:33:36.6956195Z From https://github.com/ImL1s/web3-kmp
build	Run actions/checkout@v3	2026-01-08T08:33:36.6956980Z  * [new ref]         1f8d9be816858e6a063a21401a79f11d43a3e253 -> origin/master
build	Run actions/checkout@v3	2026-01-08T08:33:36.6989247Z ##[endgroup]
build	Run actions/checkout@v3	2026-01-08T08:33:36.6989707Z ##[group]Determining the checkout info
build	Run actions/checkout@v3	2026-01-08T08:33:36.6991665Z ##[endgroup]
build	Run actions/checkout@v3	2026-01-08T08:33:36.6992096Z ##[group]Checking out the ref
build	Run actions/checkout@v3	2026-01-08T08:33:36.6995821Z [command]/usr/bin/git checkout --progress --force -B master refs/remotes/origin/master
build	Run actions/checkout@v3	2026-01-08T08:33:36.8853142Z Reset branch 'master'
build	Run actions/checkout@v3	2026-01-08T08:33:36.8855111Z branch 'master' set up to track 'origin/master'.
build	Run actions/checkout@v3	2026-01-08T08:33:36.8894441Z ##[endgroup]
build	Run actions/checkout@v3	2026-01-08T08:33:36.8937982Z [command]/usr/bin/git log -1 --format='%H'
build	Run actions/checkout@v3	2026-01-08T08:33:36.8961920Z '1f8d9be816858e6a063a21401a79f11d43a3e253'
build	Set up JDK 17	ï»¿2026-01-08T08:33:36.9200596Z ##[group]Run actions/setup-java@v3
build	Set up JDK 17	2026-01-08T08:33:36.9201008Z with:
build	Set up JDK 17	2026-01-08T08:33:36.9201183Z   java-version: 17
build	Set up JDK 17	2026-01-08T08:33:36.9201359Z   distribution: temurin
build	Set up JDK 17	2026-01-08T08:33:36.9201556Z   java-package: jdk
build	Set up JDK 17	2026-01-08T08:33:36.9201731Z   check-latest: false
build	Set up JDK 17	2026-01-08T08:33:36.9201911Z   server-id: github
build	Set up JDK 17	2026-01-08T08:33:36.9202089Z   server-username: GITHUB_ACTOR
build	Set up JDK 17	2026-01-08T08:33:36.9202306Z   server-password: GITHUB_TOKEN
build	Set up JDK 17	2026-01-08T08:33:36.9202532Z   overwrite-settings: true
build	Set up JDK 17	2026-01-08T08:33:36.9202724Z   job-status: success
build	Set up JDK 17	2026-01-08T08:33:36.9203023Z   token: ***
build	Set up JDK 17	2026-01-08T08:33:36.9203193Z ##[endgroup]
build	Set up JDK 17	2026-01-08T08:33:37.1164853Z ##[group]Installed distributions
build	Set up JDK 17	2026-01-08T08:33:37.1231720Z Resolved Java 17.0.17+10 from tool-cache
build	Set up JDK 17	2026-01-08T08:33:37.1232275Z Setting Java 17.0.17+10 as the default
build	Set up JDK 17	2026-01-08T08:33:37.1245742Z Creating toolchains.xml for JDK version 17 from temurin
build	Set up JDK 17	2026-01-08T08:33:37.1322110Z Writing to /home/runner/.m2/toolchains.xml
build	Set up JDK 17	2026-01-08T08:33:37.1322667Z 
build	Set up JDK 17	2026-01-08T08:33:37.1323126Z Java configuration:
build	Set up JDK 17	2026-01-08T08:33:37.1327786Z   Distribution: temurin
build	Set up JDK 17	2026-01-08T08:33:37.1328169Z   Version: 17.0.17+10
build	Set up JDK 17	2026-01-08T08:33:37.1328695Z   Path: /opt/hostedtoolcache/Java_Temurin-Hotspot_jdk/17.0.17-10/x64
build	Set up JDK 17	2026-01-08T08:33:37.1329170Z 
build	Set up JDK 17	2026-01-08T08:33:37.1329643Z ##[endgroup]
build	Set up JDK 17	2026-01-08T08:33:37.1344080Z Creating settings.xml with server-id: github
build	Set up JDK 17	2026-01-08T08:33:37.1353082Z Writing to /home/runner/.m2/settings.xml
build	Setup Gradle	ï»¿2026-01-08T08:33:37.1512141Z ##[group]Run gradle/gradle-build-action@v2
build	Setup Gradle	2026-01-08T08:33:37.1512420Z with:
build	Setup Gradle	2026-01-08T08:33:37.1512586Z   cache-disabled: false
build	Setup Gradle	2026-01-08T08:33:37.1512787Z   cache-read-only: false
build	Setup Gradle	2026-01-08T08:33:37.1512982Z   cache-write-only: false
build	Setup Gradle	2026-01-08T08:33:37.1513198Z   cache-overwrite-existing: false
build	Setup Gradle	2026-01-08T08:33:37.1513466Z   gradle-home-cache-includes: caches
build	Setup Gradle	notifications
build	Setup Gradle	
build	Setup Gradle	2026-01-08T08:33:37.1513767Z   gradle-home-cache-cleanup: false
build	Setup Gradle	2026-01-08T08:33:37.1514006Z   generate-job-summary: true
build	Setup Gradle	2026-01-08T08:33:37.1514414Z   dependency-graph: disabled
build	Setup Gradle	2026-01-08T08:33:37.1514732Z   gradle-home-cache-strict-match: false
build	Setup Gradle	2026-01-08T08:33:37.1514979Z   workflow-job-context: null
build	Setup Gradle	2026-01-08T08:33:37.1515337Z   github-token: ***
build	Setup Gradle	2026-01-08T08:33:37.1515514Z env:
build	Setup Gradle	2026-01-08T08:33:37.1515783Z   JAVA_HOME: /opt/hostedtoolcache/Java_Temurin-Hotspot_jdk/17.0.17-10/x64
build	Setup Gradle	2026-01-08T08:33:37.1516221Z   JAVA_HOME_17_X64: /opt/hostedtoolcache/Java_Temurin-Hotspot_jdk/17.0.17-10/x64
build	Setup Gradle	2026-01-08T08:33:37.1516546Z ##[endgroup]
build	Setup Gradle	2026-01-08T08:33:37.4050707Z ##[group]Restore Gradle state from cache
build	Setup Gradle	2026-01-08T08:33:37.5001142Z ##[warning]Failed to restore v8-gradle|Linux|build and check-build[37a6259cc0c1dae299a7866489dff0bd]-1f8d9be816858e6a063a21401a79f11d43a3e253: Error: Cache service responded with 400
build	Setup Gradle	2026-01-08T08:33:37.5024489Z Gradle User Home cache not found. Will initialize empty.
build	Setup Gradle	2026-01-08T08:33:37.5025314Z ##[endgroup]
build	Grant execute permission for gradlew	ï»¿2026-01-08T08:33:37.5138003Z ##[group]Run chmod +x gradlew
build	Grant execute permission for gradlew	2026-01-08T08:33:37.5138301Z [36;1mchmod +x gradlew[0m
build	Grant execute permission for gradlew	2026-01-08T08:33:37.5175369Z shell: /usr/bin/bash -e {0}
build	Grant execute permission for gradlew	2026-01-08T08:33:37.5175616Z env:
build	Grant execute permission for gradlew	2026-01-08T08:33:37.5175891Z   JAVA_HOME: /opt/hostedtoolcache/Java_Temurin-Hotspot_jdk/17.0.17-10/x64
build	Grant execute permission for gradlew	2026-01-08T08:33:37.5176365Z   JAVA_HOME_17_X64: /opt/hostedtoolcache/Java_Temurin-Hotspot_jdk/17.0.17-10/x64
build	Grant execute permission for gradlew	2026-01-08T08:33:37.5176726Z   GRADLE_BUILD_ACTION_SETUP_COMPLETED: true
build	Grant execute permission for gradlew	2026-01-08T08:33:37.5176992Z   GRADLE_BUILD_ACTION_CACHE_RESTORED: true
build	Grant execute permission for gradlew	2026-01-08T08:33:37.5177219Z ##[endgroup]
build	Build and Check	ï»¿2026-01-08T08:33:37.5285602Z ##[group]Run ./gradlew check
build	Build and Check	2026-01-08T08:33:37.5285863Z [36;1m./gradlew check[0m
build	Build and Check	2026-01-08T08:33:37.5317592Z shell: /usr/bin/bash -e {0}
build	Build and Check	2026-01-08T08:33:37.5317808Z env:
build	Build and Check	2026-01-08T08:33:37.5318077Z   JAVA_HOME: /opt/hostedtoolcache/Java_Temurin-Hotspot_jdk/17.0.17-10/x64
build	Build and Check	2026-01-08T08:33:37.5318538Z   JAVA_HOME_17_X64: /opt/hostedtoolcache/Java_Temurin-Hotspot_jdk/17.0.17-10/x64
build	Build and Check	2026-01-08T08:33:37.5318909Z   GRADLE_BUILD_ACTION_SETUP_COMPLETED: true
build	Build and Check	2026-01-08T08:33:37.5319166Z   GRADLE_BUILD_ACTION_CACHE_RESTORED: true
build	Build and Check	2026-01-08T08:33:37.5319560Z ##[endgroup]
build	Build and Check	2026-01-08T08:33:37.6366628Z Downloading https://services.gradle.org/distributions/gradle-8.14.3-bin.zip
build	Build and Check	2026-01-08T08:33:39.0775902Z .............10%.............20%.............30%.............40%.............50%.............60%.............70%.............80%.............90%..............100%
build	Build and Check	2026-01-08T08:33:40.2641680Z 
build	Build and Check	2026-01-08T08:33:40.2642773Z Welcome to Gradle 8.14.3!
build	Build and Check	2026-01-08T08:33:40.2643202Z 
build	Build and Check	2026-01-08T08:33:40.2643551Z Here are the highlights of this release:
build	Build and Check	2026-01-08T08:33:40.2644083Z  - Java 24 support
build	Build and Check	2026-01-08T08:33:40.2644632Z  - GraalVM Native Image toolchain selection
build	Build and Check	2026-01-08T08:33:40.2645210Z  - Enhancements to test reporting
build	Build and Check	2026-01-08T08:33:40.2645650Z  - Build Authoring improvements
build	Build and Check	2026-01-08T08:33:40.2646084Z 
build	Build and Check	2026-01-08T08:33:40.2646436Z For more details see https://docs.gradle.org/8.14.3/release-notes.html
build	Build and Check	2026-01-08T08:33:40.2646919Z 
build	Build and Check	2026-01-08T08:33:40.3619711Z Starting a Gradle Daemon (subsequent builds will be faster)
build	Build and Check	2026-01-08T08:35:20.4617870Z 
build	Build and Check	2026-01-08T08:35:20.4620055Z FAILURE: Build failed with an exception.
build	Build and Check	2026-01-08T08:35:20.4627172Z 
build	Build and Check	2026-01-08T08:35:20.4627382Z * Where:
build	Build and Check	2026-01-08T08:35:20.4627985Z Build file '/home/runner/work/web3-kmp/web3-kmp/packages/bip21/build.gradle.kts' line: 3
build	Build and Check	2026-01-08T08:35:20.4628544Z 
build	Build and Check	2026-01-08T08:35:20.4628666Z * What went wrong:
build	Build and Check	2026-01-08T08:35:20.4629167Z Error resolving plugin [id: 'org.jetbrains.kotlin.jvm', version: '2.1.0']
build	Build and Check	2026-01-08T08:35:20.4650484Z > The request for this plugin could not be satisfied because the plugin is already on the classpath with an unknown version, so compatibility cannot be checked.
build	Build and Check	2026-01-08T08:35:20.4651473Z 
build	Build and Check	2026-01-08T08:35:20.4651592Z * Try:
build	Build and Check	2026-01-08T08:35:20.4651975Z > Run with --stacktrace option to get the stack trace.
build	Build and Check	2026-01-08T08:35:20.4652546Z > Run with --info or --debug option to get more log output.
build	Build and Check	2026-01-08T08:35:20.4653069Z > Run with --scan to get full insights.
build	Build and Check	2026-01-08T08:35:20.4653551Z > Get more help at https://help.gradle.org.
build	Build and Check	2026-01-08T08:35:20.4653896Z 
build	Build and Check	2026-01-08T08:35:20.4654025Z BUILD FAILED in 1m 42s
build	Build and Check	2026-01-08T08:35:20.8267064Z ##[error]Process completed with exit code 1.
build	Post Setup Gradle	ï»¿2026-01-08T08:35:20.8350960Z Post job cleanup.
build	Post Setup Gradle	2026-01-08T08:35:20.9931185Z In final post-action step, saving state and writing summary
build	Post Setup Gradle	2026-01-08T08:35:20.9937909Z Stopping all Gradle daemons before saving Gradle User Home state
build	Post Setup Gradle	2026-01-08T08:35:20.9942632Z ##[group]Caching Gradle state
build	Post Setup Gradle	2026-01-08T08:35:21.0049821Z Caching generated-gradle-jars with path '/home/runner/.gradle/caches/8.14.3/generated-gradle-jars/gradle-api-8.14.3.jar' and cache key: generated-gradle-jars-4434c59050703a48bf14168622b59891
build	Post Setup Gradle	2026-01-08T08:35:21.0092079Z Caching wrapper-zips with path '/home/runner/.gradle/wrapper/dists/gradle-8.14.3-bin/cv11ve7ro1n3o1j4so8xd9n66' and cache key: wrapper-zips-5ae5d3da5e8e0c748d04bcdd9bc97bdb
build	Post Setup Gradle	2026-01-08T08:35:21.0318848Z [command]/usr/bin/tar --posix -cf cache.tzst --exclude cache.tzst -P -C /home/runner/work/web3-kmp/web3-kmp --files-from manifest.txt --use-compress-program zstdmt
build	Post Setup Gradle	2026-01-08T08:35:21.0357174Z [command]/usr/bin/tar --posix -cf cache.tzst --exclude cache.tzst -P -C /home/runner/work/web3-kmp/web3-kmp --files-from manifest.txt --use-compress-program zstdmt
build	Post Setup Gradle	2026-01-08T08:35:21.5429381Z Caching dependencies with path '/home/runner/.gradle/caches/modules-*/files-*/*/*/*/*' and cache key: dependencies-474cfcdd842c381b6ffba2cf3331f277
build	Post Setup Gradle	2026-01-08T08:35:21.5765832Z Caching instrumented-jars with path '/home/runner/.gradle/caches/jars-*/*' and cache key: instrumented-jars-95b7e2b5493ea7df9cecfe22df7a3bdc
build	Post Setup Gradle	2026-01-08T08:35:21.6433408Z Caching kotlin-dsl with path '/home/runner/.gradle/caches/*/kotlin-dsl/*/*' and cache key: kotlin-dsl-8fcf19c55e22d52ea88943c7e3bc4ba6
build	Post Setup Gradle	2026-01-08T08:35:21.6602748Z [command]/usr/bin/tar --posix -cf cache.tzst --exclude cache.tzst -P -C /home/runner/work/web3-kmp/web3-kmp --files-from manifest.txt --use-compress-program zstdmt
build	Post Setup Gradle	2026-01-08T08:35:21.6884780Z [command]/usr/bin/tar --posix -cf cache.tzst --exclude cache.tzst -P -C /home/runner/work/web3-kmp/web3-kmp --files-from manifest.txt --use-compress-program zstdmt
build	Post Setup Gradle	2026-01-08T08:35:21.8405782Z ##[warning]Failed to save cache entry with path '/home/runner/.gradle/caches/jars-*/*,zstd-without-long,1.0' and key: instrumented-jars-95b7e2b5493ea7df9cecfe22df7a3bdc: Error: <h2>Our services aren't available right now</h2><p>We're working to restore all services as soon as possible. Please check back soon.</p>0SWxfaQAAAADn5VgckrTmQakR6MRgKWqMUEhMMzBFREdFMDExNgBFZGdl
build	Post Setup Gradle	2026-01-08T08:35:21.8593225Z ##[warning]Failed to save cache entry with path '/home/runner/.gradle/caches/*/kotlin-dsl/*/*,zstd-without-long,1.0' and key: kotlin-dsl-8fcf19c55e22d52ea88943c7e3bc4ba6: Error: <h2>Our services aren't available right now</h2><p>We're working to restore all services as soon as possible. Please check back soon.</p>0SWxfaQAAAACl0qIo3kPvQrjeHQOC7658UEhMMzBFREdFMDIxOQBFZGdl
build	Post Setup Gradle	2026-01-08T08:35:21.9495448Z ##[warning]Failed to save cache entry with path '/home/runner/.gradle/wrapper/dists/gradle-8.14.3-bin/cv11ve7ro1n3o1j4so8xd9n66,zstd-without-long,1.0' and key: wrapper-zips-5ae5d3da5e8e0c748d04bcdd9bc97bdb: Error: <h2>Our services aren't available right now</h2><p>We're working to restore all services as soon as possible. Please check back soon.</p>0SWxfaQAAAACWoN1fCV0XQYtWdkfBq9hGUEhMMzBFREdFMDIxOQBFZGdl
build	Post Setup Gradle	2026-01-08T08:35:21.9583374Z ##[warning]Failed to save cache entry with path '/home/runner/.gradle/caches/8.14.3/generated-gradle-jars/gradle-api-8.14.3.jar,zstd-without-long,1.0' and key: generated-gradle-jars-4434c59050703a48bf14168622b59891: Error: <h2>Our services aren't available right now</h2><p>We're working to restore all services as soon as possible. Please check back soon.</p>0SWxfaQAAAADhemyGlqqYT5BDWRKelEhZUEhMMzBFREdFMDIxOQBFZGdl
build	Post Setup Gradle	2026-01-08T08:35:22.0742404Z [command]/usr/bin/tar --posix -cf cache.tzst --exclude cache.tzst -P -C /home/runner/work/web3-kmp/web3-kmp --files-from manifest.txt --use-compress-program zstdmt
build	Post Setup Gradle	2026-01-08T08:35:22.4361596Z ##[warning]Failed to save cache entry with path '/home/runner/.gradle/caches/modules-*/files-*/*/*/*/*,zstd-without-long,1.0' and key: dependencies-474cfcdd842c381b6ffba2cf3331f277: Error: <h2>Our services aren't available right now</h2><p>We're working to restore all services as soon as possible. Please check back soon.</p>0SmxfaQAAAADQeMtWeCZdS6mvr5AGCej9UEhMMzBFREdFMDIxOQBFZGdl
build	Post Setup Gradle	2026-01-08T08:35:22.4800626Z Caching Gradle User Home with cache key: v8-gradle|Linux|build and check-build[37a6259cc0c1dae299a7866489dff0bd]-1f8d9be816858e6a063a21401a79f11d43a3e253
build	Post Setup Gradle	2026-01-08T08:35:22.4881047Z [command]/usr/bin/tar --posix -cf cache.tzst --exclude cache.tzst -P -C /home/runner/work/web3-kmp/web3-kmp --files-from manifest.txt --use-compress-program zstdmt
build	Post Setup Gradle	2026-01-08T08:35:23.3240484Z ##[warning]Failed to save cache entry with path '/home/runner/.gradle/caches,/home/runner/.gradle/notifications,/home/runner/.gradle/.gradle-build-action,zstd-without-long,1.0' and key: v8-gradle|Linux|build and check-build[37a6259cc0c1dae299a7866489dff0bd]-1f8d9be816858e6a063a21401a79f11d43a3e253: Error: <h2>Our services aren't available right now</h2><p>We're working to restore all services as soon as possible. Please check back soon.</p>0S2xfaQAAAACwI0pBDOv5SIEhEScc2Ov+UEhMMzBFREdFMDIxOQBFZGdl
build	Post Setup Gradle	2026-01-08T08:35:23.3243428Z ##[endgroup]
build	Post Setup Gradle	2026-01-08T08:35:23.3243624Z Writing job summary
build	Post Set up JDK 17	ï»¿2026-01-08T08:35:23.3424945Z Post job cleanup.
build	Post Run actions/checkout@v3	ï»¿2026-01-08T08:35:23.5160461Z Post job cleanup.
build	Post Run actions/checkout@v3	2026-01-08T08:35:23.5888897Z [command]/usr/bin/git version
build	Post Run actions/checkout@v3	2026-01-08T08:35:23.5936661Z git version 2.52.0
build	Post Run actions/checkout@v3	2026-01-08T08:35:23.5999986Z Temporarily overriding HOME='/home/runner/work/_temp/e6f81291-d73e-41e1-93de-2cd66b3ead80' before making global git config changes
build	Post Run actions/checkout@v3	2026-01-08T08:35:23.6000964Z Adding repository directory to the temporary git global config as a safe directory
build	Post Run actions/checkout@v3	2026-01-08T08:35:23.6006273Z [command]/usr/bin/git config --global --add safe.directory /home/runner/work/web3-kmp/web3-kmp
build	Post Run actions/checkout@v3	2026-01-08T08:35:23.6042705Z [command]/usr/bin/git config --local --name-only --get-regexp core\.sshCommand
build	Post Run actions/checkout@v3	2026-01-08T08:35:23.6075867Z [command]/usr/bin/git submodule foreach --recursive sh -c "git config --local --name-only --get-regexp 'core\.sshCommand' && git config --local --unset-all 'core.sshCommand' || :"
build	Post Run actions/checkout@v3	2026-01-08T08:35:23.6310280Z fatal: No url found for submodule path 'packages/address' in .gitmodules
build	Post Run actions/checkout@v3	2026-01-08T08:35:23.6339425Z ##[warning]The process '/usr/bin/git' failed with exit code 128
build	Complete job	ï»¿2026-01-08T08:35:23.6420204Z Cleaning up orphan processes
build	Complete job	2026-01-08T08:35:23.6679326Z Terminate orphan process: pid (2214) (java)
